Archive member included to satisfy reference by file (symbol)

libdriverlib.a(adc.c.obj)     CMakeFiles/rotor-controller.elf.dir/src/adc.c.obj (ADCIntEnable)
libdriverlib.a(eeprom.c.obj)  CMakeFiles/rotor-controller.elf.dir/src/net_persist.c.obj (EEPROMInit)
libdriverlib.a(gpio.c.obj)    CMakeFiles/rotor-controller.elf.dir/src/main.c.obj (GPIOPadConfigSet)
libdriverlib.a(i2c.c.obj)     CMakeFiles/rotor-controller.elf.dir/src/display.c.obj (I2CMasterInitExpClk)
libdriverlib.a(interrupt.c.obj)
                              CMakeFiles/rotor-controller.elf.dir/src/tick.c.obj (IntMasterEnable)
libdriverlib.a(ssi.c.obj)     CMakeFiles/rotor-controller.elf.dir/src/net.c.obj (SSIConfigSetExpClk)
libdriverlib.a(sysctl.c.obj)  CMakeFiles/rotor-controller.elf.dir/lib/tivaware/utils/uartstdio.c.obj (SysCtlPeripheralPresent)
libdriverlib.a(systick.c.obj)
                              CMakeFiles/rotor-controller.elf.dir/src/tick.c.obj (SysTickEnable)
libdriverlib.a(timer.c.obj)   CMakeFiles/rotor-controller.elf.dir/src/adc.c.obj (TimerEnable)
libdriverlib.a(uart.c.obj)    CMakeFiles/rotor-controller.elf.dir/lib/tivaware/utils/uartstdio.c.obj (UARTEnable)
libdriverlib.a(udma.c.obj)    CMakeFiles/rotor-controller.elf.dir/src/adc.c.obj (uDMAEnable)
libdriverlib.a(watchdog.c.obj)
                              CMakeFiles/rotor-controller.elf.dir/src/main.c.obj (WatchdogEnable)
libdriverlib.a(cpu.c.obj)     libdriverlib.a(interrupt.c.obj) (CPUcpsid)
libwiznet.a(wizchip_conf.c.obj)
                              CMakeFiles/rotor-controller.elf.dir/src/net.c.obj (reg_wizchip_cs_cbfunc)
libwiznet.a(w5500.c.obj)      CMakeFiles/rotor-controller.elf.dir/src/net.c.obj (WIZCHIP_READ)
libwiznet.a(socket.c.obj)     CMakeFiles/rotor-controller.elf.dir/src/net.c.obj (close)
/usr/lib/gcc/arm-none-eabi/14.2.1/../../../arm-none-eabi/lib/thumb/v7e-m+fp/hard/libc_nano.a(libc_a-memmove.o)
                              CMakeFiles/rotor-controller.elf.dir/src/net.c.obj (memmove)
/usr/lib/gcc/arm-none-eabi/14.2.1/../../../arm-none-eabi/lib/thumb/v7e-m+fp/hard/libc_nano.a(libc_a-strtod.o)
                              CMakeFiles/rotor-controller.elf.dir/src/protocol.c.obj (strtof)
/usr/lib/gcc/arm-none-eabi/14.2.1/../../../arm-none-eabi/lib/thumb/v7e-m+fp/hard/libc_nano.a(libc_a-gdtoa-gethex.o)
                              /usr/lib/gcc/arm-none-eabi/14.2.1/../../../arm-none-eabi/lib/thumb/v7e-m+fp/hard/libc_nano.a(libc_a-strtod.o) (__gethex)
/usr/lib/gcc/arm-none-eabi/14.2.1/../../../arm-none-eabi/lib/thumb/v7e-m+fp/hard/libc_nano.a(libc_a-strtoul.o)
                              CMakeFiles/rotor-controller.elf.dir/src/protocol.c.obj (strtoul)
/usr/lib/gcc/arm-none-eabi/14.2.1/../../../arm-none-eabi/lib/thumb/v7e-m+fp/hard/libc_nano.a(libc_a-init.o)
                              /usr/lib/gcc/arm-none-eabi/14.2.1/../../../arm-none-eabi/lib/thumb/v7e-m+fp/hard/crt0.o (__libc_init_array)
/usr/lib/gcc/arm-none-eabi/14.2.1/../../../arm-none-eabi/lib/thumb/v7e-m+fp/hard/libc_nano.a(libc_a-sscanf.o)
                              CMakeFiles/rotor-controller.elf.dir/src/protocol.c.obj (sscanf)
/usr/lib/gcc/arm-none-eabi/14.2.1/../../../arm-none-eabi/lib/thumb/v7e-m+fp/hard/libc_nano.a(libc_a-strstr.o)
                              CMakeFiles/rotor-controller.elf.dir/src/protocol.c.obj (strstr)
/usr/lib/gcc/arm-none-eabi/14.2.1/../../../arm-none-eabi/lib/thumb/v7e-m+fp/hard/libc_nano.a(libc_a-memset.o)
                              /usr/lib/gcc/arm-none-eabi/14.2.1/../../../arm-none-eabi/lib/thumb/v7e-m+fp/hard/crt0.o (memset)
/usr/lib/gcc/arm-none-eabi/14.2.1/../../../arm-none-eabi/lib/thumb/v7e-m+fp/hard/libc_nano.a(libc_a-memcmp.o)
                              /usr/lib/gcc/arm-none-eabi/14.2.1/../../../arm-none-eabi/lib/thumb/v7e-m+fp/hard/libc_nano.a(libc_a-strstr.o) (memcmp)
/usr/lib/gcc/arm-none-eabi/14.2.1/../../../arm-none-eabi/lib/thumb/v7e-m+fp/hard/libc_nano.a(libc_a-strcmp.o)
                              CMakeFiles/rotor-controller.elf.dir/src/protocol.c.obj (strcmp)
/usr/lib/gcc/arm-none-eabi/14.2.1/../../../arm-none-eabi/lib/thumb/v7e-m+fp/hard/libc_nano.a(libc_a-strncmp.o)
                              CMakeFiles/rotor-controller.elf.dir/src/protocol.c.obj (strncmp)
/usr/lib/gcc/arm-none-eabi/14.2.1/../../../arm-none-eabi/lib/thumb/v7e-m+fp/hard/libc_nano.a(libc_a-locale.o)
                              /usr/lib/gcc/arm-none-eabi/14.2.1/../../../arm-none-eabi/lib/thumb/v7e-m+fp/hard/libc_nano.a(libc_a-strtod.o) (__global_locale)
/usr/lib/gcc/arm-none-eabi/14.2.1/../../../arm-none-eabi/lib/thumb/v7e-m+fp/hard/libc_nano.a(libc_a-memcpy.o)
                              CMakeFiles/rotor-controller.elf.dir/src/state_machine.c.obj (memcpy)
/usr/lib/gcc/arm-none-eabi/14.2.1/../../../arm-none-eabi/lib/thumb/v7e-m+fp/hard/libc_nano.a(libc_a-wctomb_r.o)
                              /usr/lib/gcc/arm-none-eabi/14.2.1/../../../arm-none-eabi/lib/thumb/v7e-m+fp/hard/libc_nano.a(libc_a-locale.o) (__ascii_wctomb)
[...]
Memory Configuration

Name             Origin             Length             Attributes
FLASH            0x00000000         0x00040000         xr
SRAM             0x20000000         0x00008000         xrw
*default*        0x00000000         0xffffffff

Linker script and memory map

LOAD /usr/lib/gcc/arm-none-eabi/14.2.1/thumb/v7e-m+fp/hard/crti.o
LOAD /usr/lib/gcc/arm-none-eabi/14.2.1/thumb/v7e-m+fp/hard/crtbegin.o
LOAD /usr/lib/gcc/arm-none-eabi/14.2.1/../../../arm-none-eabi/lib/thumb/v7e-m+fp/hard/crt0.o
LOAD CMakeFiles/rotor-controller.elf.dir/src/startup_gcc.c.obj
LOAD CMakeFiles/rotor-controller.elf.dir/src/main.c.obj
LOAD CMakeFiles/rotor-controller.elf.dir/src/tick.c.obj
LOAD CMakeFiles/rotor-controller.elf.dir/src/adc.c.obj
LOAD CMakeFiles/rotor-controller.elf.dir/src/gpio_outputs.c.obj
LOAD CMakeFiles/rotor-controller.elf.dir/src/state_machine.c.obj
LOAD CMakeFiles/rotor-controller.elf.dir/src/net.c.obj
LOAD CMakeFiles/rotor-controller.elf.dir/src/net_persist.c.obj
LOAD CMakeFiles/rotor-controller.elf.dir/src/blocks.c.obj
LOAD CMakeFiles/rotor-controller.elf.dir/src/protocol.c.obj
LOAD CMakeFiles/rotor-controller.elf.dir/src/display.c.obj
LOAD CMakeFiles/rotor-controller.elf.dir/lib/tivaware/utils/uartstdio.c.obj
LOAD libdriverlib.a
LOAD libwiznet.a
LOAD /usr/lib/gcc/arm-none-eabi/14.2.1/../../../arm-none-eabi/lib/thumb/v7e-m+fp/hard/libm.a
START GROUP
LOAD /usr/lib/gcc/arm-none-eabi/14.2.1/thumb/v7e-m+fp/hard/libgcc.a
LOAD /usr/lib/gcc/arm-none-eabi/14.2.1/../../../arm-none-eabi/lib/thumb/v7e-m+fp/hard/libc_nano.a
END GROUP
START GROUP
LOAD /usr/lib/gcc/arm-none-eabi/14.2.1/thumb/v7e-m+fp/hard/libgcc.a
LOAD /usr/lib/gcc/arm-none-eabi/14.2.1/../../../arm-none-eabi/lib/thumb/v7e-m+fp/hard/libc_nano.a
LOAD /usr/lib/gcc/arm-none-eabi/14.2.1/../../../arm-none-eabi/lib/thumb/v7e-m+fp/hard/libnosys.a
END GROUP
START GROUP
LOAD /usr/lib/gcc/arm-none-eabi/14.2.1/thumb/v7e-m+fp/hard/libgcc.a
LOAD /usr/lib/gcc/arm-none-eabi/14.2.1/../../../arm-none-eabi/lib/thumb/v7e-m+fp/hard/libc_nano.a
LOAD /usr/lib/gcc/arm-none-eabi/14.2.1/../../../arm-none-eabi/lib/thumb/v7e-m+fp/hard/libnosys.a
END GROUP
LOAD /usr/lib/gcc/arm-none-eabi/14.2.1/thumb/v7e-m+fp/hard/crtend.o
LOAD /usr/lib/gcc/arm-none-eabi/14.2.1/thumb/v7e-m+fp/hard/crtn.o

.text           0x00000000     0xb49c
                0x00000000                        _text = .
 *(.isr_vector)
 .isr_vector    0x00000000      0x26c CMakeFiles/rotor-controller.elf.dir/src/startup_gcc.c.obj
                0x00000000                g_pfnVectors
 *(.text*)
 .text.NmiSR    0x0000026c        0x2 CMakeFiles/rotor-controller.elf.dir/src/startup_gcc.c.obj
 .text.FaultISR
                0x0000026e        0x2 CMakeFiles/rotor-controller.elf.dir/src/startup_gcc.c.obj
 .text.IntDefaultHandler
                0x00000270        0x2 CMakeFiles/rotor-controller.elf.dir/src/startup_gcc.c.obj
 *fill*         0x00000272        0x2 
 .text.ResetISR
                0x00000274       0x50 CMakeFiles/rotor-controller.elf.dir/src/startup_gcc.c.obj
                0x00000274                ResetISR
 .text.startup.main
                0x000002c4      0x488 CMakeFiles/rotor-controller.elf.dir/src/main.c.obj
                0x000002c4                main
 .text.SysTick_Handler
                0x0000074c       0x18 CMakeFiles/rotor-controller.elf.dir/src/tick.c.obj
                0x0000074c                SysTick_Handler
 .text.tick_init
                0x00000764       0x1c CMakeFiles/rotor-controller.elf.dir/src/tick.c.obj
                0x00000764                tick_init
 .text.tick_pending
                0x00000780        0xc CMakeFiles/rotor-controller.elf.dir/src/tick.c.obj
                0x00000780                tick_pending
 .text.tick_clear
                0x0000078c        0xc CMakeFiles/rotor-controller.elf.dir/src/tick.c.obj
                0x0000078c                tick_clear
 .text.tick_count
                0x00000798        0xc CMakeFiles/rotor-controller.elf.dir/src/tick.c.obj
                0x00000798                tick_count
 .text.median_normalized
                0x000007a4       0x60 CMakeFiles/rotor-controller.elf.dir/src/adc.c.obj
 .text.ADC0SS0_Handler
                0x00000804       0x7c CMakeFiles/rotor-controller.elf.dir/src/adc.c.obj
                0x00000804                ADC0SS0_Handler
 .text.adc_init
                0x00000880      0x134 CMakeFiles/rotor-controller.elf.dir/src/adc.c.obj
                0x00000880                adc_init
 .text.adc_tick
                0x000009b4       0x40 CMakeFiles/rotor-controller.elf.dir/src/adc.c.obj
                0x000009b4                adc_tick
 .text.adc_get_az
                0x000009f4       0x8c CMakeFiles/rotor-controller.elf.dir/src/adc.c.obj
                0x000009f4                adc_get_az
 .text.adc_get_el
                0x00000a80       0x8c CMakeFiles/rotor-controller.elf.dir/src/adc.c.obj
                0x00000a80                adc_get_el
 .text.adc_is_valid
                0x00000b0c       0x10 CMakeFiles/rotor-controller.elf.dir/src/adc.c.obj
                0x00000b0c                adc_is_valid
 .text.gpio_outputs_safe
                0x00000b1c       0x30 CMakeFiles/rotor-controller.elf.dir/src/gpio_outputs.c.obj
                0x00000b1c                gpio_outputs_safe
 .text.gpio_outputs_init
                0x00000b4c       0xa4 CMakeFiles/rotor-controller.elf.dir/src/gpio_outputs.c.obj
                0x00000b4c                gpio_outputs_init
 .text.gpio_motor_az_set
                0x00000bf0       0x1c CMakeFiles/rotor-controller.elf.dir/src/gpio_outputs.c.obj
                0x00000bf0                gpio_motor_az_set
 .text.gpio_motor_el_set
                0x00000c0c       0x34 CMakeFiles/rotor-controller.elf.dir/src/gpio_outputs.c.obj
                0x00000c0c                gpio_motor_el_set
 .text.gpio_pol_vhf_set
                0x00000c40       0x10 CMakeFiles/rotor-controller.elf.dir/src/gpio_outputs.c.obj
                0x00000c40                gpio_pol_vhf_set
 .text.gpio_pol_uhf_set
                0x00000c50       0x14 CMakeFiles/rotor-controller.elf.dir/src/gpio_outputs.c.obj
                0x00000c50                gpio_pol_uhf_set
 .text.gpio_lna_uhf_set
                0x00000c64       0x14 CMakeFiles/rotor-controller.elf.dir/src/gpio_outputs.c.obj
                0x00000c64                gpio_lna_uhf_set
 .text.gpio_rxtx_uhf_set
                0x00000c78       0x14 CMakeFiles/rotor-controller.elf.dir/src/gpio_outputs.c.obj
                0x00000c78                gpio_rxtx_uhf_set
 .text.sm_init  0x00000c8c       0x16 CMakeFiles/rotor-controller.elf.dir/src/state_machine.c.obj
                0x00000c8c                sm_init
 .text.sm_push_command
                0x00000ca2       0x34 CMakeFiles/rotor-controller.elf.dir/src/state_machine.c.obj
                0x00000ca2                sm_push_command
 *fill*         0x00000cd6        0x2 
 .text.sm_tick  0x00000cd8      0x318 CMakeFiles/rotor-controller.elf.dir/src/state_machine.c.obj
                0x00000cd8                sm_tick
 .text.sm_get_state
                0x00000ff0        0x4 CMakeFiles/rotor-controller.elf.dir/src/state_machine.c.obj
                0x00000ff0                sm_get_state
 .text.sm_get_az_motion
                0x00000ff4        0x4 CMakeFiles/rotor-controller.elf.dir/src/state_machine.c.obj
                0x00000ff4                sm_get_az_motion
 .text.sm_get_el_motion
                0x00000ff8        0x4 CMakeFiles/rotor-controller.elf.dir/src/state_machine.c.obj
                0x00000ff8                sm_get_el_motion
 .text.sm_duty_az_pct
                0x00000ffc       0x1c CMakeFiles/rotor-controller.elf.dir/src/state_machine.c.obj
                0x00000ffc                sm_duty_az_pct
 .text.sm_duty_el_pct
                0x00001018       0x1c CMakeFiles/rotor-controller.elf.dir/src/state_machine.c.obj
                0x00001018                sm_duty_el_pct
 .text.sm_state_str
                0x00001034       0x18 CMakeFiles/rotor-controller.elf.dir/src/state_machine.c.obj
                0x00001034                sm_state_str
 .text.sm_az_str
                0x0000104c       0x24 CMakeFiles/rotor-controller.elf.dir/src/state_machine.c.obj
                0x0000104c                sm_az_str
 .text.sm_el_str
                0x00001070       0x24 CMakeFiles/rotor-controller.elf.dir/src/state_machine.c.obj
                0x00001070                sm_el_str
 .text.tcp_tx_send
                0x00001094       0x6c CMakeFiles/rotor-controller.elf.dir/src/net.c.obj
 .text.spi_writeburst
                0x00001100       0x28 CMakeFiles/rotor-controller.elf.dir/src/net.c.obj
 .text.spi_readburst
                0x00001128       0x2c CMakeFiles/rotor-controller.elf.dir/src/net.c.obj
 .text.spi_writebyte
                0x00001154       0x1c CMakeFiles/rotor-controller.elf.dir/src/net.c.obj
 .text.spi_readbyte
                0x00001170       0x20 CMakeFiles/rotor-controller.elf.dir/src/net.c.obj
 .text.spi_cs_deassert
                0x00001190        0xc CMakeFiles/rotor-controller.elf.dir/src/net.c.obj
 .text.spi_cs_assert
                0x0000119c        0xc CMakeFiles/rotor-controller.elf.dir/src/net.c.obj
 .text.getSn_SR.constprop.0
                0x000011a8       0x2c CMakeFiles/rotor-controller.elf.dir/src/net.c.obj
 .text.net_is_connected
                0x000011d4        0xc CMakeFiles/rotor-controller.elf.dir/src/net.c.obj
                0x000011d4                net_is_connected
 .text.net_init
                0x000011e0      0x248 CMakeFiles/rotor-controller.elf.dir/src/net.c.obj
                0x000011e0                net_init
 .text.net_set_config
                0x00001428       0x50 CMakeFiles/rotor-controller.elf.dir/src/net.c.obj
                0x00001428                net_set_config
 .text.net_tick
                0x00001478      0x3c8 CMakeFiles/rotor-controller.elf.dir/src/net.c.obj
                0x00001478                net_tick
 .text.net_persist_init
                0x00001840       0x20 CMakeFiles/rotor-controller.elf.dir/src/net_persist.c.obj
                0x00001840                net_persist_init
 .text.net_persist_load
                0x00001860       0x64 CMakeFiles/rotor-controller.elf.dir/src/net_persist.c.obj
                0x00001860                net_persist_load
 .text.net_persist_save
                0x000018c4       0x58 CMakeFiles/rotor-controller.elf.dir/src/net_persist.c.obj
                0x000018c4                net_persist_save
 .text.net_persist_clear
                0x0000191c       0x20 CMakeFiles/rotor-controller.elf.dir/src/net_persist.c.obj
                0x0000191c                net_persist_clear
 .text.blocks_load
                0x0000193c       0x54 CMakeFiles/rotor-controller.elf.dir/src/blocks.c.obj
                0x0000193c                blocks_load
 .text.blocks_save
                0x00001990       0x3c CMakeFiles/rotor-controller.elf.dir/src/blocks.c.obj
                0x00001990                blocks_save
 .text.blocks_set
                0x000019cc       0x54 CMakeFiles/rotor-controller.elf.dir/src/blocks.c.obj
                0x000019cc                blocks_set
 .text.blocks_set_all
                0x00001a20       0x14 CMakeFiles/rotor-controller.elf.dir/src/blocks.c.obj
                0x00001a20                blocks_set_all
 .text.blocks_reset
                0x00001a34       0x10 CMakeFiles/rotor-controller.elf.dir/src/blocks.c.obj
                0x00001a34                blocks_reset
 .text.blocks_get_el_floor
                0x00001a44       0x60 CMakeFiles/rotor-controller.elf.dir/src/blocks.c.obj
                0x00001a44                blocks_get_el_floor
 .text.find_val
                0x00001aa4       0x66 CMakeFiles/rotor-controller.elf.dir/src/protocol.c.obj
 .text.get_string
                0x00001b0a       0x3e CMakeFiles/rotor-controller.elf.dir/src/protocol.c.obj
 .text.get_float
                0x00001b48       0x26 CMakeFiles/rotor-controller.elf.dir/src/protocol.c.obj
 *fill*         0x00001b6e        0x2 
 .text.fmt_01.constprop.0.isra.0
                0x00001b70       0x58 CMakeFiles/rotor-controller.elf.dir/src/protocol.c.obj
 .text.get_bool.isra.0
                0x00001bc8       0x38 CMakeFiles/rotor-controller.elf.dir/src/protocol.c.obj
 .text.protocol_parse
                0x00001c00      0x4c8 CMakeFiles/rotor-controller.elf.dir/src/protocol.c.obj
                0x00001c00                protocol_parse
 .text.protocol_encode_ack
                0x000020c8       0x34 CMakeFiles/rotor-controller.elf.dir/src/protocol.c.obj
                0x000020c8                protocol_encode_ack
 .text.protocol_encode_telemetry
                0x000020fc       0xe4 CMakeFiles/rotor-controller.elf.dir/src/protocol.c.obj
                0x000020fc                protocol_encode_telemetry
 .text.i2c_send.isra.0
                0x000021e0       0x44 CMakeFiles/rotor-controller.elf.dir/src/display.c.obj
 .text.lcd_en_pulse
                0x00002224       0x24 CMakeFiles/rotor-controller.elf.dir/src/display.c.obj
 .text.lcd_byte
                0x00002248       0x26 CMakeFiles/rotor-controller.elf.dir/src/display.c.obj
 .text.lcd_data
                0x0000226e        0x6 CMakeFiles/rotor-controller.elf.dir/src/display.c.obj
 .text.lcd_field
                0x00002274       0x2a CMakeFiles/rotor-controller.elf.dir/src/display.c.obj
 .text.lcd_puts
                0x0000229e       0x12 CMakeFiles/rotor-controller.elf.dir/src/display.c.obj
 .text.lcd_cursor.constprop.0
                0x000022b0       0x14 CMakeFiles/rotor-controller.elf.dir/src/display.c.obj
 .text.display_init
                0x000022c4      0x158 CMakeFiles/rotor-controller.elf.dir/src/display.c.obj
                0x000022c4                display_init
 .text.display_splash
                0x0000241c       0x40 CMakeFiles/rotor-controller.elf.dir/src/display.c.obj
                0x0000241c                display_splash
 .text.display_tick
                0x0000245c      0x340 CMakeFiles/rotor-controller.elf.dir/src/display.c.obj
                0x0000245c                display_tick
 .text.UARTStdioConfig
                0x0000279c       0x50 CMakeFiles/rotor-controller.elf.dir/lib/tivaware/utils/uartstdio.c.obj
                0x0000279c                UARTStdioConfig
 .text.UARTwrite
                0x000027ec       0x3c CMakeFiles/rotor-controller.elf.dir/lib/tivaware/utils/uartstdio.c.obj
                0x000027ec                UARTwrite
 .text.UARTvprintf
                0x00002828      0x1c8 CMakeFiles/rotor-controller.elf.dir/lib/tivaware/utils/uartstdio.c.obj
                0x00002828                UARTvprintf
 .text.UARTprintf
                0x000029f0       0x1a CMakeFiles/rotor-controller.elf.dir/lib/tivaware/utils/uartstdio.c.obj
                0x000029f0                UARTprintf
 .text.ADCIntEnable
                0x00002a0a       0x10 libdriverlib.a(adc.c.obj)
                0x00002a0a                ADCIntEnable
 .text.ADCIntClear
                0x00002a1a        0x8 libdriverlib.a(adc.c.obj)
                0x00002a1a                ADCIntClear
 .text.ADCSequenceEnable
                0x00002a22        0xc libdriverlib.a(adc.c.obj)
                0x00002a22                ADCSequenceEnable
 .text.ADCSequenceConfigure
                0x00002a2e       0x48 libdriverlib.a(adc.c.obj)
                0x00002a2e                ADCSequenceConfigure
 .text.ADCSequenceStepConfigure
                0x00002a76       0x86 libdriverlib.a(adc.c.obj)
                0x00002a76                ADCSequenceStepConfigure
 .text.ADCSequenceDMAEnable
                0x00002afc        0xe libdriverlib.a(adc.c.obj)
                0x00002afc                ADCSequenceDMAEnable
 *fill*         0x00002b0a        0x2 
 .text._EEPROMWaitForDone
                0x00002b0c       0x10 libdriverlib.a(eeprom.c.obj)
 .text._EEPROMSectorMaskSet
                0x00002b1c       0x44 libdriverlib.a(eeprom.c.obj)
 .text._EEPROMSectorMaskClear
                0x00002b60       0x3c libdriverlib.a(eeprom.c.obj)
 .text.EEPROMInit
                0x00002b9c       0x44 libdriverlib.a(eeprom.c.obj)
                0x00002b9c                EEPROMInit
 .text.EEPROMRead
                0x00002be0       0x34 libdriverlib.a(eeprom.c.obj)
                0x00002be0                EEPROMRead
 .text.EEPROMProgram
                0x00002c14       0xb8 libdriverlib.a(eeprom.c.obj)
                0x00002c14                EEPROMProgram
 .text.GPIODirModeSet
                0x00002ccc       0x26 libdriverlib.a(gpio.c.obj)
                0x00002ccc                GPIODirModeSet
 *fill*         0x00002cf2        0x2 
 .text.GPIOPadConfigSet
                0x00002cf4      0x144 libdriverlib.a(gpio.c.obj)
                0x00002cf4                GPIOPadConfigSet
 .text.GPIOPinRead
                0x00002e38        0x6 libdriverlib.a(gpio.c.obj)
                0x00002e38                GPIOPinRead
 .text.GPIOPinWrite
                0x00002e3e        0x6 libdriverlib.a(gpio.c.obj)
                0x00002e3e                GPIOPinWrite
 .text.GPIOPinTypeADC
                0x00002e44       0x18 libdriverlib.a(gpio.c.obj)
                0x00002e44                GPIOPinTypeADC
 .text.GPIOPinTypeComparatorOutput
                0x00002e5c       0x18 libdriverlib.a(gpio.c.obj)
                0x00002e5c                GPIOPinTypeComparatorOutput
 .text.GPIOPinTypeGPIOInput
                0x00002e74       0x18 libdriverlib.a(gpio.c.obj)
                0x00002e74                GPIOPinTypeGPIOInput
 .text.GPIOPinTypeGPIOOutput
                0x00002e8c       0x18 libdriverlib.a(gpio.c.obj)
                0x00002e8c                GPIOPinTypeGPIOOutput
 .text.GPIOPinTypeI2C
                0x00002ea4       0x18 libdriverlib.a(gpio.c.obj)
                0x00002ea4                GPIOPinTypeI2C
 .text.GPIOPinTypeI2CSCL
                0x00002ebc        0x4 libdriverlib.a(gpio.c.obj)
                0x00002ebc                GPIOPinTypeI2CSCL
 .text.GPIOPinTypeSSI
                0x00002ec0        0x4 libdriverlib.a(gpio.c.obj)
                0x00002ec0                GPIOPinTypeSSI
 .text.GPIOPinTypeUART
                0x00002ec4        0x4 libdriverlib.a(gpio.c.obj)
                0x00002ec4                GPIOPinTypeUART
 .text.GPIOPinConfigure
                0x00002ec8       0x44 libdriverlib.a(gpio.c.obj)
                0x00002ec8                GPIOPinConfigure
 .text.I2CMasterEnable
                0x00002f0c        0xa libdriverlib.a(i2c.c.obj)
                0x00002f0c                I2CMasterEnable
 *fill*         0x00002f16        0x2 
 .text.I2CMasterInitExpClk
                0x00002f18       0x50 libdriverlib.a(i2c.c.obj)
                0x00002f18                I2CMasterInitExpClk
 .text.I2CMasterSlaveAddrSet
                0x00002f68        0x8 libdriverlib.a(i2c.c.obj)
                0x00002f68                I2CMasterSlaveAddrSet
 .text.I2CMasterBusy
                0x00002f70        0x8 libdriverlib.a(i2c.c.obj)
                0x00002f70                I2CMasterBusy
 .text.I2CMasterControl
                0x00002f78        0x4 libdriverlib.a(i2c.c.obj)
                0x00002f78                I2CMasterControl
 .text.I2CMasterErr
                0x00002f7c       0x16 libdriverlib.a(i2c.c.obj)
                0x00002f7c                I2CMasterErr
 .text.I2CMasterDataPut
                0x00002f92        0x4 libdriverlib.a(i2c.c.obj)
                0x00002f92                I2CMasterDataPut
 .text.IntMasterEnable
                0x00002f96        0xe libdriverlib.a(interrupt.c.obj)
                0x00002f96                IntMasterEnable
 .text.IntEnable
                0x00002fa4       0x68 libdriverlib.a(interrupt.c.obj)
                0x00002fa4                IntEnable
 .text.SSIConfigSetExpClk
                0x0000300c       0x3a libdriverlib.a(ssi.c.obj)
                0x0000300c                SSIConfigSetExpClk
 .text.SSIEnable
                0x00003046        0xa libdriverlib.a(ssi.c.obj)
                0x00003046                SSIEnable
 .text.SSIDataPut
                0x00003050        0xa libdriverlib.a(ssi.c.obj)
                0x00003050                SSIDataPut
 .text.SSIDataGet
                0x0000305a        0xc libdriverlib.a(ssi.c.obj)
                0x0000305a                SSIDataGet
 .text.SSIDataGetNonBlocking
                0x00003066       0x12 libdriverlib.a(ssi.c.obj)
                0x00003066                SSIDataGetNonBlocking
 .text.SysCtlPeripheralPresent
                0x00003078       0x24 libdriverlib.a(sysctl.c.obj)
                0x00003078                SysCtlPeripheralPresent
 .text.SysCtlPeripheralReady
                0x0000309c       0x24 libdriverlib.a(sysctl.c.obj)
                0x0000309c                SysCtlPeripheralReady
 .text.SysCtlPeripheralReset
                0x000030c0       0x38 libdriverlib.a(sysctl.c.obj)
                0x000030c0                SysCtlPeripheralReset
 .text.SysCtlPeripheralEnable
                0x000030f8       0x20 libdriverlib.a(sysctl.c.obj)
                0x000030f8                SysCtlPeripheralEnable
 .text.SysCtlReset
                0x00003118       0x10 libdriverlib.a(sysctl.c.obj)
                0x00003118                SysCtlReset
 .text.SysCtlDelay
                0x00003128        0x8 libdriverlib.a(sysctl.c.obj)
                0x00003128                SysCtlDelay
 .text.SysCtlClockSet
                0x00003130      0x104 libdriverlib.a(sysctl.c.obj)
                0x00003130                SysCtlClockSet
 .text.SysTickEnable
                0x00003234        0xe libdriverlib.a(systick.c.obj)
                0x00003234                SysTickEnable
 .text.SysTickIntEnable
                0x00003242        0xe libdriverlib.a(systick.c.obj)
                0x00003242                SysTickIntEnable
 .text.SysTickPeriodSet
                0x00003250        0xa libdriverlib.a(systick.c.obj)
                0x00003250                SysTickPeriodSet
 .text.TimerEnable
                0x0000325a       0x10 libdriverlib.a(timer.c.obj)
                0x0000325a                TimerEnable
 *fill*         0x0000326a        0x2 
 .text.TimerConfigure
                0x0000326c       0x5c libdriverlib.a(timer.c.obj)
                0x0000326c                TimerConfigure
 .text.TimerControlTrigger
                0x000032c8       0x4c libdriverlib.a(timer.c.obj)
                0x000032c8                TimerControlTrigger
 .text.TimerLoadSet
                0x00003314       0x10 libdriverlib.a(timer.c.obj)
                0x00003314                TimerLoadSet
 .text.UARTEnable
                0x00003324       0x16 libdriverlib.a(uart.c.obj)
                0x00003324                UARTEnable
 .text.UARTDisable
                0x0000333a       0x1c libdriverlib.a(uart.c.obj)
                0x0000333a                UARTDisable
 .text.UARTConfigSetExpClk
                0x00003356       0x44 libdriverlib.a(uart.c.obj)
                0x00003356                UARTConfigSetExpClk
 .text.UARTCharPut
                0x0000339a        0xa libdriverlib.a(uart.c.obj)
                0x0000339a                UARTCharPut
 .text.uDMAEnable
                0x000033a4        0xc libdriverlib.a(udma.c.obj)
                0x000033a4                uDMAEnable
 .text.uDMAChannelEnable
                0x000033b0       0x14 libdriverlib.a(udma.c.obj)
                0x000033b0                uDMAChannelEnable
 .text.uDMAControlBaseSet
                0x000033c4        0xc libdriverlib.a(udma.c.obj)
                0x000033c4                uDMAControlBaseSet
 .text.uDMAChannelAttributeDisable
                0x000033d0       0x3c libdriverlib.a(udma.c.obj)
                0x000033d0                uDMAChannelAttributeDisable
 .text.uDMAChannelControlSet
                0x0000340c       0x20 libdriverlib.a(udma.c.obj)
                0x0000340c                uDMAChannelControlSet
 .text.uDMAChannelTransferSet
                0x0000342c       0x8c libdriverlib.a(udma.c.obj)
                0x0000342c                uDMAChannelTransferSet
 .text.uDMAChannelModeGet
                0x000034b8       0x20 libdriverlib.a(udma.c.obj)
                0x000034b8                uDMAChannelModeGet
 .text.uDMAChannelAssign
                0x000034d8       0x2c libdriverlib.a(udma.c.obj)
                0x000034d8                uDMAChannelAssign
 .text.WatchdogEnable
                0x00003504        0xa libdriverlib.a(watchdog.c.obj)
                0x00003504                WatchdogEnable
 .text.WatchdogResetEnable
                0x0000350e        0xa libdriverlib.a(watchdog.c.obj)
                0x0000350e                WatchdogResetEnable
 .text.WatchdogLock
                0x00003518        0x8 libdriverlib.a(watchdog.c.obj)
                0x00003518                WatchdogLock
 .text.WatchdogReloadSet
                0x00003520        0x4 libdriverlib.a(watchdog.c.obj)
                0x00003520                WatchdogReloadSet
 .text.WatchdogIntClear
                0x00003524        0x6 libdriverlib.a(watchdog.c.obj)
                0x00003524                WatchdogIntClear
 .text.CPUcpsie
                0x0000352a        0x8 libdriverlib.a(cpu.c.obj)
                0x0000352a                CPUcpsie
 .text.wizchip_cris_enter
                0x00003532        0x2 libwiznet.a(wizchip_conf.c.obj)
                0x00003532                wizchip_cris_enter
 .text.wizchip_bus_readdata
                0x00003534        0x4 libwiznet.a(wizchip_conf.c.obj)
                0x00003534                wizchip_bus_readdata
 .text.wizchip_bus_writedata
                0x00003538        0x4 libwiznet.a(wizchip_conf.c.obj)
                0x00003538                wizchip_bus_writedata
 .text.wizchip_spi_readbyte
                0x0000353c        0x4 libwiznet.a(wizchip_conf.c.obj)
                0x0000353c                wizchip_spi_readbyte
 .text.wizchip_spi_writebyte
                0x00003540        0x2 libwiznet.a(wizchip_conf.c.obj)
                0x00003540                wizchip_spi_writebyte
 *fill*         0x00003542        0x2 
 .text.wizchip_spi_readburst
                0x00003544       0x1c libwiznet.a(wizchip_conf.c.obj)
                0x00003544                wizchip_spi_readburst
 .text.wizchip_spi_writeburst
                0x00003560       0x1c libwiznet.a(wizchip_conf.c.obj)
                0x00003560                wizchip_spi_writeburst
 .text.wizchip_cris_exit
                0x0000357c        0x2 libwiznet.a(wizchip_conf.c.obj)
                0x0000357c                wizchip_cris_exit
 .text.wizchip_cs_select
                0x0000357e        0x2 libwiznet.a(wizchip_conf.c.obj)
                0x0000357e                wizchip_cs_select
 .text.wizchip_cs_deselect
                0x00003580        0x2 libwiznet.a(wizchip_conf.c.obj)
                0x00003580                wizchip_cs_deselect
 *fill*         0x00003582        0x2 
 .text.reg_wizchip_cs_cbfunc
                0x00003584       0x1c libwiznet.a(wizchip_conf.c.obj)
                0x00003584                reg_wizchip_cs_cbfunc
 .text.reg_wizchip_spi_cbfunc
                0x000035a0       0x24 libwiznet.a(wizchip_conf.c.obj)
                0x000035a0                reg_wizchip_spi_cbfunc
 .text.reg_wizchip_spiburst_cbfunc
                0x000035c4       0x24 libwiznet.a(wizchip_conf.c.obj)
                0x000035c4                reg_wizchip_spiburst_cbfunc
 .text.wizchip_sw_reset
                0x000035e8       0x7a libwiznet.a(wizchip_conf.c.obj)
                0x000035e8                wizchip_sw_reset
 .text.wizchip_init
                0x00003662       0x7a libwiznet.a(wizchip_conf.c.obj)
                0x00003662                wizchip_init
 .text.wizchip_setnetinfo
                0x000036dc       0x5c libwiznet.a(wizchip_conf.c.obj)
                0x000036dc                wizchip_setnetinfo
 .text.WIZCHIP_READ
                0x00003738       0x5c libwiznet.a(w5500.c.obj)
                0x00003738                WIZCHIP_READ
 .text.WIZCHIP_WRITE
                0x00003794       0x64 libwiznet.a(w5500.c.obj)
                0x00003794                WIZCHIP_WRITE
 .text.WIZCHIP_READ_BUF
                0x000037f8       0x74 libwiznet.a(w5500.c.obj)
                0x000037f8                WIZCHIP_READ_BUF
 .text.WIZCHIP_WRITE_BUF
                0x0000386c       0x74 libwiznet.a(w5500.c.obj)
                0x0000386c                WIZCHIP_WRITE_BUF
 .text.getSn_TX_FSR
                0x000038e0       0x42 libwiznet.a(w5500.c.obj)
                0x000038e0                getSn_TX_FSR
 .text.getSn_RX_RSR
                0x00003922       0x42 libwiznet.a(w5500.c.obj)
                0x00003922                getSn_RX_RSR
 .text.wiz_recv_data
                0x00003964       0x5a libwiznet.a(w5500.c.obj)
                0x00003964                wiz_recv_data
 .text.getSn_SR
                0x000039be       0x2e libwiznet.a(socket.c.obj)
 .text.close    0x000039ec       0x78 libwiznet.a(socket.c.obj)
                0x000039ec                close
 .text.socket   0x00003a64      0x150 libwiznet.a(socket.c.obj)
                0x00003a64                socket
 .text.listen   0x00003bb4       0x58 libwiznet.a(socket.c.obj)
                0x00003bb4                listen
 .text.disconnect
                0x00003c0c       0x78 libwiznet.a(socket.c.obj)
                0x00003c0c                disconnect
 .text.recv     0x00003c84       0xc8 libwiznet.a(socket.c.obj)
                0x00003c84                recv
 .text          0x00003d4c      0x100 /usr/lib/gcc/arm-none-eabi/14.2.1/../../../arm-none-eabi/lib/thumb/v7e-m+fp/hard/libc_nano.a(libc_a-memmove.o)
                0x00003d4c                memmove
 *fill*         0x00003e4c        0x4 
 .text          0x00003e50     0x11bc /usr/lib/gcc/arm-none-eabi/14.2.1/../../../arm-none-eabi/lib/thumb/v7e-m+fp/hard/libc_nano.a(libc_a-strtod.o)
                0x00003e50                _strtod_l
                0x00004e44                _strtod_r
                0x00004e50                strtod_l
                0x00004e6c                strtod
                0x00004e8c                strtof_l
                0x00004f3c                strtof
 .text          0x0000500c      0x630 /usr/lib/gcc/arm-none-eabi/14.2.1/../../../arm-none-eabi/lib/thumb/v7e-m+fp/hard/libc_nano.a(libc_a-gdtoa-gethex.o)
                0x000050b0                __gethex
 .text          0x0000563c      0x168 /usr/lib/gcc/arm-none-eabi/14.2.1/../../../arm-none-eabi/lib/thumb/v7e-m+fp/hard/libc_nano.a(libc_a-strtoul.o)
                0x00005770                _strtoul_r
                0x00005774                strtoul_l
                0x0000578c                strtoul
 .text          0x000057a4       0xb0 /usr/lib/gcc/arm-none-eabi/14.2.1/../../../arm-none-eabi/lib/thumb/v7e-m+fp/hard/libc_nano.a(libc_a-sscanf.o)
                0x000057a4                sscanf
                0x000057a4                siscanf
                0x000057fc                _siscanf_r
                0x000057fc                _sscanf_r
 .text          0x00005854      0x5bc /usr/lib/gcc/arm-none-eabi/14.2.1/../../../arm-none-eabi/lib/thumb/v7e-m+fp/hard/libc_nano.a(libc_a-strstr.o)
                0x00005ca4                strstr
 .text          0x00005e10       0xa4 /usr/lib/gcc/arm-none-eabi/14.2.1/../../../arm-none-eabi/lib/thumb/v7e-m+fp/hard/libc_nano.a(libc_a-memset.o)
                0x00005e10                memset
 .text          0x00005eb4       0x5c /usr/lib/gcc/arm-none-eabi/14.2.1/../../../arm-none-eabi/lib/thumb/v7e-m+fp/hard/libc_nano.a(libc_a-memcmp.o)
                0x00005eb4                memcmp
 *fill*         0x00005f10       0x10 
 .text          0x00005f20      0x2e0 /usr/lib/gcc/arm-none-eabi/14.2.1/../../../arm-none-eabi/lib/thumb/v7e-m+fp/hard/libc_nano.a(libc_a-strcmp.o)
                0x00005f20                strcmp
 .text          0x00006200       0x8c /usr/lib/gcc/arm-none-eabi/14.2.1/../../../arm-none-eabi/lib/thumb/v7e-m+fp/hard/libc_nano.a(libc_a-strncmp.o)
                0x00006200                strncmp
 .text          0x0000628c      0x134 /usr/lib/gcc/arm-none-eabi/14.2.1/../../../arm-none-eabi/lib/thumb/v7e-m+fp/hard/libc_nano.a(libc_a-memcpy.o)
                0x0000628c                memcpy
 .text          0x000063c0       0x30 /usr/lib/gcc/arm-none-eabi/14.2.1/../../../arm-none-eabi/lib/thumb/v7e-m+fp/hard/libc_nano.a(libc_a-wctomb_r.o)
                0x000063c0                _wctomb_r
                0x000063d4                __ascii_wctomb
 *fill*         0x000063f0       0x10 
 .text          0x00006400       0xd8 /usr/lib/gcc/arm-none-eabi/14.2.1/../../../arm-none-eabi/lib/thumb/v7e-m+fp/hard/libc_nano.a(libc_a-strlen.o)
                0x00006400                strlen
 .text          0x000064d8       0x24 /usr/lib/gcc/arm-none-eabi/14.2.1/../../../arm-none-eabi/lib/thumb/v7e-m+fp/hard/libc_nano.a(libc_a-strnlen.o)
                0x000064d8                strnlen
 .text          0x000064fc      0x114 /usr/lib/gcc/arm-none-eabi/14.2.1/../../../arm-none-eabi/lib/thumb/v7e-m+fp/hard/libc_nano.a(libc_a-snprintf.o)
                0x000064fc                _sniprintf_r
                0x000064fc                _snprintf_r
                0x00006580                snprintf
                0x00006580                sniprintf
 .text          0x00006610       0xa0 /usr/lib/gcc/arm-none-eabi/14.2.1/../../../arm-none-eabi/lib/thumb/v7e-m+fp/hard/libc_nano.a(libc_a-memchr.o)
                0x00006610                memchr
 .text          0x000066b0      0x204 /usr/lib/gcc/arm-none-eabi/14.2.1/../../../arm-none-eabi/lib/thumb/v7e-m+fp/hard/libc_nano.a(libc_a-gdtoa-hexnan.o)
                0x000066b0                __match
                0x000066e8                __hexnan
 *fill*         0x000068b4        0x4 
 .text          0x000068b8       0x10 /usr/lib/gcc/arm-none-eabi/14.2.1/../../../arm-none-eabi/lib/thumb/v7e-m+fp/hard/libc_nano.a(libm_a-s_nan.o)
                0x000068b8                nan
 .text          0x000068c8        0xc /usr/lib/gcc/arm-none-eabi/14.2.1/../../../arm-none-eabi/lib/thumb/v7e-m+fp/hard/libc_nano.a(libm_a-sf_nan.o)
                0x000068c8                nanf
 .text          0x000068d4       0x4c /usr/lib/gcc/arm-none-eabi/14.2.1/../../../arm-none-eabi/lib/thumb/v7e-m+fp/hard/libc_nano.a(libc_a-assert.o)
                0x000068d4                __assert_func
                0x00006914                __assert
 .text          0x00006920      0xb10 /usr/lib/gcc/arm-none-eabi/14.2.1/../../../arm-none-eabi/lib/thumb/v7e-m+fp/hard/libc_nano.a(libc_a-mprec.o)
                0x00006920                _Balloc
                0x000069a0                _Bfree
                0x000069e8                __multadd
                0x00006a84                __s2b
                0x00006b38                __hi0bits
                0x00006b7c                __lo0bits
                0x00006bdc                __i2b
                0x00006c08                __multiply
                0x00006d74                __pow5mult
                0x00006e54                __lshift
                0x00006f3c                __mcmp
                0x00006f80                __mdiff
                0x000070f8                __ulp
                0x0000715c                __b2d
                0x00007218                __d2b
                0x000072d8                __ratio
                0x00007338                _mprec_log10
                0x00007378                __copybits
                0x000073d4                __any_on
 .text          0x00007430        0xc /usr/lib/gcc/arm-none-eabi/14.2.1/../../../arm-none-eabi/lib/thumb/v7e-m+fp/hard/libc_nano.a(libc_a-errno.o)
                0x00007430                __errno
 .text          0x0000743c       0x94 /usr/lib/gcc/arm-none-eabi/14.2.1/../../../arm-none-eabi/lib/thumb/v7e-m+fp/hard/libc_nano.a(libc_a-stdio.o)
                0x0000743c                __sread
                0x00007460                __seofread
                0x00007464                __swrite
                0x000074a4                __sseek
                0x000074c8                __sclose
 .text          0x000074d0       0xd0 /usr/lib/gcc/arm-none-eabi/14.2.1/../../../arm-none-eabi/lib/thumb/v7e-m+fp/hard/libc_nano.a(libc_a-strchr.o)
                0x000074d0                strchr
 .text          0x000075a0      0x400 /usr/lib/gcc/arm-none-eabi/14.2.1/../../../arm-none-eabi/lib/thumb/v7e-m+fp/hard/libc_nano.a(libc_a-nano-svfprintf.o)
                0x000075a0                __ssputs_r
                0x00007660                __ssprint_r
                0x00007768                _svfprintf_r
                0x00007768                _svfiprintf_r
 .text          0x000079a0       0x2c /usr/lib/gcc/arm-none-eabi/14.2.1/../../../arm-none-eabi/lib/thumb/v7e-m+fp/hard/libc_nano.a(libc_a-readr.o)
                0x000079a0                _read_r
 .text          0x000079cc       0x40 /usr/lib/gcc/arm-none-eabi/14.2.1/../../../arm-none-eabi/lib/thumb/v7e-m+fp/hard/libc_nano.a(libc_a-mbtowc_r.o)
                0x000079cc                _mbtowc_r
                0x000079e0                __ascii_mbtowc
 .text          0x00007a0c      0x438 /usr/lib/gcc/arm-none-eabi/14.2.1/../../../arm-none-eabi/lib/thumb/v7e-m+fp/hard/libc_nano.a(libc_a-nano-svfscanf.o)
                0x00007a0c                _sungetc_r
                0x00007a88                __ssrefill_r
                0x00007ac0                __ssvfscanf_r
                0x00007ac0                __ssvfiscanf_r
 .text          0x00007e44       0x2c /usr/lib/gcc/arm-none-eabi/14.2.1/../../../arm-none-eabi/lib/thumb/v7e-m+fp/hard/libc_nano.a(libc_a-writer.o)
                0x00007e44                _write_r
 .text          0x00007e70       0x24 /usr/lib/gcc/arm-none-eabi/14.2.1/../../../arm-none-eabi/lib/thumb/v7e-m+fp/hard/libc_nano.a(libc_a-closer.o)
                0x00007e70                _close_r
 .text          0x00007e94      0x308 /usr/lib/gcc/arm-none-eabi/14.2.1/../../../arm-none-eabi/lib/thumb/v7e-m+fp/hard/libc_nano.a(libc_a-nano-vfscanf_i.o)
                0x00007e94                _scanf_chars
                0x00007f64                _scanf_i
 .text          0x0000819c       0x2c /usr/lib/gcc/arm-none-eabi/14.2.1/../../../arm-none-eabi/lib/thumb/v7e-m+fp/hard/libc_nano.a(libc_a-lseekr.o)
                0x0000819c                _lseek_r
 .text          0x000081c8      0x224 /usr/lib/gcc/arm-none-eabi/14.2.1/../../../arm-none-eabi/lib/thumb/v7e-m+fp/hard/libc_nano.a(libc_a-findfp.o)
                0x000082f8                __sfp
                0x0000839c                __sinit
                0x000083bc                __sfp_lock_acquire
                0x000083c0                __sfp_lock_release
                0x000083c4                __fp_lock_all
                0x000083d8                __fp_unlock_all
 .text          0x000083ec       0x10 /usr/lib/gcc/arm-none-eabi/14.2.1/../../../arm-none-eabi/lib/thumb/v7e-m+fp/hard/libc_nano.a(libc_a-abort.o)
                0x000083ec                abort
 .text          0x000083fc      0x1a8 /usr/lib/gcc/arm-none-eabi/14.2.1/../../../arm-none-eabi/lib/thumb/v7e-m+fp/hard/libc_nano.a(libc_a-fflush.o)
                0x000083fc                __sflush_r
                0x00008520                _fflush_r
                0x00008558                fflush
 .text          0x000085a4       0x28 /usr/lib/gcc/arm-none-eabi/14.2.1/../../../arm-none-eabi/lib/thumb/v7e-m+fp/hard/libc_nano.a(libc_a-callocr.o)
                0x000085a4                _calloc_r
 .text          0x000085cc      0x148 /usr/lib/gcc/arm-none-eabi/14.2.1/../../../arm-none-eabi/lib/thumb/v7e-m+fp/hard/libc_nano.a(libc_a-mallocr.o)
                0x00008614                _malloc_r
 .text          0x00008714       0xbc /usr/lib/gcc/arm-none-eabi/14.2.1/../../../arm-none-eabi/lib/thumb/v7e-m+fp/hard/libc_nano.a(libc_a-freer.o)
                0x00008714                _free_r
 .text          0x000087d0      0x16c /usr/lib/gcc/arm-none-eabi/14.2.1/../../../arm-none-eabi/lib/thumb/v7e-m+fp/hard/libc_nano.a(libc_a-strtol.o)
                0x00008908                _strtol_r
                0x0000890c                strtol_l
                0x00008924                strtol
 .text          0x0000893c       0x44 /usr/lib/gcc/arm-none-eabi/14.2.1/../../../arm-none-eabi/lib/thumb/v7e-m+fp/hard/libc_nano.a(libc_a-fwalk.o)
                0x0000893c                _fwalk_sglue
 .text          0x00008980       0x20 /usr/lib/gcc/arm-none-eabi/14.2.1/../../../arm-none-eabi/lib/thumb/v7e-m+fp/hard/libc_nano.a(libc_a-malloc.o)
                0x00008980                malloc
                0x00008990                free
 .text          0x000089a0      0x14c /usr/lib/gcc/arm-none-eabi/14.2.1/../../../arm-none-eabi/lib/thumb/v7e-m+fp/hard/libc_nano.a(libc_a-ungetc.o)
                0x000089a0                __submore
                0x00008a14                _ungetc_r
                0x00008ad4                ungetc
 .text          0x00008aec       0x44 /usr/lib/gcc/arm-none-eabi/14.2.1/../../../arm-none-eabi/lib/thumb/v7e-m+fp/hard/libc_nano.a(libc_a-fprintf.o)
                0x00008aec                _fprintf_r
                0x00008aec                _fiprintf_r
                0x00008b08                fprintf
                0x00008b08                fiprintf
 .text          0x00008b30       0x64 /usr/lib/gcc/arm-none-eabi/14.2.1/../../../arm-none-eabi/lib/thumb/v7e-m+fp/hard/libc_nano.a(libc_a-reallocr.o)
                0x00008b30                _realloc_r
 .text          0x00008b94      0x3a8 /usr/lib/gcc/arm-none-eabi/14.2.1/../../../arm-none-eabi/lib/thumb/v7e-m+fp/hard/libc_nano.a(libc_a-nano-vfprintf_i.o)
                0x00008b94                _printf_common
                0x00008cb8                _printf_i
 .text          0x00008f3c       0x98 /usr/lib/gcc/arm-none-eabi/14.2.1/../../../arm-none-eabi/lib/thumb/v7e-m+fp/hard/libc_nano.a(libc_a-sccl.o)
                0x00008f3c                __sccl
 .text          0x00008fd4        0x8 /usr/lib/gcc/arm-none-eabi/14.2.1/../../../arm-none-eabi/lib/thumb/v7e-m+fp/hard/libc_nano.a(libc_a-mlock.o)
                0x00008fd4                __malloc_lock
                0x00008fd8                __malloc_unlock
 .text          0x00008fdc      0x260 /usr/lib/gcc/arm-none-eabi/14.2.1/../../../arm-none-eabi/lib/thumb/v7e-m+fp/hard/libc_nano.a(libc_a-signal.o)
                0x00008fdc                _init_signal_r
                0x00009008                _signal_r
                0x00009054                _raise_r
                0x000090a4                __sigtramp_r
                0x00009104                raise
                0x00009158                signal
                0x000091a4                _init_signal
                0x000091d8                __sigtramp
 .text          0x0000923c      0x314 /usr/lib/gcc/arm-none-eabi/14.2.1/../../../arm-none-eabi/lib/thumb/v7e-m+fp/hard/libc_nano.a(libc_a-nano-vfprintf.o)
                0x00009278                __sfputs_r
                0x000092a8                __sprint_r
                0x000092c8                _vfiprintf_r
                0x000092c8                _vfprintf_r
                0x00009534                vfiprintf
                0x00009534                vfprintf
 .text          0x00009550       0x24 /usr/lib/gcc/arm-none-eabi/14.2.1/../../../arm-none-eabi/lib/thumb/v7e-m+fp/hard/libc_nano.a(libc_a-sbrkr.o)
                0x00009550                _sbrk_r
 .text          0x00009574       0x10 /usr/lib/gcc/arm-none-eabi/14.2.1/../../../arm-none-eabi/lib/thumb/v7e-m+fp/hard/libc_nano.a(libc_a-msizer.o)
                0x00009574                _malloc_usable_size_r
 .text          0x00009584      0x300 /usr/lib/gcc/arm-none-eabi/14.2.1/../../../arm-none-eabi/lib/thumb/v7e-m+fp/hard/libc_nano.a(libc_a-fvwrite.o)
                0x00009584                __sfvwrite_r
 .text          0x00009884       0xc4 /usr/lib/gcc/arm-none-eabi/14.2.1/../../../arm-none-eabi/lib/thumb/v7e-m+fp/hard/libc_nano.a(libc_a-wsetup.o)
                0x00009884                __swsetup_r
 .text          0x00009948       0xa0 /usr/lib/gcc/arm-none-eabi/14.2.1/../../../arm-none-eabi/lib/thumb/v7e-m+fp/hard/libc_nano.a(libc_a-wbuf.o)
                0x00009948                __swbuf_r
                0x000099d0                __swbuf
 .text          0x000099e8      0x114 /usr/lib/gcc/arm-none-eabi/14.2.1/../../../arm-none-eabi/lib/thumb/v7e-m+fp/hard/libc_nano.a(libc_a-makebuf.o)
                0x000099e8                __smakebuf_r
                0x00009aac                __swhatbuf_r
 .text          0x00009afc       0x30 /usr/lib/gcc/arm-none-eabi/14.2.1/../../../arm-none-eabi/lib/thumb/v7e-m+fp/hard/libc_nano.a(libc_a-signalr.o)
                0x00009afc                _kill_r
                0x00009b28                _getpid_r
 .text          0x00009b2c       0x2c /usr/lib/gcc/arm-none-eabi/14.2.1/../../../arm-none-eabi/lib/thumb/v7e-m+fp/hard/libc_nano.a(libc_a-fstatr.o)
                0x00009b2c                _fstat_r
 .text          0x00009b58       0x24 /usr/lib/gcc/arm-none-eabi/14.2.1/../../../arm-none-eabi/lib/thumb/v7e-m+fp/hard/libc_nano.a(libc_a-isattyr.o)
                0x00009b58                _isatty_r
 .text          0x00009b7c      0x378 /usr/lib/gcc/arm-none-eabi/14.2.1/thumb/v7e-m+fp/hard/libgcc.a(_arm_addsubdf3.o)
                0x00009b7c                __aeabi_drsub
                0x00009b84                __aeabi_dsub
                0x00009b84                __subdf3
                0x00009b88                __adddf3
                0x00009b88                __aeabi_dadd
                0x00009e00                __aeabi_ui2d
                0x00009e00                __floatunsidf
                0x00009e20                __floatsidf
                0x00009e20                __aeabi_i2d
                0x00009e44                __extendsfdf2
                0x00009e44                __aeabi_f2d
                0x00009e88                __aeabi_ul2d
                0x00009e88                __floatundidf
                0x00009e98                __floatdidf
                0x00009e98                __aeabi_l2d
 .text          0x00009ef4      0x424 /usr/lib/gcc/arm-none-eabi/14.2.1/thumb/v7e-m+fp/hard/libgcc.a(_arm_muldivdf3.o)
                0x00009ef4                __aeabi_dmul
                0x00009ef4                __muldf3
                0x0000a148                __aeabi_ddiv
                0x0000a148                __divdf3
 .text          0x0000a318      0x110 /usr/lib/gcc/arm-none-eabi/14.2.1/thumb/v7e-m+fp/hard/libgcc.a(_arm_cmpdf2.o)
                0x0000a318                __gtdf2
                0x0000a318                __gedf2
                0x0000a320                __ltdf2
                0x0000a320                __ledf2
                0x0000a328                __cmpdf2
                0x0000a328                __eqdf2
                0x0000a328                __nedf2
                0x0000a3a4                __aeabi_cdrcmple
                0x0000a3b4                __aeabi_cdcmple
                0x0000a3b4                __aeabi_cdcmpeq
                0x0000a3c4                __aeabi_dcmpeq
                0x0000a3d8                __aeabi_dcmplt
                0x0000a3ec                __aeabi_dcmple
                0x0000a400                __aeabi_dcmpge
                0x0000a414                __aeabi_dcmpgt
 .text          0x0000a428       0x2c /usr/lib/gcc/arm-none-eabi/14.2.1/thumb/v7e-m+fp/hard/libgcc.a(_arm_unorddf2.o)
                0x0000a428                __aeabi_dcmpun
                0x0000a428                __unorddf2
 .text          0x0000a454       0x40 /usr/lib/gcc/arm-none-eabi/14.2.1/thumb/v7e-m+fp/hard/libgcc.a(_arm_fixunsdfsi.o)
                0x0000a454                __fixunsdfsi
                0x0000a454                __aeabi_d2uiz
 .text          0x0000a494       0xa0 /usr/lib/gcc/arm-none-eabi/14.2.1/thumb/v7e-m+fp/hard/libgcc.a(_arm_truncdfsf2.o)
                0x0000a494                __aeabi_d2f
                0x0000a494                __truncdfsf2
 .text          0x0000a534       0x30 /usr/lib/gcc/arm-none-eabi/14.2.1/thumb/v7e-m+fp/hard/libgcc.a(_fixdfdi.o)
                0x0000a534                __aeabi_d2lz
                0x0000a534                __fixdfdi
 .text          0x0000a564       0x3c /usr/lib/gcc/arm-none-eabi/14.2.1/thumb/v7e-m+fp/hard/libgcc.a(_fixunsdfdi.o)
                0x0000a564                __aeabi_d2ulz
                0x0000a564                __fixunsdfdi
 .text          0x0000a5a0       0x10 /usr/lib/gcc/arm-none-eabi/14.2.1/../../../arm-none-eabi/lib/thumb/v7e-m+fp/hard/libnosys.a(close.o)
                0x0000a5a0                _close
 .text          0x0000a5b0       0x10 /usr/lib/gcc/arm-none-eabi/14.2.1/../../../arm-none-eabi/lib/thumb/v7e-m+fp/hard/libnosys.a(fstat.o)
                0x0000a5b0                _fstat
 .text          0x0000a5c0       0x10 /usr/lib/gcc/arm-none-eabi/14.2.1/../../../arm-none-eabi/lib/thumb/v7e-m+fp/hard/libnosys.a(getpid.o)
                0x0000a5c0                _getpid
 .text          0x0000a5d0       0x10 /usr/lib/gcc/arm-none-eabi/14.2.1/../../../arm-none-eabi/lib/thumb/v7e-m+fp/hard/libnosys.a(isatty.o)
                0x0000a5d0                _isatty
 .text          0x0000a5e0       0x10 /usr/lib/gcc/arm-none-eabi/14.2.1/../../../arm-none-eabi/lib/thumb/v7e-m+fp/hard/libnosys.a(kill.o)
                0x0000a5e0                _kill
 .text          0x0000a5f0       0x10 /usr/lib/gcc/arm-none-eabi/14.2.1/../../../arm-none-eabi/lib/thumb/v7e-m+fp/hard/libnosys.a(lseek.o)
                0x0000a5f0                _lseek
 .text          0x0000a600       0x10 /usr/lib/gcc/arm-none-eabi/14.2.1/../../../arm-none-eabi/lib/thumb/v7e-m+fp/hard/libnosys.a(read.o)
                0x0000a600                _read
 .text          0x0000a610       0x1c /usr/lib/gcc/arm-none-eabi/14.2.1/../../../arm-none-eabi/lib/thumb/v7e-m+fp/hard/libnosys.a(sbrk.o)
                0x0000a610                _sbrk
 .text          0x0000a62c       0x10 /usr/lib/gcc/arm-none-eabi/14.2.1/../../../arm-none-eabi/lib/thumb/v7e-m+fp/hard/libnosys.a(write.o)
                0x0000a62c                _write
 .text          0x0000a63c        0x4 /usr/lib/gcc/arm-none-eabi/14.2.1/../../../arm-none-eabi/lib/thumb/v7e-m+fp/hard/libnosys.a(_exit.o)
                0x0000a63c                _exit
 *(.rodata*)
 .rodata.main.str1.1
                0x0000a640      0x86b CMakeFiles/rotor-controller.elf.dir/src/main.c.obj
                                0x1ac (size before relaxing)
 .rodata.sm_state_str.str1.1
                0x0000aeab        0x8 CMakeFiles/rotor-controller.elf.dir/src/state_machine.c.obj
 .rodata.sm_az_str.str1.1
                0x0000aeab        0xc CMakeFiles/rotor-controller.elf.dir/src/state_machine.c.obj
 .rodata.sm_el_str.str1.1
                0x0000aeab        0x8 CMakeFiles/rotor-controller.elf.dir/src/state_machine.c.obj
 .rodata.str1.1
                0x0000aeab       0x53 CMakeFiles/rotor-controller.elf.dir/src/state_machine.c.obj
 *fill*         0x0000aeab        0x1 
 .rodata.CSWTCH.19
                0x0000aeac       0x1c CMakeFiles/rotor-controller.elf.dir/src/state_machine.c.obj
 .rodata.net_init.str1.1
                0x0000aec8       0x89 CMakeFiles/rotor-controller.elf.dir/src/net.c.obj
 .rodata.net_tick.str1.1
                0x0000aec8      0x132 CMakeFiles/rotor-controller.elf.dir/src/net.c.obj
 .rodata.net_persist_load.str1.1
                0x0000aec8       0x56 CMakeFiles/rotor-controller.elf.dir/src/net_persist.c.obj
 .rodata.net_persist_save.str1.1
                0x0000aec8       0x29 CMakeFiles/rotor-controller.elf.dir/src/net_persist.c.obj
 .rodata.net_persist_clear.str1.1
                0x0000aec8       0x3b CMakeFiles/rotor-controller.elf.dir/src/net_persist.c.obj
 .rodata.blocks_load.str1.1
                0x0000aec8       0x49 CMakeFiles/rotor-controller.elf.dir/src/blocks.c.obj
 .rodata.blocks_save.str1.1
                0x0000aec8       0x1a CMakeFiles/rotor-controller.elf.dir/src/blocks.c.obj
 .rodata.fmt_01.constprop.0.isra.0.str1.1
                0x0000aec8        0x7 CMakeFiles/rotor-controller.elf.dir/src/protocol.c.obj
 .rodata.get_bool.isra.0.str1.1
                0x0000aec8        0xb CMakeFiles/rotor-controller.elf.dir/src/protocol.c.obj
 .rodata.protocol_parse.str1.1
                0x0000aec8      0x149 CMakeFiles/rotor-controller.elf.dir/src/protocol.c.obj
 .rodata.protocol_encode_ack.str1.1
                0x0000aec8       0x56 CMakeFiles/rotor-controller.elf.dir/src/protocol.c.obj
 .rodata.protocol_encode_telemetry.str1.1
                0x0000aec8       0xdc CMakeFiles/rotor-controller.elf.dir/src/protocol.c.obj
 .rodata.display_init.str1.1
                0x0000aec8       0x28 CMakeFiles/rotor-controller.elf.dir/src/display.c.obj
 .rodata.display_splash.str1.1
                0x0000aec8        0x1 CMakeFiles/rotor-controller.elf.dir/src/display.c.obj
 .rodata.display_tick.str1.1
                0x0000aec8       0x97 CMakeFiles/rotor-controller.elf.dir/src/display.c.obj
 .rodata.str1.1
                0x0000aec8       0x5b CMakeFiles/rotor-controller.elf.dir/src/display.c.obj
 .rodata.CSWTCH.33
                0x0000aec8       0x1c CMakeFiles/rotor-controller.elf.dir/src/display.c.obj
 .rodata.candidates.0
                0x0000aee4       0x10 CMakeFiles/rotor-controller.elf.dir/src/display.c.obj
 .rodata.k_row_addr
                0x0000aef4        0x4 CMakeFiles/rotor-controller.elf.dir/src/display.c.obj
 .rodata.UARTvprintf.str1.1
                0x0000aef8       0x19 CMakeFiles/rotor-controller.elf.dir/lib/tivaware/utils/uartstdio.c.obj
 .rodata.g_ui32UARTPeriph
                0x0000aef8        0xc CMakeFiles/rotor-controller.elf.dir/lib/tivaware/utils/uartstdio.c.obj
 .rodata.g_ui32UARTBase
                0x0000af04        0xc CMakeFiles/rotor-controller.elf.dir/lib/tivaware/utils/uartstdio.c.obj
 .rodata.g_pui32GPIOBaseAddrs
                0x0000af10       0x90 libdriverlib.a(gpio.c.obj)
 .rodata.g_pui32EnRegs
                0x0000afa0       0x14 libdriverlib.a(interrupt.c.obj)
 .rodata.str1.4
                0x0000afb4      0x149 /usr/lib/gcc/arm-none-eabi/14.2.1/../../../arm-none-eabi/lib/thumb/v7e-m+fp/hard/libc_nano.a(libc_a-strtod.o)
                                 0x15 (size before relaxing)
 *fill*         0x0000b0fd        0x3 
 .rodata        0x0000b100       0x50 /usr/lib/gcc/arm-none-eabi/14.2.1/../../../arm-none-eabi/lib/thumb/v7e-m+fp/hard/libc_nano.a(libc_a-strtod.o)
 .rodata.str1.4
                0x0000b150       0x4c /usr/lib/gcc/arm-none-eabi/14.2.1/../../../arm-none-eabi/lib/thumb/v7e-m+fp/hard/libc_nano.a(libc_a-gdtoa-gethex.o)
 .rodata        0x0000b150      0x100 /usr/lib/gcc/arm-none-eabi/14.2.1/../../../arm-none-eabi/lib/thumb/v7e-m+fp/hard/libc_nano.a(libc_a-gdtoa-gethex.o)
                0x0000b150                __hexdig
 .rodata.str1.4
                0x0000b250       0x12 /usr/lib/gcc/arm-none-eabi/14.2.1/../../../arm-none-eabi/lib/thumb/v7e-m+fp/hard/libc_nano.a(libc_a-locale.o)
 .rodata        0x0000b250      0x101 /usr/lib/gcc/arm-none-eabi/14.2.1/../../../arm-none-eabi/lib/thumb/v7e-m+fp/hard/libc_nano.a(libc_a-ctype_.o)
                0x0000b250                _ctype_
 .rodata.str1.4
                0x0000b351       0x43 /usr/lib/gcc/arm-none-eabi/14.2.1/../../../arm-none-eabi/lib/thumb/v7e-m+fp/hard/libc_nano.a(libc_a-assert.o)
 .rodata.str1.4
                0x0000b351       0x59 /usr/lib/gcc/arm-none-eabi/14.2.1/../../../arm-none-eabi/lib/thumb/v7e-m+fp/hard/libc_nano.a(libc_a-mprec.o)
 *fill*         0x0000b351        0x7 
 .rodata        0x0000b358      0x128 /usr/lib/gcc/arm-none-eabi/14.2.1/../../../arm-none-eabi/lib/thumb/v7e-m+fp/hard/libc_nano.a(libc_a-mprec.o)
                0x0000b368                __mprec_tens
                0x0000b430                __mprec_tinytens
                0x0000b458                __mprec_bigtens
 .rodata.str1.4
                0x0000b480       0x13 /usr/lib/gcc/arm-none-eabi/14.2.1/../../../arm-none-eabi/lib/thumb/v7e-m+fp/hard/libc_nano.a(libc_a-nano-svfprintf.o)
 .rodata.str1.4
                0x0000b480        0x4 /usr/lib/gcc/arm-none-eabi/14.2.1/../../../arm-none-eabi/lib/thumb/v7e-m+fp/hard/libc_nano.a(libc_a-nano-svfscanf.o)
 .rodata.str1.4
                0x0000b480       0x1f /usr/lib/gcc/arm-none-eabi/14.2.1/../../../arm-none-eabi/lib/thumb/v7e-m+fp/hard/libc_nano.a(libc_a-nano-vfscanf_i.o)
 .rodata        0x0000b480        0xc /usr/lib/gcc/arm-none-eabi/14.2.1/../../../arm-none-eabi/lib/thumb/v7e-m+fp/hard/libc_nano.a(libc_a-nano-vfscanf_i.o)
 .rodata.str1.4
                0x0000b48c       0x25 /usr/lib/gcc/arm-none-eabi/14.2.1/../../../arm-none-eabi/lib/thumb/v7e-m+fp/hard/libc_nano.a(libc_a-nano-vfprintf_i.o)
 .rodata.str1.4
                0x0000b48c       0x13 /usr/lib/gcc/arm-none-eabi/14.2.1/../../../arm-none-eabi/lib/thumb/v7e-m+fp/hard/libc_nano.a(libc_a-nano-vfprintf.o)
 *(.init)
 .init          0x0000b48c        0x4 /usr/lib/gcc/arm-none-eabi/14.2.1/thumb/v7e-m+fp/hard/crti.o
                0x0000b48c                _init
 *(.fini)
 .fini          0x0000b490        0x4 /usr/lib/gcc/arm-none-eabi/14.2.1/thumb/v7e-m+fp/hard/crti.o
                0x0000b490                _fini
 *(.ARM.exidx*)
 .ARM.exidx     0x0000b494        0x8 /usr/lib/gcc/arm-none-eabi/14.2.1/../../../arm-none-eabi/lib/thumb/v7e-m+fp/hard/libc_nano.a(libc_a-strcmp.o)
 .ARM.exidx     0x0000b49c        0x0 /usr/lib/gcc/arm-none-eabi/14.2.1/../../../arm-none-eabi/lib/thumb/v7e-m+fp/hard/libc_nano.a(libc_a-memcpy.o)
                                  0x8 (size before relaxing)
 .ARM.exidx     0x0000b49c        0x0 /usr/lib/gcc/arm-none-eabi/14.2.1/../../../arm-none-eabi/lib/thumb/v7e-m+fp/hard/libc_nano.a(libc_a-strlen.o)
                                  0x8 (size before relaxing)
 .ARM.exidx     0x0000b49c        0x0 /usr/lib/gcc/arm-none-eabi/14.2.1/../../../arm-none-eabi/lib/thumb/v7e-m+fp/hard/libc_nano.a(libc_a-memchr.o)
                                  0x8 (size before relaxing)
 *(.gnu.linkonce.armexidx.*)
                0x0000b49c                        _etext = .

.glue_7         0x0000b49c        0x0
 .glue_7        0x0000b49c        0x0 linker stubs

.glue_7t        0x0000b49c        0x0
 .glue_7t       0x0000b49c        0x0 linker stubs

.vfp11_veneer   0x0000b49c        0x0
 .vfp11_veneer  0x0000b49c        0x0 linker stubs

.v4_bx          0x0000b49c        0x0
 .v4_bx         0x0000b49c        0x0 linker stubs

.iplt           0x0000b49c        0x0
 .iplt          0x0000b49c        0x0 CMakeFiles/rotor-controller.elf.dir/src/startup_gcc.c.obj

.rel.dyn        0x0000b49c        0x0
 .rel.iplt      0x0000b49c        0x0 CMakeFiles/rotor-controller.elf.dir/src/startup_gcc.c.obj

.data           0x20000000      0x224 load address 0x0000b49c
                0x20000000                        _data = .
                0x0000b49c                        _ldata = LOADADDR (.data)
 *(vtable)
 *(.data*)
 .data.last_sr.1
                0x20000000        0x1 CMakeFiles/rotor-controller.elf.dir/src/net.c.obj
 .data.g_netinfo
                0x20000001       0x17 CMakeFiles/rotor-controller.elf.dir/src/net.c.obj
 .data.g_rxbuf  0x20000018        0x8 CMakeFiles/rotor-controller.elf.dir/src/net.c.obj
 .data.g_txbuf  0x20000020        0x8 CMakeFiles/rotor-controller.elf.dir/src/net.c.obj
 .data.g_lcd_addr
                0x20000028        0x1 CMakeFiles/rotor-controller.elf.dir/src/display.c.obj
 *fill*         0x20000029        0x3 
 .data.WIZCHIP  0x2000002c       0x2c libwiznet.a(wizchip_conf.c.obj)
                0x2000002c                WIZCHIP
 .data.sock_any_port
                0x20000058        0x2 libwiznet.a(socket.c.obj)
 *fill*         0x2000005a        0x2 
 .data          0x2000005c      0x16c /usr/lib/gcc/arm-none-eabi/14.2.1/../../../arm-none-eabi/lib/thumb/v7e-m+fp/hard/libc_nano.a(libc_a-locale.o)
                0x2000005c                __global_locale
 .data          0x200001c8       0x50 /usr/lib/gcc/arm-none-eabi/14.2.1/../../../arm-none-eabi/lib/thumb/v7e-m+fp/hard/libc_nano.a(libc_a-impure.o)
                0x200001c8                _impure_ptr
                0x200001cc                _impure_data
 .data          0x20000218        0xc /usr/lib/gcc/arm-none-eabi/14.2.1/../../../arm-none-eabi/lib/thumb/v7e-m+fp/hard/libc_nano.a(libc_a-findfp.o)
                0x20000218                __sglue
                0x20000224                        _edata = .

.igot.plt       0x20000224        0x0 load address 0x0000b6c0
 .igot.plt      0x20000224        0x0 CMakeFiles/rotor-controller.elf.dir/src/startup_gcc.c.obj

.bss            0x20000400     0x16ec load address 0x0000bc00
                0x20000400                        _bss = .
 *(.bss*)
 .bss.pui32Stack
                0x20000400      0x800 CMakeFiles/rotor-controller.elf.dir/src/startup_gcc.c.obj
 .bss.dbg_ctr.0
                0x20000c00        0x4 CMakeFiles/rotor-controller.elf.dir/src/main.c.obj
 .bss.park_held_ticks.1
                0x20000c04        0x4 CMakeFiles/rotor-controller.elf.dir/src/main.c.obj
 .bss.estop_was_low.2
                0x20000c08        0x1 CMakeFiles/rotor-controller.elf.dir/src/main.c.obj
 *fill*         0x20000c09        0x3 
 .bss.g_tick_count
                0x20000c0c        0x4 CMakeFiles/rotor-controller.elf.dir/src/tick.c.obj
 .bss.g_tick_pending
                0x20000c10        0x1 CMakeFiles/rotor-controller.elf.dir/src/tick.c.obj
 .bss.g_el_seeded
                0x20000c11        0x1 CMakeFiles/rotor-controller.elf.dir/src/adc.c.obj
 .bss.g_az_seeded
                0x20000c12        0x1 CMakeFiles/rotor-controller.elf.dir/src/adc.c.obj
 .bss.g_primed  0x20000c13        0x1 CMakeFiles/rotor-controller.elf.dir/src/adc.c.obj
 .bss.g_fault   0x20000c14        0x1 CMakeFiles/rotor-controller.elf.dir/src/adc.c.obj
 *fill*         0x20000c15        0x3 
 .bss.g_window_tick
                0x20000c18        0x4 CMakeFiles/rotor-controller.elf.dir/src/adc.c.obj
 .bss.g_el_rejects
                0x20000c1c        0x4 CMakeFiles/rotor-controller.elf.dir/src/adc.c.obj
 .bss.g_az_rejects
                0x20000c20        0x4 CMakeFiles/rotor-controller.elf.dir/src/adc.c.obj
 .bss.g_el_filtered
                0x20000c24        0x4 CMakeFiles/rotor-controller.elf.dir/src/adc.c.obj
 .bss.g_az_filtered
                0x20000c28        0x4 CMakeFiles/rotor-controller.elf.dir/src/adc.c.obj
 .bss.g_ring_head
                0x20000c2c        0x4 CMakeFiles/rotor-controller.elf.dir/src/adc.c.obj
 .bss.g_el_ring
                0x20000c30       0x80 CMakeFiles/rotor-controller.elf.dir/src/adc.c.obj
 .bss.g_az_ring
                0x20000cb0       0x80 CMakeFiles/rotor-controller.elf.dir/src/adc.c.obj
 .bss.g_dma_buf
                0x20000d30      0x100 CMakeFiles/rotor-controller.elf.dir/src/adc.c.obj
 *fill*         0x20000e30      0x1d0 
 .bss.g_udma_ctrl
                0x20001000      0x400 CMakeFiles/rotor-controller.elf.dir/src/adc.c.obj
 .bss.hb_tick.0
                0x20001400        0x4 CMakeFiles/rotor-controller.elf.dir/src/net.c.obj
 .bss.g_telem_tick
                0x20001404        0x4 CMakeFiles/rotor-controller.elf.dir/src/net.c.obj
 .bss.g_telem_seq
                0x20001408        0x4 CMakeFiles/rotor-controller.elf.dir/src/net.c.obj
 .bss.g_brain_connected
                0x2000140c        0x1 CMakeFiles/rotor-controller.elf.dir/src/net.c.obj
 .bss.g_brain_ip
                0x2000140d        0x4 CMakeFiles/rotor-controller.elf.dir/src/net.c.obj
 *fill*         0x20001411        0x1 
 .bss.g_tx_wr_ptr
                0x20001412        0x2 CMakeFiles/rotor-controller.elf.dir/src/net.c.obj
 .bss.g_rx_idx  0x20001414        0x2 CMakeFiles/rotor-controller.elf.dir/src/net.c.obj
 .bss.g_rx_buf  0x20001416      0x200 CMakeFiles/rotor-controller.elf.dir/src/net.c.obj
 .bss.g_blocks  0x20001616       0x5a CMakeFiles/rotor-controller.elf.dir/src/blocks.c.obj
 .bss.g_telem_buf
                0x20001670      0x280 CMakeFiles/rotor-controller.elf.dir/src/protocol.c.obj
 .bss.g_ack_buf
                0x200018f0       0x80 CMakeFiles/rotor-controller.elf.dir/src/protocol.c.obj
 .bss.g_tick_ctr
                0x20001970        0x4 CMakeFiles/rotor-controller.elf.dir/src/display.c.obj
 .bss.g_present
                0x20001974        0x1 CMakeFiles/rotor-controller.elf.dir/src/display.c.obj
 *fill*         0x20001975        0x3 
 .bss.g_ui32Base
                0x20001978        0x4 CMakeFiles/rotor-controller.elf.dir/lib/tivaware/utils/uartstdio.c.obj
 .bss._DHCP_    0x2000197c        0x1 libwiznet.a(wizchip_conf.c.obj)
 .bss._DNS_     0x2000197d        0x4 libwiznet.a(wizchip_conf.c.obj)
 .bss.sock_pack_info
                0x20001981        0x8 libwiznet.a(socket.c.obj)
                0x20001981                sock_pack_info
 *fill*         0x20001989        0x1 
 .bss.sock_remained_size
                0x2000198a       0x10 libwiznet.a(socket.c.obj)
 .bss.sock_is_sending
                0x2000199a        0x2 libwiznet.a(socket.c.obj)
 .bss.sock_io_mode
                0x2000199c        0x2 libwiznet.a(socket.c.obj)
 *fill*         0x2000199e        0x2 
 .bss           0x200019a0      0x13c /usr/lib/gcc/arm-none-eabi/14.2.1/../../../arm-none-eabi/lib/thumb/v7e-m+fp/hard/libc_nano.a(libc_a-findfp.o)
                0x200019a0                __sf
                0x20001ad8                __stdio_exit_handler
 .bss           0x20001adc        0x8 /usr/lib/gcc/arm-none-eabi/14.2.1/../../../arm-none-eabi/lib/thumb/v7e-m+fp/hard/libc_nano.a(libc_a-mallocr.o)
                0x20001adc                __malloc_sbrk_start
                0x20001ae0                __malloc_free_list
 .bss           0x20001ae4        0x4 /usr/lib/gcc/arm-none-eabi/14.2.1/../../../arm-none-eabi/lib/thumb/v7e-m+fp/hard/libc_nano.a(libc_a-reent.o)
                0x20001ae4                errno
 .bss           0x20001ae8        0x4 /usr/lib/gcc/arm-none-eabi/14.2.1/../../../arm-none-eabi/lib/thumb/v7e-m+fp/hard/libnosys.a(sbrk.o)
 *(COMMON)
                0x20001aec                        _ebss = .
                0x20001aec                        end = .
                0x20001aec                        _end = .
OUTPUT(rotor-controller.elf elf32-littlearm)
LOAD linker stubs

.ARM.attributes
                0x00000000       0x30
 .ARM.attributes
                0x00000000       0x22 /usr/lib/gcc/arm-none-eabi/14.2.1/thumb/v7e-m+fp/hard/crti.o
 .ARM.attributes
                0x00000022       0x34 CMakeFiles/rotor-controller.elf.dir/src/startup_gcc.c.obj
 .ARM.attributes
                0x00000056       0x34 CMakeFiles/rotor-controller.elf.dir/src/main.c.obj
 .ARM.attributes
                0x0000008a       0x34 CMakeFiles/rotor-controller.elf.dir/src/tick.c.obj
 .ARM.attributes
                0x000000be       0x34 CMakeFiles/rotor-controller.elf.dir/src/adc.c.obj
 .ARM.attributes
                0x000000f2       0x34 CMakeFiles/rotor-controller.elf.dir/src/gpio_outputs.c.obj
 .ARM.attributes
                0x00000126       0x34 CMakeFiles/rotor-controller.elf.dir/src/state_machine.c.obj
 .ARM.attributes
                0x0000015a       0x34 CMakeFiles/rotor-controller.elf.dir/src/net.c.obj
 .ARM.attributes
                0x0000018e       0x34 CMakeFiles/rotor-controller.elf.dir/src/net_persist.c.obj
 .ARM.attributes
                0x000001c2       0x34 CMakeFiles/rotor-controller.elf.dir/src/blocks.c.obj
 .ARM.attributes
                0x000001f6       0x34 CMakeFiles/rotor-controller.elf.dir/src/protocol.c.obj
 .ARM.attributes
                0x0000022a       0x34 CMakeFiles/rotor-controller.elf.dir/src/display.c.obj
 .ARM.attributes
                0x0000025e       0x34 CMakeFiles/rotor-controller.elf.dir/lib/tivaware/utils/uartstdio.c.obj
 .ARM.attributes
                0x00000292       0x34 libdriverlib.a(adc.c.obj)
 .ARM.attributes
                0x000002c6       0x34 libdriverlib.a(eeprom.c.obj)
 .ARM.attributes
                0x000002fa       0x34 libdriverlib.a(gpio.c.obj)
 .ARM.attributes
                0x0000032e       0x34 libdriverlib.a(i2c.c.obj)
 .ARM.attributes
                0x00000362       0x34 libdriverlib.a(interrupt.c.obj)
 .ARM.attributes
                0x00000396       0x34 libdriverlib.a(ssi.c.obj)
 .ARM.attributes
                0x000003ca       0x34 libdriverlib.a(sysctl.c.obj)
 .ARM.attributes
                0x000003fe       0x34 libdriverlib.a(systick.c.obj)
 .ARM.attributes
                0x00000432       0x34 libdriverlib.a(timer.c.obj)
 .ARM.attributes
                0x00000466       0x34 libdriverlib.a(uart.c.obj)
 .ARM.attributes
                0x0000049a       0x34 libdriverlib.a(udma.c.obj)
 .ARM.attributes
                0x000004ce       0x34 libdriverlib.a(watchdog.c.obj)
 .ARM.attributes
                0x00000502       0x34 libdriverlib.a(cpu.c.obj)
 .ARM.attributes
                0x00000536       0x34 libwiznet.a(wizchip_conf.c.obj)
 .ARM.attributes
                0x0000056a       0x34 libwiznet.a(w5500.c.obj)
 .ARM.attributes
                0x0000059e       0x34 libwiznet.a(socket.c.obj)
 .ARM.attributes
                0x000005d2       0x34 /usr/lib/gcc/arm-none-eabi/14.2.1/../../../arm-none-eabi/lib/thumb/v7e-m+fp/hard/libc_nano.a(libc_a-memmove.o)
 .ARM.attributes
                0x00000606       0x34 /usr/lib/gcc/arm-none-eabi/14.2.1/../../../arm-none-eabi/lib/thumb/v7e-m+fp/hard/libc_nano.a(libc_a-strtod.o)
 .ARM.attributes
                0x0000063a       0x34 /usr/lib/gcc/arm-none-eabi/14.2.1/../../../arm-none-eabi/lib/thumb/v7e-m+fp/hard/libc_nano.a(libc_a-gdtoa-gethex.o)
 .ARM.attributes
                0x0000066e       0x34 /usr/lib/gcc/arm-none-eabi/14.2.1/../../../arm-none-eabi/lib/thumb/v7e-m+fp/hard/libc_nano.a(libc_a-strtoul.o)
 .ARM.attributes
                0x000006a2       0x34 /usr/lib/gcc/arm-none-eabi/14.2.1/../../../arm-none-eabi/lib/thumb/v7e-m+fp/hard/libc_nano.a(libc_a-sscanf.o)
 .ARM.attributes
                0x000006d6       0x34 /usr/lib/gcc/arm-none-eabi/14.2.1/../../../arm-none-eabi/lib/thumb/v7e-m+fp/hard/libc_nano.a(libc_a-strstr.o)
 .ARM.attributes
                0x0000070a       0x34 /usr/lib/gcc/arm-none-eabi/14.2.1/../../../arm-none-eabi/lib/thumb/v7e-m+fp/hard/libc_nano.a(libc_a-memset.o)
 .ARM.attributes
                0x0000073e       0x34 /usr/lib/gcc/arm-none-eabi/14.2.1/../../../arm-none-eabi/lib/thumb/v7e-m+fp/hard/libc_nano.a(libc_a-memcmp.o)
 .ARM.attributes
                0x00000772       0x20 /usr/lib/gcc/arm-none-eabi/14.2.1/../../../arm-none-eabi/lib/thumb/v7e-m+fp/hard/libc_nano.a(libc_a-strcmp.o)
 .ARM.attributes
                0x00000792       0x34 /usr/lib/gcc/arm-none-eabi/14.2.1/../../../arm-none-eabi/lib/thumb/v7e-m+fp/hard/libc_nano.a(libc_a-strncmp.o)
 .ARM.attributes
                0x000007c6       0x34 /usr/lib/gcc/arm-none-eabi/14.2.1/../../../arm-none-eabi/lib/thumb/v7e-m+fp/hard/libc_nano.a(libc_a-locale.o)
 .ARM.attributes
                0x000007fa       0x20 /usr/lib/gcc/arm-none-eabi/14.2.1/../../../arm-none-eabi/lib/thumb/v7e-m+fp/hard/libc_nano.a(libc_a-memcpy.o)
 .ARM.attributes
                0x0000081a       0x34 /usr/lib/gcc/arm-none-eabi/14.2.1/../../../arm-none-eabi/lib/thumb/v7e-m+fp/hard/libc_nano.a(libc_a-wctomb_r.o)
 .ARM.attributes
                0x0000084e       0x34 /usr/lib/gcc/arm-none-eabi/14.2.1/../../../arm-none-eabi/lib/thumb/v7e-m+fp/hard/libc_nano.a(libc_a-impure.o)
 .ARM.attributes
                0x00000882       0x1c /usr/lib/gcc/arm-none-eabi/14.2.1/../../../arm-none-eabi/lib/thumb/v7e-m+fp/hard/libc_nano.a(libc_a-strlen.o)
 .ARM.attributes
                0x0000089e       0x34 /usr/lib/gcc/arm-none-eabi/14.2.1/../../../arm-none-eabi/lib/thumb/v7e-m+fp/hard/libc_nano.a(libc_a-strnlen.o)
 .ARM.attributes
                0x000008d2       0x34 /usr/lib/gcc/arm-none-eabi/14.2.1/../../../arm-none-eabi/lib/thumb/v7e-m+fp/hard/libc_nano.a(libc_a-ctype_.o)
 .ARM.attributes
                0x00000906       0x34 /usr/lib/gcc/arm-none-eabi/14.2.1/../../../arm-none-eabi/lib/thumb/v7e-m+fp/hard/libc_nano.a(libc_a-snprintf.o)
 .ARM.attributes
                0x0000093a       0x1c /usr/lib/gcc/arm-none-eabi/14.2.1/../../../arm-none-eabi/lib/thumb/v7e-m+fp/hard/libc_nano.a(libc_a-memchr.o)
 .ARM.attributes
                0x00000956       0x34 /usr/lib/gcc/arm-none-eabi/14.2.1/../../../arm-none-eabi/lib/thumb/v7e-m+fp/hard/libc_nano.a(libc_a-gdtoa-hexnan.o)
 .ARM.attributes
                0x0000098a       0x34 /usr/lib/gcc/arm-none-eabi/14.2.1/../../../arm-none-eabi/lib/thumb/v7e-m+fp/hard/libc_nano.a(libm_a-s_nan.o)
 .ARM.attributes
                0x000009be       0x34 /usr/lib/gcc/arm-none-eabi/14.2.1/../../../arm-none-eabi/lib/thumb/v7e-m+fp/hard/libc_nano.a(libm_a-sf_nan.o)
 .ARM.attributes
                0x000009f2       0x34 /usr/lib/gcc/arm-none-eabi/14.2.1/../../../arm-none-eabi/lib/thumb/v7e-m+fp/hard/libc_nano.a(libc_a-assert.o)
 .ARM.attributes
                0x00000a26       0x34 /usr/lib/gcc/arm-none-eabi/14.2.1/../../../arm-none-eabi/lib/thumb/v7e-m+fp/hard/libc_nano.a(libc_a-mprec.o)
 .ARM.attributes
                0x00000a5a       0x34 /usr/lib/gcc/arm-none-eabi/14.2.1/../../../arm-none-eabi/lib/thumb/v7e-m+fp/hard/libc_nano.a(libc_a-errno.o)
 .ARM.attributes
                0x00000a8e       0x34 /usr/lib/gcc/arm-none-eabi/14.2.1/../../../arm-none-eabi/lib/thumb/v7e-m+fp/hard/libc_nano.a(libc_a-stdio.o)
 .ARM.attributes
                0x00000ac2       0x34 /usr/lib/gcc/arm-none-eabi/14.2.1/../../../arm-none-eabi/lib/thumb/v7e-m+fp/hard/libc_nano.a(libc_a-strchr.o)
 .ARM.attributes
                0x00000af6       0x34 /usr/lib/gcc/arm-none-eabi/14.2.1/../../../arm-none-eabi/lib/thumb/v7e-m+fp/hard/libc_nano.a(libc_a-nano-svfprintf.o)
 .ARM.attributes
                0x00000b2a       0x34 /usr/lib/gcc/arm-none-eabi/14.2.1/../../../arm-none-eabi/lib/thumb/v7e-m+fp/hard/libc_nano.a(libc_a-readr.o)
 .ARM.attributes
                0x00000b5e       0x34 /usr/lib/gcc/arm-none-eabi/14.2.1/../../../arm-none-eabi/lib/thumb/v7e-m+fp/hard/libc_nano.a(libc_a-mbtowc_r.o)
 .ARM.attributes
                0x00000b92       0x34 /usr/lib/gcc/arm-none-eabi/14.2.1/../../../arm-none-eabi/lib/thumb/v7e-m+fp/hard/libc_nano.a(libc_a-nano-svfscanf.o)
 .ARM.attributes
                0x00000bc6       0x34 /usr/lib/gcc/arm-none-eabi/14.2.1/../../../arm-none-eabi/lib/thumb/v7e-m+fp/hard/libc_nano.a(libc_a-writer.o)
 .ARM.attributes
                0x00000bfa       0x34 /usr/lib/gcc/arm-none-eabi/14.2.1/../../../arm-none-eabi/lib/thumb/v7e-m+fp/hard/libc_nano.a(libc_a-closer.o)
 .ARM.attributes
                0x00000c2e       0x34 /usr/lib/gcc/arm-none-eabi/14.2.1/../../../arm-none-eabi/lib/thumb/v7e-m+fp/hard/libc_nano.a(libc_a-nano-vfscanf_i.o)
 .ARM.attributes
                0x00000c62       0x34 /usr/lib/gcc/arm-none-eabi/14.2.1/../../../arm-none-eabi/lib/thumb/v7e-m+fp/hard/libc_nano.a(libc_a-lseekr.o)
 .ARM.attributes
                0x00000c96       0x34 /usr/lib/gcc/arm-none-eabi/14.2.1/../../../arm-none-eabi/lib/thumb/v7e-m+fp/hard/libc_nano.a(libc_a-findfp.o)
 .ARM.attributes
                0x00000cca       0x34 /usr/lib/gcc/arm-none-eabi/14.2.1/../../../arm-none-eabi/lib/thumb/v7e-m+fp/hard/libc_nano.a(libc_a-abort.o)
 .ARM.attributes
                0x00000cfe       0x34 /usr/lib/gcc/arm-none-eabi/14.2.1/../../../arm-none-eabi/lib/thumb/v7e-m+fp/hard/libc_nano.a(libc_a-fflush.o)
 .ARM.attributes
                0x00000d32       0x34 /usr/lib/gcc/arm-none-eabi/14.2.1/../../../arm-none-eabi/lib/thumb/v7e-m+fp/hard/libc_nano.a(libc_a-callocr.o)
 .ARM.attributes
                0x00000d66       0x34 /usr/lib/gcc/arm-none-eabi/14.2.1/../../../arm-none-eabi/lib/thumb/v7e-m+fp/hard/libc_nano.a(libc_a-mallocr.o)
 .ARM.attributes
                0x00000d9a       0x34 /usr/lib/gcc/arm-none-eabi/14.2.1/../../../arm-none-eabi/lib/thumb/v7e-m+fp/hard/libc_nano.a(libc_a-freer.o)
 .ARM.attributes
                0x00000dce       0x34 /usr/lib/gcc/arm-none-eabi/14.2.1/../../../arm-none-eabi/lib/thumb/v7e-m+fp/hard/libc_nano.a(libc_a-strtol.o)
 .ARM.attributes
                0x00000e02       0x34 /usr/lib/gcc/arm-none-eabi/14.2.1/../../../arm-none-eabi/lib/thumb/v7e-m+fp/hard/libc_nano.a(libc_a-fwalk.o)
 .ARM.attributes
                0x00000e36       0x34 /usr/lib/gcc/arm-none-eabi/14.2.1/../../../arm-none-eabi/lib/thumb/v7e-m+fp/hard/libc_nano.a(libc_a-reent.o)
 .ARM.attributes
                0x00000e6a       0x34 /usr/lib/gcc/arm-none-eabi/14.2.1/../../../arm-none-eabi/lib/thumb/v7e-m+fp/hard/libc_nano.a(libc_a-malloc.o)
 .ARM.attributes
                0x00000e9e       0x34 /usr/lib/gcc/arm-none-eabi/14.2.1/../../../arm-none-eabi/lib/thumb/v7e-m+fp/hard/libc_nano.a(libc_a-ungetc.o)
 .ARM.attributes
                0x00000ed2       0x34 /usr/lib/gcc/arm-none-eabi/14.2.1/../../../arm-none-eabi/lib/thumb/v7e-m+fp/hard/libc_nano.a(libc_a-fprintf.o)
 .ARM.attributes
                0x00000f06       0x34 /usr/lib/gcc/arm-none-eabi/14.2.1/../../../arm-none-eabi/lib/thumb/v7e-m+fp/hard/libc_nano.a(libc_a-reallocr.o)
 .ARM.attributes
                0x00000f3a       0x34 /usr/lib/gcc/arm-none-eabi/14.2.1/../../../arm-none-eabi/lib/thumb/v7e-m+fp/hard/libc_nano.a(libc_a-nano-vfprintf_i.o)
 .ARM.attributes
                0x00000f6e       0x34 /usr/lib/gcc/arm-none-eabi/14.2.1/../../../arm-none-eabi/lib/thumb/v7e-m+fp/hard/libc_nano.a(libc_a-sccl.o)
 .ARM.attributes
                0x00000fa2       0x34 /usr/lib/gcc/arm-none-eabi/14.2.1/../../../arm-none-eabi/lib/thumb/v7e-m+fp/hard/libc_nano.a(libc_a-mlock.o)
 .ARM.attributes
                0x00000fd6       0x34 /usr/lib/gcc/arm-none-eabi/14.2.1/../../../arm-none-eabi/lib/thumb/v7e-m+fp/hard/libc_nano.a(libc_a-signal.o)
 .ARM.attributes
                0x0000100a       0x34 /usr/lib/gcc/arm-none-eabi/14.2.1/../../../arm-none-eabi/lib/thumb/v7e-m+fp/hard/libc_nano.a(libc_a-nano-vfprintf.o)
 .ARM.attributes
                0x0000103e       0x34 /usr/lib/gcc/arm-none-eabi/14.2.1/../../../arm-none-eabi/lib/thumb/v7e-m+fp/hard/libc_nano.a(libc_a-sbrkr.o)
 .ARM.attributes
                0x00001072       0x34 /usr/lib/gcc/arm-none-eabi/14.2.1/../../../arm-none-eabi/lib/thumb/v7e-m+fp/hard/libc_nano.a(libc_a-msizer.o)
 .ARM.attributes
                0x000010a6       0x34 /usr/lib/gcc/arm-none-eabi/14.2.1/../../../arm-none-eabi/lib/thumb/v7e-m+fp/hard/libc_nano.a(libc_a-fvwrite.o)
 .ARM.attributes
                0x000010da       0x34 /usr/lib/gcc/arm-none-eabi/14.2.1/../../../arm-none-eabi/lib/thumb/v7e-m+fp/hard/libc_nano.a(libc_a-wsetup.o)
 .ARM.attributes
                0x0000110e       0x34 /usr/lib/gcc/arm-none-eabi/14.2.1/../../../arm-none-eabi/lib/thumb/v7e-m+fp/hard/libc_nano.a(libc_a-wbuf.o)
 .ARM.attributes
                0x00001142       0x34 /usr/lib/gcc/arm-none-eabi/14.2.1/../../../arm-none-eabi/lib/thumb/v7e-m+fp/hard/libc_nano.a(libc_a-makebuf.o)
 .ARM.attributes
                0x00001176       0x34 /usr/lib/gcc/arm-none-eabi/14.2.1/../../../arm-none-eabi/lib/thumb/v7e-m+fp/hard/libc_nano.a(libc_a-signalr.o)
 .ARM.attributes
                0x000011aa       0x34 /usr/lib/gcc/arm-none-eabi/14.2.1/../../../arm-none-eabi/lib/thumb/v7e-m+fp/hard/libc_nano.a(libc_a-fstatr.o)
 .ARM.attributes
                0x000011de       0x34 /usr/lib/gcc/arm-none-eabi/14.2.1/../../../arm-none-eabi/lib/thumb/v7e-m+fp/hard/libc_nano.a(libc_a-isattyr.o)
 .ARM.attributes
                0x00001212       0x22 /usr/lib/gcc/arm-none-eabi/14.2.1/thumb/v7e-m+fp/hard/libgcc.a(_arm_addsubdf3.o)
 .ARM.attributes
                0x00001234       0x22 /usr/lib/gcc/arm-none-eabi/14.2.1/thumb/v7e-m+fp/hard/libgcc.a(_arm_muldivdf3.o)
 .ARM.attributes
                0x00001256       0x22 /usr/lib/gcc/arm-none-eabi/14.2.1/thumb/v7e-m+fp/hard/libgcc.a(_arm_cmpdf2.o)
 .ARM.attributes
                0x00001278       0x22 /usr/lib/gcc/arm-none-eabi/14.2.1/thumb/v7e-m+fp/hard/libgcc.a(_arm_unorddf2.o)
 .ARM.attributes
                0x0000129a       0x22 /usr/lib/gcc/arm-none-eabi/14.2.1/thumb/v7e-m+fp/hard/libgcc.a(_arm_fixunsdfsi.o)
 .ARM.attributes
                0x000012bc       0x22 /usr/lib/gcc/arm-none-eabi/14.2.1/thumb/v7e-m+fp/hard/libgcc.a(_arm_truncdfsf2.o)
 .ARM.attributes
                0x000012de       0x34 /usr/lib/gcc/arm-none-eabi/14.2.1/thumb/v7e-m+fp/hard/libgcc.a(_fixdfdi.o)
 .ARM.attributes
                0x00001312       0x34 /usr/lib/gcc/arm-none-eabi/14.2.1/thumb/v7e-m+fp/hard/libgcc.a(_fixunsdfdi.o)
 .ARM.attributes
                0x00001346       0x34 /usr/lib/gcc/arm-none-eabi/14.2.1/../../../arm-none-eabi/lib/thumb/v7e-m+fp/hard/libnosys.a(close.o)
 .ARM.attributes
                0x0000137a       0x34 /usr/lib/gcc/arm-none-eabi/14.2.1/../../../arm-none-eabi/lib/thumb/v7e-m+fp/hard/libnosys.a(fstat.o)
 .ARM.attributes
                0x000013ae       0x34 /usr/lib/gcc/arm-none-eabi/14.2.1/../../../arm-none-eabi/lib/thumb/v7e-m+fp/hard/libnosys.a(getpid.o)
 .ARM.attributes
                0x000013e2       0x34 /usr/lib/gcc/arm-none-eabi/14.2.1/../../../arm-none-eabi/lib/thumb/v7e-m+fp/hard/libnosys.a(isatty.o)
 .ARM.attributes
                0x00001416       0x34 /usr/lib/gcc/arm-none-eabi/14.2.1/../../../arm-none-eabi/lib/thumb/v7e-m+fp/hard/libnosys.a(kill.o)
 .ARM.attributes
                0x0000144a       0x34 /usr/lib/gcc/arm-none-eabi/14.2.1/../../../arm-none-eabi/lib/thumb/v7e-m+fp/hard/libnosys.a(lseek.o)
 .ARM.attributes
                0x0000147e       0x34 /usr/lib/gcc/arm-none-eabi/14.2.1/../../../arm-none-eabi/lib/thumb/v7e-m+fp/hard/libnosys.a(read.o)
 .ARM.attributes
                0x000014b2       0x34 /usr/lib/gcc/arm-none-eabi/14.2.1/../../../arm-none-eabi/lib/thumb/v7e-m+fp/hard/libnosys.a(sbrk.o)
 .ARM.attributes
                0x000014e6       0x34 /usr/lib/gcc/arm-none-eabi/14.2.1/../../../arm-none-eabi/lib/thumb/v7e-m+fp/hard/libnosys.a(write.o)
 .ARM.attributes
                0x0000151a       0x34 /usr/lib/gcc/arm-none-eabi/14.2.1/../../../arm-none-eabi/lib/thumb/v7e-m+fp/hard/libnosys.a(_exit.o)

.comment        0x00000000       0x4c
 .comment       0x00000000       0x4c CMakeFiles/rotor-controller.elf.dir/src/startup_gcc.c.obj
                                 0x27 (size before relaxing)
 .comment       0x0000004c       0x27 CMakeFiles/rotor-controller.elf.dir/src/main.c.obj
 .comment       0x0000004c       0x27 CMakeFiles/rotor-controller.elf.dir/src/tick.c.obj
 .comment       0x0000004c       0x27 CMakeFiles/rotor-controller.elf.dir/src/adc.c.obj
 .comment       0x0000004c       0x27 CMakeFiles/rotor-controller.elf.dir/src/gpio_outputs.c.obj
 .comment       0x0000004c       0x27 CMakeFiles/rotor-controller.elf.dir/src/state_machine.c.obj
 .comment       0x0000004c       0x27 CMakeFiles/rotor-controller.elf.dir/src/net.c.obj
 .comment       0x0000004c       0x27 CMakeFiles/rotor-controller.elf.dir/src/net_persist.c.obj
 .comment       0x0000004c       0x27 CMakeFiles/rotor-controller.elf.dir/src/blocks.c.obj
 .comment       0x0000004c       0x27 CMakeFiles/rotor-controller.elf.dir/src/protocol.c.obj
 .comment       0x0000004c       0x27 CMakeFiles/rotor-controller.elf.dir/src/display.c.obj
 .comment       0x0000004c       0x27 CMakeFiles/rotor-controller.elf.dir/lib/tivaware/utils/uartstdio.c.obj
 .comment       0x0000004c       0x27 libdriverlib.a(adc.c.obj)
 .comment       0x0000004c       0x27 libdriverlib.a(eeprom.c.obj)
 .comment       0x0000004c       0x27 libdriverlib.a(gpio.c.obj)
 .comment       0x0000004c       0x27 libdriverlib.a(i2c.c.obj)
 .comment       0x0000004c       0x27 libdriverlib.a(interrupt.c.obj)
 .comment       0x0000004c       0x27 libdriverlib.a(ssi.c.obj)
 .comment       0x0000004c       0x27 libdriverlib.a(sysctl.c.obj)
 .comment       0x0000004c       0x27 libdriverlib.a(systick.c.obj)
 .comment       0x0000004c       0x27 libdriverlib.a(timer.c.obj)
 .comment       0x0000004c       0x27 libdriverlib.a(uart.c.obj)
 .comment       0x0000004c       0x27 libdriverlib.a(udma.c.obj)
 .comment       0x0000004c       0x27 libdriverlib.a(watchdog.c.obj)
 .comment       0x0000004c       0x27 libdriverlib.a(cpu.c.obj)
 .comment       0x0000004c       0x27 libwiznet.a(wizchip_conf.c.obj)
 .comment       0x0000004c       0x27 libwiznet.a(w5500.c.obj)
 .comment       0x0000004c       0x27 libwiznet.a(socket.c.obj)
 .comment       0x0000004c       0x27 /usr/lib/gcc/arm-none-eabi/14.2.1/../../../arm-none-eabi/lib/thumb/v7e-m+fp/hard/libc_nano.a(libc_a-memmove.o)
 .comment       0x0000004c       0x27 /usr/lib/gcc/arm-none-eabi/14.2.1/../../../arm-none-eabi/lib/thumb/v7e-m+fp/hard/libc_nano.a(libc_a-strtod.o)
 .comment       0x0000004c       0x27 /usr/lib/gcc/arm-none-eabi/14.2.1/../../../arm-none-eabi/lib/thumb/v7e-m+fp/hard/libc_nano.a(libc_a-gdtoa-gethex.o)
 .comment       0x0000004c       0x27 /usr/lib/gcc/arm-none-eabi/14.2.1/../../../arm-none-eabi/lib/thumb/v7e-m+fp/hard/libc_nano.a(libc_a-strtoul.o)
 .comment       0x0000004c       0x27 /usr/lib/gcc/arm-none-eabi/14.2.1/../../../arm-none-eabi/lib/thumb/v7e-m+fp/hard/libc_nano.a(libc_a-sscanf.o)
 .comment       0x0000004c       0x27 /usr/lib/gcc/arm-none-eabi/14.2.1/../../../arm-none-eabi/lib/thumb/v7e-m+fp/hard/libc_nano.a(libc_a-strstr.o)
 .comment       0x0000004c       0x27 /usr/lib/gcc/arm-none-eabi/14.2.1/../../../arm-none-eabi/lib/thumb/v7e-m+fp/hard/libc_nano.a(libc_a-memset.o)
 .comment       0x0000004c       0x27 /usr/lib/gcc/arm-none-eabi/14.2.1/../../../arm-none-eabi/lib/thumb/v7e-m+fp/hard/libc_nano.a(libc_a-memcmp.o)
 .comment       0x0000004c       0x27 /usr/lib/gcc/arm-none-eabi/14.2.1/../../../arm-none-eabi/lib/thumb/v7e-m+fp/hard/libc_nano.a(libc_a-strncmp.o)
 .comment       0x0000004c       0x27 /usr/lib/gcc/arm-none-eabi/14.2.1/../../../arm-none-eabi/lib/thumb/v7e-m+fp/hard/libc_nano.a(libc_a-locale.o)
 .comment       0x0000004c       0x27 /usr/lib/gcc/arm-none-eabi/14.2.1/../../../arm-none-eabi/lib/thumb/v7e-m+fp/hard/libc_nano.a(libc_a-wctomb_r.o)
 .comment       0x0000004c       0x27 /usr/lib/gcc/arm-none-eabi/14.2.1/../../../arm-none-eabi/lib/thumb/v7e-m+fp/hard/libc_nano.a(libc_a-impure.o)
 .comment       0x0000004c       0x27 /usr/lib/gcc/arm-none-eabi/14.2.1/../../../arm-none-eabi/lib/thumb/v7e-m+fp/hard/libc_nano.a(libc_a-strnlen.o)
 .comment       0x0000004c       0x27 /usr/lib/gcc/arm-none-eabi/14.2.1/../../../arm-none-eabi/lib/thumb/v7e-m+fp/hard/libc_nano.a(libc_a-ctype_.o)
 .comment       0x0000004c       0x27 /usr/lib/gcc/arm-none-eabi/14.2.1/../../../arm-none-eabi/lib/thumb/v7e-m+fp/hard/libc_nano.a(libc_a-snprintf.o)
 .comment       0x0000004c       0x27 /usr/lib/gcc/arm-none-eabi/14.2.1/../../../arm-none-eabi/lib/thumb/v7e-m+fp/hard/libc_nano.a(libc_a-gdtoa-hexnan.o)
 .comment       0x0000004c       0x27 /usr/lib/gcc/arm-none-eabi/14.2.1/../../../arm-none-eabi/lib/thumb/v7e-m+fp/hard/libc_nano.a(libm_a-s_nan.o)
 .comment       0x0000004c       0x27 /usr/lib/gcc/arm-none-eabi/14.2.1/../../../arm-none-eabi/lib/thumb/v7e-m+fp/hard/libc_nano.a(libm_a-sf_nan.o)
 .comment       0x0000004c       0x27 /usr/lib/gcc/arm-none-eabi/14.2.1/../../../arm-none-eabi/lib/thumb/v7e-m+fp/hard/libc_nano.a(libc_a-assert.o)
 .comment       0x0000004c       0x27 /usr/lib/gcc/arm-none-eabi/14.2.1/../../../arm-none-eabi/lib/thumb/v7e-m+fp/hard/libc_nano.a(libc_a-mprec.o)
 .comment       0x0000004c       0x27 /usr/lib/gcc/arm-none-eabi/14.2.1/../../../arm-none-eabi/lib/thumb/v7e-m+fp/hard/libc_nano.a(libc_a-errno.o)
 .comment       0x0000004c       0x27 /usr/lib/gcc/arm-none-eabi/14.2.1/../../../arm-none-eabi/lib/thumb/v7e-m+fp/hard/libc_nano.a(libc_a-stdio.o)
 .comment       0x0000004c       0x27 /usr/lib/gcc/arm-none-eabi/14.2.1/../../../arm-none-eabi/lib/thumb/v7e-m+fp/hard/libc_nano.a(libc_a-strchr.o)
 .comment       0x0000004c       0x27 /usr/lib/gcc/arm-none-eabi/14.2.1/../../../arm-none-eabi/lib/thumb/v7e-m+fp/hard/libc_nano.a(libc_a-nano-svfprintf.o)
 .comment       0x0000004c       0x27 /usr/lib/gcc/arm-none-eabi/14.2.1/../../../arm-none-eabi/lib/thumb/v7e-m+fp/hard/libc_nano.a(libc_a-readr.o)
 .comment       0x0000004c       0x27 /usr/lib/gcc/arm-none-eabi/14.2.1/../../../arm-none-eabi/lib/thumb/v7e-m+fp/hard/libc_nano.a(libc_a-mbtowc_r.o)
 .comment       0x0000004c       0x27 /usr/lib/gcc/arm-none-eabi/14.2.1/../../../arm-none-eabi/lib/thumb/v7e-m+fp/hard/libc_nano.a(libc_a-nano-svfscanf.o)
 .comment       0x0000004c       0x27 /usr/lib/gcc/arm-none-eabi/14.2.1/../../../arm-none-eabi/lib/thumb/v7e-m+fp/hard/libc_nano.a(libc_a-writer.o)
 .comment       0x0000004c       0x27 /usr/lib/gcc/arm-none-eabi/14.2.1/../../../arm-none-eabi/lib/thumb/v7e-m+fp/hard/libc_nano.a(libc_a-closer.o)
 .comment       0x0000004c       0x27 /usr/lib/gcc/arm-none-eabi/14.2.1/../../../arm-none-eabi/lib/thumb/v7e-m+fp/hard/libc_nano.a(libc_a-nano-vfscanf_i.o)
 .comment       0x0000004c       0x27 /usr/lib/gcc/arm-none-eabi/14.2.1/../../../arm-none-eabi/lib/thumb/v7e-m+fp/hard/libc_nano.a(libc_a-lseekr.o)
 .comment       0x0000004c       0x27 /usr/lib/gcc/arm-none-eabi/14.2.1/../../../arm-none-eabi/lib/thumb/v7e-m+fp/hard/libc_nano.a(libc_a-findfp.o)
 .comment       0x0000004c       0x27 /usr/lib/gcc/arm-none-eabi/14.2.1/../../../arm-none-eabi/lib/thumb/v7e-m+fp/hard/libc_nano.a(libc_a-abort.o)
 .comment       0x0000004c       0x27 /usr/lib/gcc/arm-none-eabi/14.2.1/../../../arm-none-eabi/lib/thumb/v7e-m+fp/hard/libc_nano.a(libc_a-fflush.o)
 .comment       0x0000004c       0x27 /usr/lib/gcc/arm-none-eabi/14.2.1/../../../arm-none-eabi/lib/thumb/v7e-m+fp/hard/libc_nano.a(libc_a-callocr.o)
 .comment       0x0000004c       0x27 /usr/lib/gcc/arm-none-eabi/14.2.1/../../../arm-none-eabi/lib/thumb/v7e-m+fp/hard/libc_nano.a(libc_a-mallocr.o)
 .comment       0x0000004c       0x27 /usr/lib/gcc/arm-none-eabi/14.2.1/../../../arm-none-eabi/lib/thumb/v7e-m+fp/hard/libc_nano.a(libc_a-freer.o)
 .comment       0x0000004c       0x27 /usr/lib/gcc/arm-none-eabi/14.2.1/../../../arm-none-eabi/lib/thumb/v7e-m+fp/hard/libc_nano.a(libc_a-strtol.o)
 .comment       0x0000004c       0x27 /usr/lib/gcc/arm-none-eabi/14.2.1/../../../arm-none-eabi/lib/thumb/v7e-m+fp/hard/libc_nano.a(libc_a-fwalk.o)
 .comment       0x0000004c       0x27 /usr/lib/gcc/arm-none-eabi/14.2.1/../../../arm-none-eabi/lib/thumb/v7e-m+fp/hard/libc_nano.a(libc_a-reent.o)
 .comment       0x0000004c       0x27 /usr/lib/gcc/arm-none-eabi/14.2.1/../../../arm-none-eabi/lib/thumb/v7e-m+fp/hard/libc_nano.a(libc_a-malloc.o)
 .comment       0x0000004c       0x27 /usr/lib/gcc/arm-none-eabi/14.2.1/../../../arm-none-eabi/lib/thumb/v7e-m+fp/hard/libc_nano.a(libc_a-ungetc.o)
 .comment       0x0000004c       0x27 /usr/lib/gcc/arm-none-eabi/14.2.1/../../../arm-none-eabi/lib/thumb/v7e-m+fp/hard/libc_nano.a(libc_a-fprintf.o)
 .comment       0x0000004c       0x27 /usr/lib/gcc/arm-none-eabi/14.2.1/../../../arm-none-eabi/lib/thumb/v7e-m+fp/hard/libc_nano.a(libc_a-reallocr.o)
 .comment       0x0000004c       0x27 /usr/lib/gcc/arm-none-eabi/14.2.1/../../../arm-none-eabi/lib/thumb/v7e-m+fp/hard/libc_nano.a(libc_a-nano-vfprintf_i.o)
 .comment       0x0000004c       0x27 /usr/lib/gcc/arm-none-eabi/14.2.1/../../../arm-none-eabi/lib/thumb/v7e-m+fp/hard/libc_nano.a(libc_a-sccl.o)
 .comment       0x0000004c       0x27 /usr/lib/gcc/arm-none-eabi/14.2.1/../../../arm-none-eabi/lib/thumb/v7e-m+fp/hard/libc_nano.a(libc_a-mlock.o)
 .comment       0x0000004c       0x27 /usr/lib/gcc/arm-none-eabi/14.2.1/../../../arm-none-eabi/lib/thumb/v7e-m+fp/hard/libc_nano.a(libc_a-signal.o)
 .comment       0x0000004c       0x27 /usr/lib/gcc/arm-none-eabi/14.2.1/../../../arm-none-eabi/lib/thumb/v7e-m+fp/hard/libc_nano.a(libc_a-nano-vfprintf.o)
 .comment       0x0000004c       0x27 /usr/lib/gcc/arm-none-eabi/14.2.1/../../../arm-none-eabi/lib/thumb/v7e-m+fp/hard/libc_nano.a(libc_a-sbrkr.o)
 .comment       0x0000004c       0x27 /usr/lib/gcc/arm-none-eabi/14.2.1/../../../arm-none-eabi/lib/thumb/v7e-m+fp/hard/libc_nano.a(libc_a-msizer.o)
 .comment       0x0000004c       0x27 /usr/lib/gcc/arm-none-eabi/14.2.1/../../../arm-none-eabi/lib/thumb/v7e-m+fp/hard/libc_nano.a(libc_a-fvwrite.o)
 .comment       0x0000004c       0x27 /usr/lib/gcc/arm-none-eabi/14.2.1/../../../arm-none-eabi/lib/thumb/v7e-m+fp/hard/libc_nano.a(libc_a-wsetup.o)
 .comment       0x0000004c       0x27 /usr/lib/gcc/arm-none-eabi/14.2.1/../../../arm-none-eabi/lib/thumb/v7e-m+fp/hard/libc_nano.a(libc_a-wbuf.o)
 .comment       0x0000004c       0x27 /usr/lib/gcc/arm-none-eabi/14.2.1/../../../arm-none-eabi/lib/thumb/v7e-m+fp/hard/libc_nano.a(libc_a-makebuf.o)
 .comment       0x0000004c       0x27 /usr/lib/gcc/arm-none-eabi/14.2.1/../../../arm-none-eabi/lib/thumb/v7e-m+fp/hard/libc_nano.a(libc_a-signalr.o)
 .comment       0x0000004c       0x27 /usr/lib/gcc/arm-none-eabi/14.2.1/../../../arm-none-eabi/lib/thumb/v7e-m+fp/hard/libc_nano.a(libc_a-fstatr.o)
 .comment       0x0000004c       0x27 /usr/lib/gcc/arm-none-eabi/14.2.1/../../../arm-none-eabi/lib/thumb/v7e-m+fp/hard/libc_nano.a(libc_a-isattyr.o)
 .comment       0x0000004c       0x27 /usr/lib/gcc/arm-none-eabi/14.2.1/thumb/v7e-m+fp/hard/libgcc.a(_fixdfdi.o)
 .comment       0x0000004c       0x27 /usr/lib/gcc/arm-none-eabi/14.2.1/thumb/v7e-m+fp/hard/libgcc.a(_fixunsdfdi.o)
 .comment       0x0000004c       0x27 /usr/lib/gcc/arm-none-eabi/14.2.1/../../../arm-none-eabi/lib/thumb/v7e-m+fp/hard/libnosys.a(close.o)
 .comment       0x0000004c       0x27 /usr/lib/gcc/arm-none-eabi/14.2.1/../../../arm-none-eabi/lib/thumb/v7e-m+fp/hard/libnosys.a(fstat.o)
 .comment       0x0000004c       0x27 /usr/lib/gcc/arm-none-eabi/14.2.1/../../../arm-none-eabi/lib/thumb/v7e-m+fp/hard/libnosys.a(getpid.o)
 .comment       0x0000004c       0x27 /usr/lib/gcc/arm-none-eabi/14.2.1/../../../arm-none-eabi/lib/thumb/v7e-m+fp/hard/libnosys.a(isatty.o)
 .comment       0x0000004c       0x27 /usr/lib/gcc/arm-none-eabi/14.2.1/../../../arm-none-eabi/lib/thumb/v7e-m+fp/hard/libnosys.a(kill.o)
 .comment       0x0000004c       0x27 /usr/lib/gcc/arm-none-eabi/14.2.1/../../../arm-none-eabi/lib/thumb/v7e-m+fp/hard/libnosys.a(lseek.o)
 .comment       0x0000004c       0x27 /usr/lib/gcc/arm-none-eabi/14.2.1/../../../arm-none-eabi/lib/thumb/v7e-m+fp/hard/libnosys.a(read.o)
 .comment       0x0000004c       0x27 /usr/lib/gcc/arm-none-eabi/14.2.1/../../../arm-none-eabi/lib/thumb/v7e-m+fp/hard/libnosys.a(sbrk.o)
 .comment       0x0000004c       0x27 /usr/lib/gcc/arm-none-eabi/14.2.1/../../../arm-none-eabi/lib/thumb/v7e-m+fp/hard/libnosys.a(write.o)
 .comment       0x0000004c       0x27 /usr/lib/gcc/arm-none-eabi/14.2.1/../../../arm-none-eabi/lib/thumb/v7e-m+fp/hard/libnosys.a(_exit.o)

.debug_info     0x00000000    0x21afe