Archive member included to satisfy reference by file (symbol)

libdriverlib.a(adc.c.obj)     CMakeFiles/rotor-controller.elf.dir/src/adc.c.obj (ADCIntEnable)
libdriverlib.a(gpio.c.obj)    CMakeFiles/rotor-controller.elf.dir/src/main.c.obj (GPIOPadConfigSet)
libdriverlib.a(i2c.c.obj)     CMakeFiles/rotor-controller.elf.dir/src/display.c.obj (I2CMasterInitExpClk)
libdriverlib.a(interrupt.c.obj)
                              CMakeFiles/rotor-controller.elf.dir/src/tick.c.obj (IntMasterEnable)
libdriverlib.a(ssi.c.obj)     CMakeFiles/rotor-controller.elf.dir/src/net.c.obj (SSIConfigSetExpClk)
libdriverlib.a(sysctl.c.obj)  CMakeFiles/rotor-controller.elf.dir/lib/tivaware/utils/uartstdio.c.obj (SysCtlPeripheralPresent)
libdriverlib.a(systick.c.obj)
                              CMakeFiles/rotor-controller.elf.dir/src/tick.c.obj (SysTickEnable)
libdriverlib.a(timer.c.obj)   CMakeFiles/rotor-controller.elf.dir/src/adc.c.obj (TimerEnable)
libdriverlib.a(uart.c.obj)    CMakeFiles/rotor-controller.elf.dir/lib/tivaware/utils/uartstdio.c.obj (UARTEnable)
libdriverlib.a(udma.c.obj)    CMakeFiles/rotor-controller.elf.dir/src/adc.c.obj (uDMAEnable)
libdriverlib.a(watchdog.c.obj)
                              CMakeFiles/rotor-controller.elf.dir/src/main.c.obj (WatchdogEnable)
libdriverlib.a(cpu.c.obj)     libdriverlib.a(interrupt.c.obj) (CPUcpsid)
libwiznet.a(wizchip_conf.c.obj)
                              CMakeFiles/rotor-controller.elf.dir/src/net.c.obj (reg_wizchip_cs_cbfunc)
libwiznet.a(w5500.c.obj)      CMakeFiles/rotor-controller.elf.dir/src/main.c.obj (WIZCHIP_READ)
libwiznet.a(socket.c.obj)     CMakeFiles/rotor-controller.elf.dir/src/net.c.obj (socket)
/usr/lib/gcc/arm-none-eabi/14.2.1/../../../arm-none-eabi/lib/thumb/v7e-m+fp/hard/libc_nano.a(libc_a-memmove.o)
                              CMakeFiles/rotor-controller.elf.dir/src/net.c.obj (memmove)
/usr/lib/gcc/arm-none-eabi/14.2.1/../../../arm-none-eabi/lib/thumb/v7e-m+fp/hard/libc_nano.a(libc_a-strtod.o)
                              CMakeFiles/rotor-controller.elf.dir/src/protocol.c.obj (strtof)
/usr/lib/gcc/arm-none-eabi/14.2.1/../../../arm-none-eabi/lib/thumb/v7e-m+fp/hard/libc_nano.a(libc_a-gdtoa-gethex.o)
                              /usr/lib/gcc/arm-none-eabi/14.2.1/../../../arm-none-eabi/lib/thumb/v7e-m+fp/hard/libc_nano.a(libc_a-strtod.o) (__gethex)
/usr/lib/gcc/arm-none-eabi/14.2.1/../../../arm-none-eabi/lib/thumb/v7e-m+fp/hard/libc_nano.a(libc_a-strtoul.o)
                              CMakeFiles/rotor-controller.elf.dir/src/protocol.c.obj (strtoul)
/usr/lib/gcc/arm-none-eabi/14.2.1/../../../arm-none-eabi/lib/thumb/v7e-m+fp/hard/libc_nano.a(libc_a-init.o)
                              /usr/lib/gcc/arm-none-eabi/14.2.1/../../../arm-none-eabi/lib/thumb/v7e-m+fp/hard/crt0.o (__libc_init_array)
/usr/lib/gcc/arm-none-eabi/14.2.1/../../../arm-none-eabi/lib/thumb/v7e-m+fp/hard/libc_nano.a(libc_a-strstr.o)
                              CMakeFiles/rotor-controller.elf.dir/src/protocol.c.obj (strstr)
/usr/lib/gcc/arm-none-eabi/14.2.1/../../../arm-none-eabi/lib/thumb/v7e-m+fp/hard/libc_nano.a(libc_a-memset.o)
                              /usr/lib/gcc/arm-none-eabi/14.2.1/../../../arm-none-eabi/lib/thumb/v7e-m+fp/hard/crt0.o (memset)
/usr/lib/gcc/arm-none-eabi/14.2.1/../../../arm-none-eabi/lib/thumb/v7e-m+fp/hard/libc_nano.a(libc_a-memcmp.o)
                              /usr/lib/gcc/arm-none-eabi/14.2.1/../../../arm-none-eabi/lib/thumb/v7e-m+fp/hard/libc_nano.a(libc_a-strstr.o) (memcmp)
/usr/lib/gcc/arm-none-eabi/14.2.1/../../../arm-none-eabi/lib/thumb/v7e-m+fp/hard/libc_nano.a(libc_a-strcmp.o)
                              CMakeFiles/rotor-controller.elf.dir/src/protocol.c.obj (strcmp)
/usr/lib/gcc/arm-none-eabi/14.2.1/../../../arm-none-eabi/lib/thumb/v7e-m+fp/hard/libc_nano.a(libc_a-strncmp.o)
                              CMakeFiles/rotor-controller.elf.dir/src/protocol.c.obj (strncmp)
/usr/lib/gcc/arm-none-eabi/14.2.1/../../../arm-none-eabi/lib/thumb/v7e-m+fp/hard/libc_nano.a(libc_a-locale.o)
                              /usr/lib/gcc/arm-none-eabi/14.2.1/../../../arm-none-eabi/lib/thumb/v7e-m+fp/hard/libc_nano.a(libc_a-strtod.o) (__global_locale)
/usr/lib/gcc/arm-none-eabi/14.2.1/../../../arm-none-eabi/lib/thumb/v7e-m+fp/hard/libc_nano.a(libc_a-memcpy.o)
                              CMakeFiles/rotor-controller.elf.dir/src/protocol.c.obj (memcpy)
/usr/lib/gcc/arm-none-eabi/14.2.1/../../../arm-none-eabi/lib/thumb/v7e-m+fp/hard/libc_nano.a(libc_a-wctomb_r.o)
                              /usr/lib/gcc/arm-none-eabi/14.2.1/../../../arm-none-eabi/lib/thumb/v7e-m+fp/hard/libc_nano.a(libc_a-locale.o) (__ascii_wctomb)
/usr/lib/gcc/arm-none-eabi/14.2.1/../../../arm-none-eabi/lib/thumb/v7e-m+fp/hard/libc_nano.a(libc_a-impure.o)
                              /usr/lib/gcc/arm-none-eabi/14.2.1/../../../arm-none-eabi/lib/thumb/v7e-m+fp/hard/libc_nano.a(libc_a-strtod.o) (_impure_ptr)
[...]
Memory Configuration

Name             Origin             Length             Attributes
FLASH            0x00000000         0x00040000         xr
SRAM             0x20000000         0x00008000         xrw
*default*        0x00000000         0xffffffff

Linker script and memory map

LOAD /usr/lib/gcc/arm-none-eabi/14.2.1/thumb/v7e-m+fp/hard/crti.o
LOAD /usr/lib/gcc/arm-none-eabi/14.2.1/thumb/v7e-m+fp/hard/crtbegin.o
LOAD /usr/lib/gcc/arm-none-eabi/14.2.1/../../../arm-none-eabi/lib/thumb/v7e-m+fp/hard/crt0.o
LOAD CMakeFiles/rotor-controller.elf.dir/src/startup_gcc.c.obj
LOAD CMakeFiles/rotor-controller.elf.dir/src/main.c.obj
LOAD CMakeFiles/rotor-controller.elf.dir/src/tick.c.obj
LOAD CMakeFiles/rotor-controller.elf.dir/src/adc.c.obj
LOAD CMakeFiles/rotor-controller.elf.dir/src/gpio_outputs.c.obj
LOAD CMakeFiles/rotor-controller.elf.dir/src/state_machine.c.obj
LOAD CMakeFiles/rotor-controller.elf.dir/src/net.c.obj
LOAD CMakeFiles/rotor-controller.elf.dir/src/protocol.c.obj
LOAD CMakeFiles/rotor-controller.elf.dir/src/display.c.obj
LOAD CMakeFiles/rotor-controller.elf.dir/lib/tivaware/utils/uartstdio.c.obj
LOAD libdriverlib.a
LOAD libwiznet.a
LOAD /usr/lib/gcc/arm-none-eabi/14.2.1/../../../arm-none-eabi/lib/thumb/v7e-m+fp/hard/libm.a
START GROUP
LOAD /usr/lib/gcc/arm-none-eabi/14.2.1/thumb/v7e-m+fp/hard/libgcc.a
LOAD /usr/lib/gcc/arm-none-eabi/14.2.1/../../../arm-none-eabi/lib/thumb/v7e-m+fp/hard/libc_nano.a
END GROUP
START GROUP
LOAD /usr/lib/gcc/arm-none-eabi/14.2.1/thumb/v7e-m+fp/hard/libgcc.a
LOAD /usr/lib/gcc/arm-none-eabi/14.2.1/../../../arm-none-eabi/lib/thumb/v7e-m+fp/hard/libc_nano.a
LOAD /usr/lib/gcc/arm-none-eabi/14.2.1/../../../arm-none-eabi/lib/thumb/v7e-m+fp/hard/libnosys.a
END GROUP
START GROUP
LOAD /usr/lib/gcc/arm-none-eabi/14.2.1/thumb/v7e-m+fp/hard/libgcc.a
LOAD /usr/lib/gcc/arm-none-eabi/14.2.1/../../../arm-none-eabi/lib/thumb/v7e-m+fp/hard/libc_nano.a
LOAD /usr/lib/gcc/arm-none-eabi/14.2.1/../../../arm-none-eabi/lib/thumb/v7e-m+fp/hard/libnosys.a
END GROUP
LOAD /usr/lib/gcc/arm-none-eabi/14.2.1/thumb/v7e-m+fp/hard/crtend.o
LOAD /usr/lib/gcc/arm-none-eabi/14.2.1/thumb/v7e-m+fp/hard/crtn.o

.text           0x00000000     0x9ad8
                0x00000000                        _text = .
 *(.isr_vector)
 .isr_vector    0x00000000      0x26c CMakeFiles/rotor-controller.elf.dir/src/startup_gcc.c.obj
                0x00000000                g_pfnVectors
 *(.text*)
 .text.NmiSR    0x0000026c        0x2 CMakeFiles/rotor-controller.elf.dir/src/startup_gcc.c.obj
 .text.FaultISR
                0x0000026e        0x2 CMakeFiles/rotor-controller.elf.dir/src/startup_gcc.c.obj
 .text.IntDefaultHandler
                0x00000270        0x2 CMakeFiles/rotor-controller.elf.dir/src/startup_gcc.c.obj
 *fill*         0x00000272        0x2 
 .text.ResetISR
                0x00000274       0x50 CMakeFiles/rotor-controller.elf.dir/src/startup_gcc.c.obj
                0x00000274                ResetISR
 .text.startup.main
                0x000002c4      0x28c CMakeFiles/rotor-controller.elf.dir/src/main.c.obj
                0x000002c4                main
 .text.SysTick_Handler
                0x00000550       0x18 CMakeFiles/rotor-controller.elf.dir/src/tick.c.obj
                0x00000550                SysTick_Handler
 .text.tick_init
                0x00000568       0x1c CMakeFiles/rotor-controller.elf.dir/src/tick.c.obj
                0x00000568                tick_init
 .text.tick_pending
                0x00000584        0xc CMakeFiles/rotor-controller.elf.dir/src/tick.c.obj
                0x00000584                tick_pending
 .text.tick_clear
                0x00000590        0xc CMakeFiles/rotor-controller.elf.dir/src/tick.c.obj
                0x00000590                tick_clear
 .text.tick_count
                0x0000059c        0xc CMakeFiles/rotor-controller.elf.dir/src/tick.c.obj
                0x0000059c                tick_count
 .text.median_normalized
                0x000005a8       0x60 CMakeFiles/rotor-controller.elf.dir/src/adc.c.obj
 .text.ADC0SS0_Handler
                0x00000608       0x7c CMakeFiles/rotor-controller.elf.dir/src/adc.c.obj
                0x00000608                ADC0SS0_Handler
 .text.adc_init
                0x00000684      0x134 CMakeFiles/rotor-controller.elf.dir/src/adc.c.obj
                0x00000684                adc_init
 .text.adc_tick
                0x000007b8       0x40 CMakeFiles/rotor-controller.elf.dir/src/adc.c.obj
                0x000007b8                adc_tick
 .text.adc_get_az
                0x000007f8       0x8c CMakeFiles/rotor-controller.elf.dir/src/adc.c.obj
                0x000007f8                adc_get_az
 .text.adc_get_el
                0x00000884       0x8c CMakeFiles/rotor-controller.elf.dir/src/adc.c.obj
                0x00000884                adc_get_el
 .text.adc_is_valid
                0x00000910       0x10 CMakeFiles/rotor-controller.elf.dir/src/adc.c.obj
                0x00000910                adc_is_valid
 .text.gpio_outputs_safe
                0x00000920       0x30 CMakeFiles/rotor-controller.elf.dir/src/gpio_outputs.c.obj
                0x00000920                gpio_outputs_safe
 .text.gpio_outputs_init
                0x00000950       0x7c CMakeFiles/rotor-controller.elf.dir/src/gpio_outputs.c.obj
                0x00000950                gpio_outputs_init
 .text.gpio_motor_az_set
                0x000009cc       0x1c CMakeFiles/rotor-controller.elf.dir/src/gpio_outputs.c.obj
                0x000009cc                gpio_motor_az_set
 .text.gpio_motor_el_set
                0x000009e8       0x34 CMakeFiles/rotor-controller.elf.dir/src/gpio_outputs.c.obj
                0x000009e8                gpio_motor_el_set
 .text.gpio_pol_vhf_set
                0x00000a1c       0x10 CMakeFiles/rotor-controller.elf.dir/src/gpio_outputs.c.obj
                0x00000a1c                gpio_pol_vhf_set
 .text.gpio_pol_uhf_set
                0x00000a2c       0x14 CMakeFiles/rotor-controller.elf.dir/src/gpio_outputs.c.obj
                0x00000a2c                gpio_pol_uhf_set
 .text.gpio_lna_uhf_set
                0x00000a40       0x14 CMakeFiles/rotor-controller.elf.dir/src/gpio_outputs.c.obj
                0x00000a40                gpio_lna_uhf_set
 .text.gpio_rxtx_uhf_set
                0x00000a54       0x14 CMakeFiles/rotor-controller.elf.dir/src/gpio_outputs.c.obj
                0x00000a54                gpio_rxtx_uhf_set
 .text.sm_init  0x00000a68       0x16 CMakeFiles/rotor-controller.elf.dir/src/state_machine.c.obj
                0x00000a68                sm_init
 .text.sm_push_command
                0x00000a7e       0x3a CMakeFiles/rotor-controller.elf.dir/src/state_machine.c.obj
                0x00000a7e                sm_push_command
 .text.sm_tick  0x00000ab8      0x2d8 CMakeFiles/rotor-controller.elf.dir/src/state_machine.c.obj
                0x00000ab8                sm_tick
 .text.sm_get_state
                0x00000d90        0x4 CMakeFiles/rotor-controller.elf.dir/src/state_machine.c.obj
                0x00000d90                sm_get_state
 .text.sm_get_az_motion
                0x00000d94        0x4 CMakeFiles/rotor-controller.elf.dir/src/state_machine.c.obj
                0x00000d94                sm_get_az_motion
 .text.sm_get_el_motion
                0x00000d98        0x4 CMakeFiles/rotor-controller.elf.dir/src/state_machine.c.obj
                0x00000d98                sm_get_el_motion
 .text.sm_duty_az_pct
                0x00000d9c       0x1c CMakeFiles/rotor-controller.elf.dir/src/state_machine.c.obj
                0x00000d9c                sm_duty_az_pct
 .text.sm_duty_el_pct
                0x00000db8       0x1c CMakeFiles/rotor-controller.elf.dir/src/state_machine.c.obj
                0x00000db8                sm_duty_el_pct
 .text.sm_state_str
                0x00000dd4       0x18 CMakeFiles/rotor-controller.elf.dir/src/state_machine.c.obj
                0x00000dd4                sm_state_str
 .text.sm_az_str
                0x00000dec       0x24 CMakeFiles/rotor-controller.elf.dir/src/state_machine.c.obj
                0x00000dec                sm_az_str
 .text.sm_el_str
                0x00000e10       0x24 CMakeFiles/rotor-controller.elf.dir/src/state_machine.c.obj
                0x00000e10                sm_el_str
 .text.getSn_SR
                0x00000e34       0x2e CMakeFiles/rotor-controller.elf.dir/src/net.c.obj
 *fill*         0x00000e62        0x2 
 .text.spi_writeburst
                0x00000e64       0x28 CMakeFiles/rotor-controller.elf.dir/src/net.c.obj
 .text.spi_readburst
                0x00000e8c       0x2c CMakeFiles/rotor-controller.elf.dir/src/net.c.obj
 .text.spi_writebyte
                0x00000eb8       0x1c CMakeFiles/rotor-controller.elf.dir/src/net.c.obj
 .text.spi_readbyte
                0x00000ed4       0x20 CMakeFiles/rotor-controller.elf.dir/src/net.c.obj
 .text.spi_cs_deassert
                0x00000ef4        0xc CMakeFiles/rotor-controller.elf.dir/src/net.c.obj
 .text.spi_cs_assert
                0x00000f00        0xc CMakeFiles/rotor-controller.elf.dir/src/net.c.obj
 .text.rxbuf_read_9bit
                0x00000f0c       0x84 CMakeFiles/rotor-controller.elf.dir/src/net.c.obj
 .text.net_init
                0x00000f90      0x1cc CMakeFiles/rotor-controller.elf.dir/src/net.c.obj
                0x00000f90                net_init
 .text.net_tick
                0x0000115c      0x3b0 CMakeFiles/rotor-controller.elf.dir/src/net.c.obj
                0x0000115c                net_tick
 .text.find_val
                0x0000150c       0x66 CMakeFiles/rotor-controller.elf.dir/src/protocol.c.obj
 .text.get_string
                0x00001572       0x3e CMakeFiles/rotor-controller.elf.dir/src/protocol.c.obj
 .text.get_float
                0x000015b0       0x26 CMakeFiles/rotor-controller.elf.dir/src/protocol.c.obj
 *fill*         0x000015d6        0x2 
 .text.fmt_01.constprop.0.isra.0
                0x000015d8       0x58 CMakeFiles/rotor-controller.elf.dir/src/protocol.c.obj
 .text.get_bool.isra.0
                0x00001630       0x38 CMakeFiles/rotor-controller.elf.dir/src/protocol.c.obj
 .text.protocol_parse
                0x00001668      0x238 CMakeFiles/rotor-controller.elf.dir/src/protocol.c.obj
                0x00001668                protocol_parse
 .text.protocol_encode_ack
                0x000018a0       0x34 CMakeFiles/rotor-controller.elf.dir/src/protocol.c.obj
                0x000018a0                protocol_encode_ack
 .text.protocol_encode_telemetry
                0x000018d4       0xe4 CMakeFiles/rotor-controller.elf.dir/src/protocol.c.obj
                0x000018d4                protocol_encode_telemetry
 .text.i2c_send.isra.0
                0x000019b8       0x44 CMakeFiles/rotor-controller.elf.dir/src/display.c.obj
 .text.lcd_en_pulse
                0x000019fc       0x24 CMakeFiles/rotor-controller.elf.dir/src/display.c.obj
 .text.lcd_byte
                0x00001a20       0x26 CMakeFiles/rotor-controller.elf.dir/src/display.c.obj
 .text.lcd_data
                0x00001a46        0x6 CMakeFiles/rotor-controller.elf.dir/src/display.c.obj
 .text.lcd_puts
                0x00001a4c       0x12 CMakeFiles/rotor-controller.elf.dir/src/display.c.obj
 *fill*         0x00001a5e        0x2 
 .text.lcd_cursor.constprop.0
                0x00001a60       0x14 CMakeFiles/rotor-controller.elf.dir/src/display.c.obj
 .text.display_init
                0x00001a74      0x158 CMakeFiles/rotor-controller.elf.dir/src/display.c.obj
                0x00001a74                display_init
 .text.display_tick
                0x00001bcc      0x2e8 CMakeFiles/rotor-controller.elf.dir/src/display.c.obj
                0x00001bcc                display_tick
 .text.UARTStdioConfig
                0x00001eb4       0x50 CMakeFiles/rotor-controller.elf.dir/lib/tivaware/utils/uartstdio.c.obj
                0x00001eb4                UARTStdioConfig
 .text.UARTwrite
                0x00001f04       0x3c CMakeFiles/rotor-controller.elf.dir/lib/tivaware/utils/uartstdio.c.obj
                0x00001f04                UARTwrite
 .text.UARTvprintf
                0x00001f40      0x1c8 CMakeFiles/rotor-controller.elf.dir/lib/tivaware/utils/uartstdio.c.obj
                0x00001f40                UARTvprintf
 .text.UARTprintf
                0x00002108       0x1a CMakeFiles/rotor-controller.elf.dir/lib/tivaware/utils/uartstdio.c.obj
                0x00002108                UARTprintf
 .text.ADCIntEnable
                0x00002122       0x10 libdriverlib.a(adc.c.obj)
                0x00002122                ADCIntEnable
 .text.ADCIntClear
                0x00002132        0x8 libdriverlib.a(adc.c.obj)
                0x00002132                ADCIntClear
 .text.ADCSequenceEnable
                0x0000213a        0xc libdriverlib.a(adc.c.obj)
                0x0000213a                ADCSequenceEnable
 .text.ADCSequenceConfigure
                0x00002146       0x48 libdriverlib.a(adc.c.obj)
                0x00002146                ADCSequenceConfigure
 .text.ADCSequenceStepConfigure
                0x0000218e       0x86 libdriverlib.a(adc.c.obj)
                0x0000218e                ADCSequenceStepConfigure
 .text.ADCSequenceDMAEnable
                0x00002214        0xe libdriverlib.a(adc.c.obj)
                0x00002214                ADCSequenceDMAEnable
 .text.GPIODirModeSet
                0x00002222       0x26 libdriverlib.a(gpio.c.obj)
                0x00002222                GPIODirModeSet
 .text.GPIOPadConfigSet
                0x00002248      0x144 libdriverlib.a(gpio.c.obj)
                0x00002248                GPIOPadConfigSet
 .text.GPIOPinRead
                0x0000238c        0x6 libdriverlib.a(gpio.c.obj)
                0x0000238c                GPIOPinRead
 .text.GPIOPinWrite
                0x00002392        0x6 libdriverlib.a(gpio.c.obj)
                0x00002392                GPIOPinWrite
 .text.GPIOPinTypeADC
                0x00002398       0x18 libdriverlib.a(gpio.c.obj)
                0x00002398                GPIOPinTypeADC
 .text.GPIOPinTypeComparatorOutput
                0x000023b0       0x18 libdriverlib.a(gpio.c.obj)
                0x000023b0                GPIOPinTypeComparatorOutput
 .text.GPIOPinTypeGPIOInput
                0x000023c8       0x18 libdriverlib.a(gpio.c.obj)
                0x000023c8                GPIOPinTypeGPIOInput
 .text.GPIOPinTypeGPIOOutput
                0x000023e0       0x18 libdriverlib.a(gpio.c.obj)
                0x000023e0                GPIOPinTypeGPIOOutput
 .text.GPIOPinTypeI2C
                0x000023f8       0x18 libdriverlib.a(gpio.c.obj)
                0x000023f8                GPIOPinTypeI2C
 .text.GPIOPinTypeI2CSCL
                0x00002410        0x4 libdriverlib.a(gpio.c.obj)
                0x00002410                GPIOPinTypeI2CSCL
 .text.GPIOPinTypeSSI
                0x00002414        0x4 libdriverlib.a(gpio.c.obj)
                0x00002414                GPIOPinTypeSSI
 .text.GPIOPinTypeUART
                0x00002418        0x4 libdriverlib.a(gpio.c.obj)
                0x00002418                GPIOPinTypeUART
 .text.GPIOPinConfigure
                0x0000241c       0x44 libdriverlib.a(gpio.c.obj)
                0x0000241c                GPIOPinConfigure
 .text.I2CMasterEnable
                0x00002460        0xa libdriverlib.a(i2c.c.obj)
                0x00002460                I2CMasterEnable
 *fill*         0x0000246a        0x2 
 .text.I2CMasterInitExpClk
                0x0000246c       0x50 libdriverlib.a(i2c.c.obj)
                0x0000246c                I2CMasterInitExpClk
 .text.I2CMasterSlaveAddrSet
                0x000024bc        0x8 libdriverlib.a(i2c.c.obj)
                0x000024bc                I2CMasterSlaveAddrSet
 .text.I2CMasterBusy
                0x000024c4        0x8 libdriverlib.a(i2c.c.obj)
                0x000024c4                I2CMasterBusy
 .text.I2CMasterControl
                0x000024cc        0x4 libdriverlib.a(i2c.c.obj)
                0x000024cc                I2CMasterControl
 .text.I2CMasterErr
                0x000024d0       0x16 libdriverlib.a(i2c.c.obj)
                0x000024d0                I2CMasterErr
 .text.I2CMasterDataPut
                0x000024e6        0x4 libdriverlib.a(i2c.c.obj)
                0x000024e6                I2CMasterDataPut
 .text.IntMasterEnable
                0x000024ea        0xe libdriverlib.a(interrupt.c.obj)
                0x000024ea                IntMasterEnable
 .text.IntEnable
                0x000024f8       0x68 libdriverlib.a(interrupt.c.obj)
                0x000024f8                IntEnable
 .text.SSIConfigSetExpClk
                0x00002560       0x3a libdriverlib.a(ssi.c.obj)
                0x00002560                SSIConfigSetExpClk
 .text.SSIEnable
                0x0000259a        0xa libdriverlib.a(ssi.c.obj)
                0x0000259a                SSIEnable
 .text.SSIDataPut
                0x000025a4        0xa libdriverlib.a(ssi.c.obj)
                0x000025a4                SSIDataPut
 .text.SSIDataGet
                0x000025ae        0xc libdriverlib.a(ssi.c.obj)
                0x000025ae                SSIDataGet
 .text.SSIDataGetNonBlocking
                0x000025ba       0x12 libdriverlib.a(ssi.c.obj)
                0x000025ba                SSIDataGetNonBlocking
 .text.SysCtlPeripheralPresent
                0x000025cc       0x24 libdriverlib.a(sysctl.c.obj)
                0x000025cc                SysCtlPeripheralPresent
 .text.SysCtlPeripheralReady
                0x000025f0       0x24 libdriverlib.a(sysctl.c.obj)
                0x000025f0                SysCtlPeripheralReady
 .text.SysCtlPeripheralEnable
                0x00002614       0x20 libdriverlib.a(sysctl.c.obj)
                0x00002614                SysCtlPeripheralEnable
 .text.SysCtlDelay
                0x00002634        0x8 libdriverlib.a(sysctl.c.obj)
                0x00002634                SysCtlDelay
 .text.SysCtlClockSet
                0x0000263c      0x104 libdriverlib.a(sysctl.c.obj)
                0x0000263c                SysCtlClockSet
 .text.SysTickEnable
                0x00002740        0xe libdriverlib.a(systick.c.obj)
                0x00002740                SysTickEnable
 .text.SysTickIntEnable
                0x0000274e        0xe libdriverlib.a(systick.c.obj)
                0x0000274e                SysTickIntEnable
 .text.SysTickPeriodSet
                0x0000275c        0xa libdriverlib.a(systick.c.obj)
                0x0000275c                SysTickPeriodSet
 .text.TimerEnable
                0x00002766       0x10 libdriverlib.a(timer.c.obj)
                0x00002766                TimerEnable
 *fill*         0x00002776        0x2 
 .text.TimerConfigure
                0x00002778       0x5c libdriverlib.a(timer.c.obj)
                0x00002778                TimerConfigure
 .text.TimerControlTrigger
                0x000027d4       0x4c libdriverlib.a(timer.c.obj)
                0x000027d4                TimerControlTrigger
 .text.TimerLoadSet
                0x00002820       0x10 libdriverlib.a(timer.c.obj)
                0x00002820                TimerLoadSet
 .text.UARTEnable
                0x00002830       0x16 libdriverlib.a(uart.c.obj)
                0x00002830                UARTEnable
 .text.UARTDisable
                0x00002846       0x1c libdriverlib.a(uart.c.obj)
                0x00002846                UARTDisable
 .text.UARTConfigSetExpClk
                0x00002862       0x44 libdriverlib.a(uart.c.obj)
                0x00002862                UARTConfigSetExpClk
 .text.UARTCharPut
                0x000028a6        0xa libdriverlib.a(uart.c.obj)
                0x000028a6                UARTCharPut
 .text.uDMAEnable
                0x000028b0        0xc libdriverlib.a(udma.c.obj)
                0x000028b0                uDMAEnable
 .text.uDMAChannelEnable
                0x000028bc       0x14 libdriverlib.a(udma.c.obj)
                0x000028bc                uDMAChannelEnable
 .text.uDMAControlBaseSet
                0x000028d0        0xc libdriverlib.a(udma.c.obj)
                0x000028d0                uDMAControlBaseSet
 .text.uDMAChannelAttributeDisable
                0x000028dc       0x3c libdriverlib.a(udma.c.obj)
                0x000028dc                uDMAChannelAttributeDisable
 .text.uDMAChannelControlSet
                0x00002918       0x20 libdriverlib.a(udma.c.obj)
                0x00002918                uDMAChannelControlSet
 .text.uDMAChannelTransferSet
                0x00002938       0x8c libdriverlib.a(udma.c.obj)
                0x00002938                uDMAChannelTransferSet
 .text.uDMAChannelModeGet
                0x000029c4       0x20 libdriverlib.a(udma.c.obj)
                0x000029c4                uDMAChannelModeGet
 .text.uDMAChannelAssign
                0x000029e4       0x2c libdriverlib.a(udma.c.obj)
                0x000029e4                uDMAChannelAssign
 .text.WatchdogEnable
                0x00002a10        0xa libdriverlib.a(watchdog.c.obj)
                0x00002a10                WatchdogEnable
 .text.WatchdogResetEnable
                0x00002a1a        0xa libdriverlib.a(watchdog.c.obj)
                0x00002a1a                WatchdogResetEnable
 .text.WatchdogLock
                0x00002a24        0x8 libdriverlib.a(watchdog.c.obj)
                0x00002a24                WatchdogLock
 .text.WatchdogReloadSet
                0x00002a2c        0x4 libdriverlib.a(watchdog.c.obj)
                0x00002a2c                WatchdogReloadSet
 .text.WatchdogIntClear
                0x00002a30        0x6 libdriverlib.a(watchdog.c.obj)
                0x00002a30                WatchdogIntClear
 .text.CPUcpsie
                0x00002a36        0x8 libdriverlib.a(cpu.c.obj)
                0x00002a36                CPUcpsie
 .text.wizchip_cris_enter
                0x00002a3e        0x2 libwiznet.a(wizchip_conf.c.obj)
                0x00002a3e                wizchip_cris_enter
 .text.wizchip_bus_readdata
                0x00002a40        0x4 libwiznet.a(wizchip_conf.c.obj)
                0x00002a40                wizchip_bus_readdata
 .text.wizchip_bus_writedata
                0x00002a44        0x4 libwiznet.a(wizchip_conf.c.obj)
                0x00002a44                wizchip_bus_writedata
 .text.wizchip_spi_readbyte
                0x00002a48        0x4 libwiznet.a(wizchip_conf.c.obj)
                0x00002a48                wizchip_spi_readbyte
 .text.wizchip_spi_writebyte
                0x00002a4c        0x2 libwiznet.a(wizchip_conf.c.obj)
                0x00002a4c                wizchip_spi_writebyte
 *fill*         0x00002a4e        0x2 
 .text.wizchip_spi_readburst
                0x00002a50       0x1c libwiznet.a(wizchip_conf.c.obj)
                0x00002a50                wizchip_spi_readburst
 .text.wizchip_spi_writeburst
                0x00002a6c       0x1c libwiznet.a(wizchip_conf.c.obj)
                0x00002a6c                wizchip_spi_writeburst
 .text.wizchip_cris_exit
                0x00002a88        0x2 libwiznet.a(wizchip_conf.c.obj)
                0x00002a88                wizchip_cris_exit
 .text.wizchip_cs_select
                0x00002a8a        0x2 libwiznet.a(wizchip_conf.c.obj)
                0x00002a8a                wizchip_cs_select
 .text.wizchip_cs_deselect
                0x00002a8c        0x2 libwiznet.a(wizchip_conf.c.obj)
                0x00002a8c                wizchip_cs_deselect
 *fill*         0x00002a8e        0x2 
 .text.reg_wizchip_cs_cbfunc
                0x00002a90       0x1c libwiznet.a(wizchip_conf.c.obj)
                0x00002a90                reg_wizchip_cs_cbfunc
 .text.reg_wizchip_spi_cbfunc
                0x00002aac       0x24 libwiznet.a(wizchip_conf.c.obj)
                0x00002aac                reg_wizchip_spi_cbfunc
 .text.reg_wizchip_spiburst_cbfunc
                0x00002ad0       0x24 libwiznet.a(wizchip_conf.c.obj)
                0x00002ad0                reg_wizchip_spiburst_cbfunc
 .text.wizchip_sw_reset
                0x00002af4       0x7a libwiznet.a(wizchip_conf.c.obj)
                0x00002af4                wizchip_sw_reset
 .text.wizchip_init
                0x00002b6e       0x7a libwiznet.a(wizchip_conf.c.obj)
                0x00002b6e                wizchip_init
 .text.wizchip_setnetinfo
                0x00002be8       0x5c libwiznet.a(wizchip_conf.c.obj)
                0x00002be8                wizchip_setnetinfo
 .text.WIZCHIP_READ
                0x00002c44       0x5c libwiznet.a(w5500.c.obj)
                0x00002c44                WIZCHIP_READ
 .text.WIZCHIP_WRITE
                0x00002ca0       0x64 libwiznet.a(w5500.c.obj)
                0x00002ca0                WIZCHIP_WRITE
 .text.WIZCHIP_READ_BUF
                0x00002d04       0x74 libwiznet.a(w5500.c.obj)
                0x00002d04                WIZCHIP_READ_BUF
 .text.WIZCHIP_WRITE_BUF
                0x00002d78       0x74 libwiznet.a(w5500.c.obj)
                0x00002d78                WIZCHIP_WRITE_BUF
 .text.getSn_TX_FSR
                0x00002dec       0x42 libwiznet.a(w5500.c.obj)
                0x00002dec                getSn_TX_FSR
 .text.getSn_RX_RSR
                0x00002e2e       0x42 libwiznet.a(w5500.c.obj)
                0x00002e2e                getSn_RX_RSR
 .text.wiz_send_data
                0x00002e70       0x5a libwiznet.a(w5500.c.obj)
                0x00002e70                wiz_send_data
 .text.getSn_SR
                0x00002eca       0x2e libwiznet.a(socket.c.obj)
 .text.sendto_IO_6
                0x00002ef8      0x1a0 libwiznet.a(socket.c.obj)
 .text.close    0x00003098       0x78 libwiznet.a(socket.c.obj)
                0x00003098                close
 .text.socket   0x00003110      0x150 libwiznet.a(socket.c.obj)
                0x00003110                socket
 .text.listen   0x00003260       0x58 libwiznet.a(socket.c.obj)
                0x00003260                listen
 .text.disconnect
                0x000032b8       0x78 libwiznet.a(socket.c.obj)
                0x000032b8                disconnect
 .text.sendto_W5x00
                0x00003330       0x14 libwiznet.a(socket.c.obj)
                0x00003330                sendto_W5x00
 .text          0x00003344      0x100 /usr/lib/gcc/arm-none-eabi/14.2.1/../../../arm-none-eabi/lib/thumb/v7e-m+fp/hard/libc_nano.a(libc_a-memmove.o)
                0x00003344                memmove
 *fill*         0x00003444        0x4 
 .text          0x00003448     0x11bc /usr/lib/gcc/arm-none-eabi/14.2.1/../../../arm-none-eabi/lib/thumb/v7e-m+fp/hard/libc_nano.a(libc_a-strtod.o)
                0x00003448                _strtod_l
                0x0000443c                _strtod_r
                0x00004448                strtod_l
                0x00004464                strtod
                0x00004484                strtof_l
                0x00004534                strtof
 .text          0x00004604      0x630 /usr/lib/gcc/arm-none-eabi/14.2.1/../../../arm-none-eabi/lib/thumb/v7e-m+fp/hard/libc_nano.a(libc_a-gdtoa-gethex.o)
                0x000046a8                __gethex
 .text          0x00004c34      0x168 /usr/lib/gcc/arm-none-eabi/14.2.1/../../../arm-none-eabi/lib/thumb/v7e-m+fp/hard/libc_nano.a(libc_a-strtoul.o)
                0x00004d68                _strtoul_r
                0x00004d6c                strtoul_l
                0x00004d84                strtoul
 .text          0x00004d9c      0x5bc /usr/lib/gcc/arm-none-eabi/14.2.1/../../../arm-none-eabi/lib/thumb/v7e-m+fp/hard/libc_nano.a(libc_a-strstr.o)
                0x000051ec                strstr
 .text          0x00005358       0xa4 /usr/lib/gcc/arm-none-eabi/14.2.1/../../../arm-none-eabi/lib/thumb/v7e-m+fp/hard/libc_nano.a(libc_a-memset.o)
                0x00005358                memset
 .text          0x000053fc       0x5c /usr/lib/gcc/arm-none-eabi/14.2.1/../../../arm-none-eabi/lib/thumb/v7e-m+fp/hard/libc_nano.a(libc_a-memcmp.o)
                0x000053fc                memcmp
 *fill*         0x00005458        0x8 
 .text          0x00005460      0x2e0 /usr/lib/gcc/arm-none-eabi/14.2.1/../../../arm-none-eabi/lib/thumb/v7e-m+fp/hard/libc_nano.a(libc_a-strcmp.o)
                0x00005460                strcmp
 .text          0x00005740       0x8c /usr/lib/gcc/arm-none-eabi/14.2.1/../../../arm-none-eabi/lib/thumb/v7e-m+fp/hard/libc_nano.a(libc_a-strncmp.o)
                0x00005740                strncmp
 .text          0x000057cc      0x134 /usr/lib/gcc/arm-none-eabi/14.2.1/../../../arm-none-eabi/lib/thumb/v7e-m+fp/hard/libc_nano.a(libc_a-memcpy.o)
                0x000057cc                memcpy
 .text          0x00005900       0x30 /usr/lib/gcc/arm-none-eabi/14.2.1/../../../arm-none-eabi/lib/thumb/v7e-m+fp/hard/libc_nano.a(libc_a-wctomb_r.o)
                0x00005900                _wctomb_r
                0x00005914                __ascii_wctomb
 *fill*         0x00005930       0x10 
 .text          0x00005940       0xd8 /usr/lib/gcc/arm-none-eabi/14.2.1/../../../arm-none-eabi/lib/thumb/v7e-m+fp/hard/libc_nano.a(libc_a-strlen.o)
                0x00005940                strlen
 .text          0x00005a18       0x24 /usr/lib/gcc/arm-none-eabi/14.2.1/../../../arm-none-eabi/lib/thumb/v7e-m+fp/hard/libc_nano.a(libc_a-strnlen.o)
                0x00005a18                strnlen
 .text          0x00005a3c      0x114 /usr/lib/gcc/arm-none-eabi/14.2.1/../../../arm-none-eabi/lib/thumb/v7e-m+fp/hard/libc_nano.a(libc_a-snprintf.o)
                0x00005a3c                _sniprintf_r
                0x00005a3c                _snprintf_r
                0x00005ac0                snprintf
                0x00005ac0                sniprintf
 .text          0x00005b50       0xa0 /usr/lib/gcc/arm-none-eabi/14.2.1/../../../arm-none-eabi/lib/thumb/v7e-m+fp/hard/libc_nano.a(libc_a-memchr.o)
                0x00005b50                memchr
 .text          0x00005bf0      0x204 /usr/lib/gcc/arm-none-eabi/14.2.1/../../../arm-none-eabi/lib/thumb/v7e-m+fp/hard/libc_nano.a(libc_a-gdtoa-hexnan.o)
                0x00005bf0                __match
                0x00005c28                __hexnan
 *fill*         0x00005df4        0x4 
 .text          0x00005df8       0x10 /usr/lib/gcc/arm-none-eabi/14.2.1/../../../arm-none-eabi/lib/thumb/v7e-m+fp/hard/libc_nano.a(libm_a-s_nan.o)
                0x00005df8                nan
 .text          0x00005e08        0xc /usr/lib/gcc/arm-none-eabi/14.2.1/../../../arm-none-eabi/lib/thumb/v7e-m+fp/hard/libc_nano.a(libm_a-sf_nan.o)
                0x00005e08                nanf
 .text          0x00005e14       0x4c /usr/lib/gcc/arm-none-eabi/14.2.1/../../../arm-none-eabi/lib/thumb/v7e-m+fp/hard/libc_nano.a(libc_a-assert.o)
                0x00005e14                __assert_func
                0x00005e54                __assert
 .text          0x00005e60      0xb10 /usr/lib/gcc/arm-none-eabi/14.2.1/../../../arm-none-eabi/lib/thumb/v7e-m+fp/hard/libc_nano.a(libc_a-mprec.o)
                0x00005e60                _Balloc
                0x00005ee0                _Bfree
                0x00005f28                __multadd
                0x00005fc4                __s2b
                0x00006078                __hi0bits
                0x000060bc                __lo0bits
                0x0000611c                __i2b
                0x00006148                __multiply
                0x000062b4                __pow5mult
                0x00006394                __lshift
                0x0000647c                __mcmp
                0x000064c0                __mdiff
                0x00006638                __ulp
                0x0000669c                __b2d
                0x00006758                __d2b
                0x00006818                __ratio
                0x00006878                _mprec_log10
                0x000068b8                __copybits
                0x00006914                __any_on
 .text          0x00006970        0xc /usr/lib/gcc/arm-none-eabi/14.2.1/../../../arm-none-eabi/lib/thumb/v7e-m+fp/hard/libc_nano.a(libc_a-errno.o)
                0x00006970                __errno
 .text          0x0000697c       0xd0 /usr/lib/gcc/arm-none-eabi/14.2.1/../../../arm-none-eabi/lib/thumb/v7e-m+fp/hard/libc_nano.a(libc_a-strchr.o)
                0x0000697c                strchr
 .text          0x00006a4c      0x400 /usr/lib/gcc/arm-none-eabi/14.2.1/../../../arm-none-eabi/lib/thumb/v7e-m+fp/hard/libc_nano.a(libc_a-nano-svfprintf.o)
                0x00006a4c                __ssputs_r
                0x00006b0c                __ssprint_r
                0x00006c14                _svfprintf_r
                0x00006c14                _svfiprintf_r
 .text          0x00006e4c       0x40 /usr/lib/gcc/arm-none-eabi/14.2.1/../../../arm-none-eabi/lib/thumb/v7e-m+fp/hard/libc_nano.a(libc_a-mbtowc_r.o)
                0x00006e4c                _mbtowc_r
                0x00006e60                __ascii_mbtowc
 .text          0x00006e8c      0x224 /usr/lib/gcc/arm-none-eabi/14.2.1/../../../arm-none-eabi/lib/thumb/v7e-m+fp/hard/libc_nano.a(libc_a-findfp.o)
                0x00006fbc                __sfp
                0x00007060                __sinit
                0x00007080                __sfp_lock_acquire
                0x00007084                __sfp_lock_release
                0x00007088                __fp_lock_all
                0x0000709c                __fp_unlock_all
 .text          0x000070b0       0x10 /usr/lib/gcc/arm-none-eabi/14.2.1/../../../arm-none-eabi/lib/thumb/v7e-m+fp/hard/libc_nano.a(libc_a-abort.o)
                0x000070b0                abort
 .text          0x000070c0      0x1a8 /usr/lib/gcc/arm-none-eabi/14.2.1/../../../arm-none-eabi/lib/thumb/v7e-m+fp/hard/libc_nano.a(libc_a-fflush.o)
                0x000070c0                __sflush_r
                0x000071e4                _fflush_r
                0x0000721c                fflush
 .text          0x00007268       0x28 /usr/lib/gcc/arm-none-eabi/14.2.1/../../../arm-none-eabi/lib/thumb/v7e-m+fp/hard/libc_nano.a(libc_a-callocr.o)
                0x00007268                _calloc_r
 .text          0x00007290      0x148 /usr/lib/gcc/arm-none-eabi/14.2.1/../../../arm-none-eabi/lib/thumb/v7e-m+fp/hard/libc_nano.a(libc_a-mallocr.o)
                0x000072d8                _malloc_r
 .text          0x000073d8       0xbc /usr/lib/gcc/arm-none-eabi/14.2.1/../../../arm-none-eabi/lib/thumb/v7e-m+fp/hard/libc_nano.a(libc_a-freer.o)
                0x000073d8                _free_r
 .text          0x00007494       0x44 /usr/lib/gcc/arm-none-eabi/14.2.1/../../../arm-none-eabi/lib/thumb/v7e-m+fp/hard/libc_nano.a(libc_a-fwalk.o)
                0x00007494                _fwalk_sglue
 .text          0x000074d8       0x20 /usr/lib/gcc/arm-none-eabi/14.2.1/../../../arm-none-eabi/lib/thumb/v7e-m+fp/hard/libc_nano.a(libc_a-malloc.o)
                0x000074d8                malloc
                0x000074e8                free
 .text          0x000074f8       0x44 /usr/lib/gcc/arm-none-eabi/14.2.1/../../../arm-none-eabi/lib/thumb/v7e-m+fp/hard/libc_nano.a(libc_a-fprintf.o)
                0x000074f8                _fprintf_r
                0x000074f8                _fiprintf_r
                0x00007514                fprintf
                0x00007514                fiprintf
 .text          0x0000753c       0x64 /usr/lib/gcc/arm-none-eabi/14.2.1/../../../arm-none-eabi/lib/thumb/v7e-m+fp/hard/libc_nano.a(libc_a-reallocr.o)
                0x0000753c                _realloc_r
 .text          0x000075a0      0x3a8 /usr/lib/gcc/arm-none-eabi/14.2.1/../../../arm-none-eabi/lib/thumb/v7e-m+fp/hard/libc_nano.a(libc_a-nano-vfprintf_i.o)
                0x000075a0                _printf_common
                0x000076c4                _printf_i
 .text          0x00007948        0x8 /usr/lib/gcc/arm-none-eabi/14.2.1/../../../arm-none-eabi/lib/thumb/v7e-m+fp/hard/libc_nano.a(libc_a-mlock.o)
                0x00007948                __malloc_lock
                0x0000794c                __malloc_unlock
 .text          0x00007950      0x260 /usr/lib/gcc/arm-none-eabi/14.2.1/../../../arm-none-eabi/lib/thumb/v7e-m+fp/hard/libc_nano.a(libc_a-signal.o)
                0x00007950                _init_signal_r
                0x0000797c                _signal_r
                0x000079c8                _raise_r
                0x00007a18                __sigtramp_r
                0x00007a78                raise
                0x00007acc                signal
                0x00007b18                _init_signal
                0x00007b4c                __sigtramp
 .text          0x00007bb0      0x314 /usr/lib/gcc/arm-none-eabi/14.2.1/../../../arm-none-eabi/lib/thumb/v7e-m+fp/hard/libc_nano.a(libc_a-nano-vfprintf.o)
                0x00007bec                __sfputs_r
                0x00007c1c                __sprint_r
                0x00007c3c                _vfiprintf_r
                0x00007c3c                _vfprintf_r
                0x00007ea8                vfiprintf
                0x00007ea8                vfprintf
 .text          0x00007ec4       0x24 /usr/lib/gcc/arm-none-eabi/14.2.1/../../../arm-none-eabi/lib/thumb/v7e-m+fp/hard/libc_nano.a(libc_a-sbrkr.o)
                0x00007ec4                _sbrk_r
 .text          0x00007ee8       0x94 /usr/lib/gcc/arm-none-eabi/14.2.1/../../../arm-none-eabi/lib/thumb/v7e-m+fp/hard/libc_nano.a(libc_a-stdio.o)
                0x00007ee8                __sread
                0x00007f0c                __seofread
                0x00007f10                __swrite
                0x00007f50                __sseek
                0x00007f74                __sclose
 .text          0x00007f7c       0x10 /usr/lib/gcc/arm-none-eabi/14.2.1/../../../arm-none-eabi/lib/thumb/v7e-m+fp/hard/libc_nano.a(libc_a-msizer.o)
                0x00007f7c                _malloc_usable_size_r
 .text          0x00007f8c       0x2c /usr/lib/gcc/arm-none-eabi/14.2.1/../../../arm-none-eabi/lib/thumb/v7e-m+fp/hard/libc_nano.a(libc_a-readr.o)
                0x00007f8c                _read_r
 .text          0x00007fb8      0x300 /usr/lib/gcc/arm-none-eabi/14.2.1/../../../arm-none-eabi/lib/thumb/v7e-m+fp/hard/libc_nano.a(libc_a-fvwrite.o)
                0x00007fb8                __sfvwrite_r
 .text          0x000082b8       0x2c /usr/lib/gcc/arm-none-eabi/14.2.1/../../../arm-none-eabi/lib/thumb/v7e-m+fp/hard/libc_nano.a(libc_a-writer.o)
                0x000082b8                _write_r
 .text          0x000082e4       0x24 /usr/lib/gcc/arm-none-eabi/14.2.1/../../../arm-none-eabi/lib/thumb/v7e-m+fp/hard/libc_nano.a(libc_a-closer.o)
                0x000082e4                _close_r
 .text          0x00008308       0x2c /usr/lib/gcc/arm-none-eabi/14.2.1/../../../arm-none-eabi/lib/thumb/v7e-m+fp/hard/libc_nano.a(libc_a-lseekr.o)
                0x00008308                _lseek_r
 .text          0x00008334       0xc4 /usr/lib/gcc/arm-none-eabi/14.2.1/../../../arm-none-eabi/lib/thumb/v7e-m+fp/hard/libc_nano.a(libc_a-wsetup.o)
                0x00008334                __swsetup_r
 .text          0x000083f8       0xa0 /usr/lib/gcc/arm-none-eabi/14.2.1/../../../arm-none-eabi/lib/thumb/v7e-m+fp/hard/libc_nano.a(libc_a-wbuf.o)
                0x000083f8                __swbuf_r
                0x00008480                __swbuf
 .text          0x00008498      0x114 /usr/lib/gcc/arm-none-eabi/14.2.1/../../../arm-none-eabi/lib/thumb/v7e-m+fp/hard/libc_nano.a(libc_a-makebuf.o)
                0x00008498                __smakebuf_r
                0x0000855c                __swhatbuf_r
 .text          0x000085ac       0x30 /usr/lib/gcc/arm-none-eabi/14.2.1/../../../arm-none-eabi/lib/thumb/v7e-m+fp/hard/libc_nano.a(libc_a-signalr.o)
                0x000085ac                _kill_r
                0x000085d8                _getpid_r
 .text          0x000085dc       0x2c /usr/lib/gcc/arm-none-eabi/14.2.1/../../../arm-none-eabi/lib/thumb/v7e-m+fp/hard/libc_nano.a(libc_a-fstatr.o)
                0x000085dc                _fstat_r
 .text          0x00008608       0x24 /usr/lib/gcc/arm-none-eabi/14.2.1/../../../arm-none-eabi/lib/thumb/v7e-m+fp/hard/libc_nano.a(libc_a-isattyr.o)
                0x00008608                _isatty_r
 .text          0x0000862c      0x378 /usr/lib/gcc/arm-none-eabi/14.2.1/thumb/v7e-m+fp/hard/libgcc.a(_arm_addsubdf3.o)
                0x0000862c                __aeabi_drsub
                0x00008634                __aeabi_dsub
                0x00008634                __subdf3
                0x00008638                __adddf3
                0x00008638                __aeabi_dadd
                0x000088b0                __aeabi_ui2d
                0x000088b0                __floatunsidf
                0x000088d0                __floatsidf
                0x000088d0                __aeabi_i2d
                0x000088f4                __extendsfdf2
                0x000088f4                __aeabi_f2d
                0x00008938                __aeabi_ul2d
                0x00008938                __floatundidf
                0x00008948                __floatdidf
                0x00008948                __aeabi_l2d
 .text          0x000089a4      0x424 /usr/lib/gcc/arm-none-eabi/14.2.1/thumb/v7e-m+fp/hard/libgcc.a(_arm_muldivdf3.o)
                0x000089a4                __aeabi_dmul
                0x000089a4                __muldf3
                0x00008bf8                __aeabi_ddiv
                0x00008bf8                __divdf3
 .text          0x00008dc8      0x110 /usr/lib/gcc/arm-none-eabi/14.2.1/thumb/v7e-m+fp/hard/libgcc.a(_arm_cmpdf2.o)
                0x00008dc8                __gtdf2
                0x00008dc8                __gedf2
                0x00008dd0                __ltdf2
                0x00008dd0                __ledf2
                0x00008dd8                __cmpdf2
                0x00008dd8                __eqdf2
                0x00008dd8                __nedf2
                0x00008e54                __aeabi_cdrcmple
                0x00008e64                __aeabi_cdcmple
                0x00008e64                __aeabi_cdcmpeq
                0x00008e74                __aeabi_dcmpeq
                0x00008e88                __aeabi_dcmplt
                0x00008e9c                __aeabi_dcmple
                0x00008eb0                __aeabi_dcmpge
                0x00008ec4                __aeabi_dcmpgt
 .text          0x00008ed8       0x2c /usr/lib/gcc/arm-none-eabi/14.2.1/thumb/v7e-m+fp/hard/libgcc.a(_arm_unorddf2.o)
                0x00008ed8                __aeabi_dcmpun
                0x00008ed8                __unorddf2
 .text          0x00008f04       0x40 /usr/lib/gcc/arm-none-eabi/14.2.1/thumb/v7e-m+fp/hard/libgcc.a(_arm_fixunsdfsi.o)
                0x00008f04                __fixunsdfsi
                0x00008f04                __aeabi_d2uiz
 .text          0x00008f44       0xa0 /usr/lib/gcc/arm-none-eabi/14.2.1/thumb/v7e-m+fp/hard/libgcc.a(_arm_truncdfsf2.o)
                0x00008f44                __aeabi_d2f
                0x00008f44                __truncdfsf2
 .text          0x00008fe4       0x30 /usr/lib/gcc/arm-none-eabi/14.2.1/thumb/v7e-m+fp/hard/libgcc.a(_fixdfdi.o)
                0x00008fe4                __aeabi_d2lz
                0x00008fe4                __fixdfdi
 .text          0x00009014       0x3c /usr/lib/gcc/arm-none-eabi/14.2.1/thumb/v7e-m+fp/hard/libgcc.a(_fixunsdfdi.o)
                0x00009014                __aeabi_d2ulz
                0x00009014                __fixunsdfdi
 .text          0x00009050       0x10 /usr/lib/gcc/arm-none-eabi/14.2.1/../../../arm-none-eabi/lib/thumb/v7e-m+fp/hard/libnosys.a(close.o)
                0x00009050                _close
 .text          0x00009060       0x10 /usr/lib/gcc/arm-none-eabi/14.2.1/../../../arm-none-eabi/lib/thumb/v7e-m+fp/hard/libnosys.a(fstat.o)
                0x00009060                _fstat
 .text          0x00009070       0x10 /usr/lib/gcc/arm-none-eabi/14.2.1/../../../arm-none-eabi/lib/thumb/v7e-m+fp/hard/libnosys.a(getpid.o)
                0x00009070                _getpid
 .text          0x00009080       0x10 /usr/lib/gcc/arm-none-eabi/14.2.1/../../../arm-none-eabi/lib/thumb/v7e-m+fp/hard/libnosys.a(isatty.o)
                0x00009080                _isatty
 .text          0x00009090       0x10 /usr/lib/gcc/arm-none-eabi/14.2.1/../../../arm-none-eabi/lib/thumb/v7e-m+fp/hard/libnosys.a(kill.o)
                0x00009090                _kill
 .text          0x000090a0       0x10 /usr/lib/gcc/arm-none-eabi/14.2.1/../../../arm-none-eabi/lib/thumb/v7e-m+fp/hard/libnosys.a(lseek.o)
                0x000090a0                _lseek
 .text          0x000090b0       0x10 /usr/lib/gcc/arm-none-eabi/14.2.1/../../../arm-none-eabi/lib/thumb/v7e-m+fp/hard/libnosys.a(read.o)
                0x000090b0                _read
 .text          0x000090c0       0x1c /usr/lib/gcc/arm-none-eabi/14.2.1/../../../arm-none-eabi/lib/thumb/v7e-m+fp/hard/libnosys.a(sbrk.o)
                0x000090c0                _sbrk
 .text          0x000090dc       0x10 /usr/lib/gcc/arm-none-eabi/14.2.1/../../../arm-none-eabi/lib/thumb/v7e-m+fp/hard/libnosys.a(write.o)
                0x000090dc                _write
 .text          0x000090ec        0x4 /usr/lib/gcc/arm-none-eabi/14.2.1/../../../arm-none-eabi/lib/thumb/v7e-m+fp/hard/libnosys.a(_exit.o)
                0x000090ec                _exit
 *(.rodata*)
 .rodata.main.str1.1
                0x000090f0      0x420 CMakeFiles/rotor-controller.elf.dir/src/main.c.obj
                                  0x7 (size before relaxing)
 .rodata.sm_state_str.str1.1
                0x00009510        0x8 CMakeFiles/rotor-controller.elf.dir/src/state_machine.c.obj
 .rodata.sm_az_str.str1.1
                0x00009510        0xc CMakeFiles/rotor-controller.elf.dir/src/state_machine.c.obj
 .rodata.sm_el_str.str1.1
                0x00009510        0x8 CMakeFiles/rotor-controller.elf.dir/src/state_machine.c.obj
 .rodata.str1.1
                0x00009510       0x53 CMakeFiles/rotor-controller.elf.dir/src/state_machine.c.obj
 .rodata.CSWTCH.19
                0x00009510       0x1c CMakeFiles/rotor-controller.elf.dir/src/state_machine.c.obj
 .rodata.net_init.str1.1
                0x0000952c       0x60 CMakeFiles/rotor-controller.elf.dir/src/net.c.obj
 .rodata.net_tick.str1.1
                0x0000952c       0x71 CMakeFiles/rotor-controller.elf.dir/src/net.c.obj
 .rodata.fmt_01.constprop.0.isra.0.str1.1
                0x0000952c        0x7 CMakeFiles/rotor-controller.elf.dir/src/protocol.c.obj
 .rodata.get_bool.isra.0.str1.1
                0x0000952c        0xb CMakeFiles/rotor-controller.elf.dir/src/protocol.c.obj
 .rodata.protocol_parse.str1.1
                0x0000952c       0xb7 CMakeFiles/rotor-controller.elf.dir/src/protocol.c.obj
 .rodata.protocol_encode_ack.str1.1
                0x0000952c       0x56 CMakeFiles/rotor-controller.elf.dir/src/protocol.c.obj
 .rodata.protocol_encode_telemetry.str1.1
                0x0000952c       0xdc CMakeFiles/rotor-controller.elf.dir/src/protocol.c.obj
 .rodata.display_init.str1.1
                0x0000952c       0x28 CMakeFiles/rotor-controller.elf.dir/src/display.c.obj
 .rodata.display_tick.str1.1
                0x0000952c       0x63 CMakeFiles/rotor-controller.elf.dir/src/display.c.obj
 .rodata.str1.1
                0x0000952c       0x5b CMakeFiles/rotor-controller.elf.dir/src/display.c.obj
 .rodata.CSWTCH.31
                0x0000952c       0x1c CMakeFiles/rotor-controller.elf.dir/src/display.c.obj
 .rodata.candidates.0
                0x00009548       0x10 CMakeFiles/rotor-controller.elf.dir/src/display.c.obj
 .rodata.k_row_addr
                0x00009558        0x4 CMakeFiles/rotor-controller.elf.dir/src/display.c.obj
 .rodata.UARTvprintf.str1.1
                0x0000955c       0x19 CMakeFiles/rotor-controller.elf.dir/lib/tivaware/utils/uartstdio.c.obj
 .rodata.g_ui32UARTPeriph
                0x0000955c        0xc CMakeFiles/rotor-controller.elf.dir/lib/tivaware/utils/uartstdio.c.obj
 .rodata.g_ui32UARTBase
                0x00009568        0xc CMakeFiles/rotor-controller.elf.dir/lib/tivaware/utils/uartstdio.c.obj
 .rodata.g_pui32GPIOBaseAddrs
                0x00009574       0x90 libdriverlib.a(gpio.c.obj)
 .rodata.g_pui32EnRegs
                0x00009604       0x14 libdriverlib.a(interrupt.c.obj)
 .rodata.str1.4
                0x00009618      0x129 /usr/lib/gcc/arm-none-eabi/14.2.1/../../../arm-none-eabi/lib/thumb/v7e-m+fp/hard/libc_nano.a(libc_a-strtod.o)
                                 0x15 (size before relaxing)
 *fill*         0x00009741        0x7 
 .rodata        0x00009748       0x50 /usr/lib/gcc/arm-none-eabi/14.2.1/../../../arm-none-eabi/lib/thumb/v7e-m+fp/hard/libc_nano.a(libc_a-strtod.o)
 .rodata.str1.4
                0x00009798       0x4c /usr/lib/gcc/arm-none-eabi/14.2.1/../../../arm-none-eabi/lib/thumb/v7e-m+fp/hard/libc_nano.a(libc_a-gdtoa-gethex.o)
 .rodata        0x00009798      0x100 /usr/lib/gcc/arm-none-eabi/14.2.1/../../../arm-none-eabi/lib/thumb/v7e-m+fp/hard/libc_nano.a(libc_a-gdtoa-gethex.o)
                0x00009798                __hexdig
 .rodata.str1.4
                0x00009898       0x12 /usr/lib/gcc/arm-none-eabi/14.2.1/../../../arm-none-eabi/lib/thumb/v7e-m+fp/hard/libc_nano.a(libc_a-locale.o)
 .rodata        0x00009898      0x101 /usr/lib/gcc/arm-none-eabi/14.2.1/../../../arm-none-eabi/lib/thumb/v7e-m+fp/hard/libc_nano.a(libc_a-ctype_.o)
                0x00009898                _ctype_
 .rodata.str1.4
                0x00009999       0x43 /usr/lib/gcc/arm-none-eabi/14.2.1/../../../arm-none-eabi/lib/thumb/v7e-m+fp/hard/libc_nano.a(libc_a-assert.o)
 .rodata.str1.4
                0x00009999       0x59 /usr/lib/gcc/arm-none-eabi/14.2.1/../../../arm-none-eabi/lib/thumb/v7e-m+fp/hard/libc_nano.a(libc_a-mprec.o)
 *fill*         0x00009999        0x7 
 .rodata        0x000099a0      0x128 /usr/lib/gcc/arm-none-eabi/14.2.1/../../../arm-none-eabi/lib/thumb/v7e-m+fp/hard/libc_nano.a(libc_a-mprec.o)
                0x000099b0                __mprec_tens
                0x00009a78                __mprec_tinytens
                0x00009aa0                __mprec_bigtens
 .rodata.str1.4
                0x00009ac8       0x13 /usr/lib/gcc/arm-none-eabi/14.2.1/../../../arm-none-eabi/lib/thumb/v7e-m+fp/hard/libc_nano.a(libc_a-nano-svfprintf.o)
 .rodata.str1.4
                0x00009ac8       0x25 /usr/lib/gcc/arm-none-eabi/14.2.1/../../../arm-none-eabi/lib/thumb/v7e-m+fp/hard/libc_nano.a(libc_a-nano-vfprintf_i.o)
 .rodata.str1.4
                0x00009ac8       0x13 /usr/lib/gcc/arm-none-eabi/14.2.1/../../../arm-none-eabi/lib/thumb/v7e-m+fp/hard/libc_nano.a(libc_a-nano-vfprintf.o)
 *(.init)
 .init          0x00009ac8        0x4 /usr/lib/gcc/arm-none-eabi/14.2.1/thumb/v7e-m+fp/hard/crti.o
                0x00009ac8                _init
 *(.fini)
 .fini          0x00009acc        0x4 /usr/lib/gcc/arm-none-eabi/14.2.1/thumb/v7e-m+fp/hard/crti.o
                0x00009acc                _fini
 *(.ARM.exidx*)
 .ARM.exidx     0x00009ad0        0x8 /usr/lib/gcc/arm-none-eabi/14.2.1/../../../arm-none-eabi/lib/thumb/v7e-m+fp/hard/libc_nano.a(libc_a-strcmp.o)
 .ARM.exidx     0x00009ad8        0x0 /usr/lib/gcc/arm-none-eabi/14.2.1/../../../arm-none-eabi/lib/thumb/v7e-m+fp/hard/libc_nano.a(libc_a-memcpy.o)
                                  0x8 (size before relaxing)
 .ARM.exidx     0x00009ad8        0x0 /usr/lib/gcc/arm-none-eabi/14.2.1/../../../arm-none-eabi/lib/thumb/v7e-m+fp/hard/libc_nano.a(libc_a-strlen.o)
                                  0x8 (size before relaxing)
 .ARM.exidx     0x00009ad8        0x0 /usr/lib/gcc/arm-none-eabi/14.2.1/../../../arm-none-eabi/lib/thumb/v7e-m+fp/hard/libc_nano.a(libc_a-memchr.o)
                                  0x8 (size before relaxing)
 *(.gnu.linkonce.armexidx.*)
                0x00009ad8                        _etext = .

.glue_7         0x00009ad8        0x0
 .glue_7        0x00009ad8        0x0 linker stubs

.glue_7t        0x00009ad8        0x0
 .glue_7t       0x00009ad8        0x0 linker stubs

.vfp11_veneer   0x00009ad8        0x0
 .vfp11_veneer  0x00009ad8        0x0 linker stubs

.v4_bx          0x00009ad8        0x0
 .v4_bx         0x00009ad8        0x0 linker stubs

.iplt           0x00009ad8        0x0
 .iplt          0x00009ad8        0x0 CMakeFiles/rotor-controller.elf.dir/src/startup_gcc.c.obj

.rel.dyn        0x00009ad8        0x0
 .rel.iplt      0x00009ad8        0x0 CMakeFiles/rotor-controller.elf.dir/src/startup_gcc.c.obj

.data           0x20000000      0x224 load address 0x00009ad8
                0x20000000                        _data = .
                0x00009ad8                        _ldata = LOADADDR (.data)
 *(vtable)
 *(.data*)
 .data.g_netinfo
                0x20000000       0x17 CMakeFiles/rotor-controller.elf.dir/src/net.c.obj
 *fill*         0x20000017        0x1 
 .data.g_rx_rd_ptr
                0x20000018        0x2 CMakeFiles/rotor-controller.elf.dir/src/net.c.obj
 .data.g_rxbuf  0x2000001a        0x8 CMakeFiles/rotor-controller.elf.dir/src/net.c.obj
 .data.g_txbuf  0x20000022        0x8 CMakeFiles/rotor-controller.elf.dir/src/net.c.obj
 .data.g_lcd_addr
                0x2000002a        0x1 CMakeFiles/rotor-controller.elf.dir/src/display.c.obj
 *fill*         0x2000002b        0x1 
 .data.WIZCHIP  0x2000002c       0x2c libwiznet.a(wizchip_conf.c.obj)
                0x2000002c                WIZCHIP
 .data.sock_any_port
                0x20000058        0x2 libwiznet.a(socket.c.obj)
 *fill*         0x2000005a        0x2 
 .data          0x2000005c      0x16c /usr/lib/gcc/arm-none-eabi/14.2.1/../../../arm-none-eabi/lib/thumb/v7e-m+fp/hard/libc_nano.a(libc_a-locale.o)
                0x2000005c                __global_locale
 .data          0x200001c8       0x50 /usr/lib/gcc/arm-none-eabi/14.2.1/../../../arm-none-eabi/lib/thumb/v7e-m+fp/hard/libc_nano.a(libc_a-impure.o)
                0x200001c8                _impure_ptr
                0x200001cc                _impure_data
 .data          0x20000218        0xc /usr/lib/gcc/arm-none-eabi/14.2.1/../../../arm-none-eabi/lib/thumb/v7e-m+fp/hard/libc_nano.a(libc_a-findfp.o)
                0x20000218                __sglue
                0x20000224                        _edata = .

.igot.plt       0x20000224        0x0 load address 0x00009cfc
 .igot.plt      0x20000224        0x0 CMakeFiles/rotor-controller.elf.dir/src/startup_gcc.c.obj

.bss            0x20000400     0x168c load address 0x0000a000
                0x20000400                        _bss = .
 *(.bss*)
 .bss.pui32Stack
                0x20000400      0x800 CMakeFiles/rotor-controller.elf.dir/src/startup_gcc.c.obj
 .bss.g_tick_count
                0x20000c00        0x4 CMakeFiles/rotor-controller.elf.dir/src/tick.c.obj
 .bss.g_tick_pending
                0x20000c04        0x1 CMakeFiles/rotor-controller.elf.dir/src/tick.c.obj
 .bss.g_el_seeded
                0x20000c05        0x1 CMakeFiles/rotor-controller.elf.dir/src/adc.c.obj
 .bss.g_az_seeded
                0x20000c06        0x1 CMakeFiles/rotor-controller.elf.dir/src/adc.c.obj
 .bss.g_primed  0x20000c07        0x1 CMakeFiles/rotor-controller.elf.dir/src/adc.c.obj
 .bss.g_fault   0x20000c08        0x1 CMakeFiles/rotor-controller.elf.dir/src/adc.c.obj
 *fill*         0x20000c09        0x3 
 .bss.g_window_tick
                0x20000c0c        0x4 CMakeFiles/rotor-controller.elf.dir/src/adc.c.obj
 .bss.g_el_rejects
                0x20000c10        0x4 CMakeFiles/rotor-controller.elf.dir/src/adc.c.obj
 .bss.g_az_rejects
                0x20000c14        0x4 CMakeFiles/rotor-controller.elf.dir/src/adc.c.obj
 .bss.g_el_filtered
                0x20000c18        0x4 CMakeFiles/rotor-controller.elf.dir/src/adc.c.obj
 .bss.g_az_filtered
                0x20000c1c        0x4 CMakeFiles/rotor-controller.elf.dir/src/adc.c.obj
 .bss.g_ring_head
                0x20000c20        0x4 CMakeFiles/rotor-controller.elf.dir/src/adc.c.obj
 .bss.g_el_ring
                0x20000c24       0x80 CMakeFiles/rotor-controller.elf.dir/src/adc.c.obj
 .bss.g_az_ring
                0x20000ca4       0x80 CMakeFiles/rotor-controller.elf.dir/src/adc.c.obj
 .bss.g_dma_buf
                0x20000d24      0x100 CMakeFiles/rotor-controller.elf.dir/src/adc.c.obj
 *fill*         0x20000e24      0x1dc 
 .bss.g_udma_ctrl
                0x20001000      0x400 CMakeFiles/rotor-controller.elf.dir/src/adc.c.obj
 .bss.g_telem_tick
                0x20001400        0x4 CMakeFiles/rotor-controller.elf.dir/src/net.c.obj
 .bss.g_telem_seq
                0x20001404        0x4 CMakeFiles/rotor-controller.elf.dir/src/net.c.obj
 .bss.g_brain_connected
                0x20001408        0x1 CMakeFiles/rotor-controller.elf.dir/src/net.c.obj
 .bss.g_brain_ip
                0x20001409        0x4 CMakeFiles/rotor-controller.elf.dir/src/net.c.obj
 *fill*         0x2000140d        0x1 
 .bss.g_rx_idx  0x2000140e        0x2 CMakeFiles/rotor-controller.elf.dir/src/net.c.obj
 .bss.g_rx_buf  0x20001410      0x200 CMakeFiles/rotor-controller.elf.dir/src/net.c.obj
 .bss.g_telem_buf
                0x20001610      0x280 CMakeFiles/rotor-controller.elf.dir/src/protocol.c.obj
 .bss.g_ack_buf
                0x20001890       0x80 CMakeFiles/rotor-controller.elf.dir/src/protocol.c.obj
 .bss.g_tick_ctr
                0x20001910        0x4 CMakeFiles/rotor-controller.elf.dir/src/display.c.obj
 .bss.g_present
                0x20001914        0x1 CMakeFiles/rotor-controller.elf.dir/src/display.c.obj
 *fill*         0x20001915        0x3 
 .bss.g_ui32Base
                0x20001918        0x4 CMakeFiles/rotor-controller.elf.dir/lib/tivaware/utils/uartstdio.c.obj
 .bss._DHCP_    0x2000191c        0x1 libwiznet.a(wizchip_conf.c.obj)
 .bss._DNS_     0x2000191d        0x4 libwiznet.a(wizchip_conf.c.obj)
 .bss.sock_pack_info
                0x20001921        0x8 libwiznet.a(socket.c.obj)
                0x20001921                sock_pack_info
 *fill*         0x20001929        0x1 
 .bss.sock_remained_size
                0x2000192a       0x10 libwiznet.a(socket.c.obj)
 .bss.sock_is_sending
                0x2000193a        0x2 libwiznet.a(socket.c.obj)
 .bss.sock_io_mode
                0x2000193c        0x2 libwiznet.a(socket.c.obj)
 *fill*         0x2000193e        0x2 
 .bss           0x20001940      0x13c /usr/lib/gcc/arm-none-eabi/14.2.1/../../../arm-none-eabi/lib/thumb/v7e-m+fp/hard/libc_nano.a(libc_a-findfp.o)
                0x20001940                __sf
                0x20001a78                __stdio_exit_handler
 .bss           0x20001a7c        0x8 /usr/lib/gcc/arm-none-eabi/14.2.1/../../../arm-none-eabi/lib/thumb/v7e-m+fp/hard/libc_nano.a(libc_a-mallocr.o)
                0x20001a7c                __malloc_sbrk_start
                0x20001a80                __malloc_free_list
 .bss           0x20001a84        0x4 /usr/lib/gcc/arm-none-eabi/14.2.1/../../../arm-none-eabi/lib/thumb/v7e-m+fp/hard/libc_nano.a(libc_a-reent.o)
                0x20001a84                errno
 .bss           0x20001a88        0x4 /usr/lib/gcc/arm-none-eabi/14.2.1/../../../arm-none-eabi/lib/thumb/v7e-m+fp/hard/libnosys.a(sbrk.o)
 *(COMMON)
                0x20001a8c                        _ebss = .
                0x20001a8c                        end = .
                0x20001a8c                        _end = .
OUTPUT(rotor-controller.elf elf32-littlearm)
LOAD linker stubs

.ARM.attributes
                0x00000000       0x30
 .ARM.attributes
                0x00000000       0x22 /usr/lib/gcc/arm-none-eabi/14.2.1/thumb/v7e-m+fp/hard/crti.o
 .ARM.attributes
                0x00000022       0x34 CMakeFiles/rotor-controller.elf.dir/src/startup_gcc.c.obj
 .ARM.attributes
                0x00000056       0x34 CMakeFiles/rotor-controller.elf.dir/src/main.c.obj
 .ARM.attributes
                0x0000008a       0x34 CMakeFiles/rotor-controller.elf.dir/src/tick.c.obj
 .ARM.attributes
                0x000000be       0x34 CMakeFiles/rotor-controller.elf.dir/src/adc.c.obj
 .ARM.attributes
                0x000000f2       0x34 CMakeFiles/rotor-controller.elf.dir/src/gpio_outputs.c.obj
 .ARM.attributes
                0x00000126       0x34 CMakeFiles/rotor-controller.elf.dir/src/state_machine.c.obj
 .ARM.attributes
                0x0000015a       0x34 CMakeFiles/rotor-controller.elf.dir/src/net.c.obj
 .ARM.attributes
                0x0000018e       0x34 CMakeFiles/rotor-controller.elf.dir/src/protocol.c.obj
 .ARM.attributes
                0x000001c2       0x34 CMakeFiles/rotor-controller.elf.dir/src/display.c.obj
 .ARM.attributes
                0x000001f6       0x34 CMakeFiles/rotor-controller.elf.dir/lib/tivaware/utils/uartstdio.c.obj
 .ARM.attributes
                0x0000022a       0x34 libdriverlib.a(adc.c.obj)
 .ARM.attributes
                0x0000025e       0x34 libdriverlib.a(gpio.c.obj)
 .ARM.attributes
                0x00000292       0x34 libdriverlib.a(i2c.c.obj)
 .ARM.attributes
                0x000002c6       0x34 libdriverlib.a(interrupt.c.obj)
 .ARM.attributes
                0x000002fa       0x34 libdriverlib.a(ssi.c.obj)
 .ARM.attributes
                0x0000032e       0x34 libdriverlib.a(sysctl.c.obj)
 .ARM.attributes
                0x00000362       0x34 libdriverlib.a(systick.c.obj)
 .ARM.attributes
                0x00000396       0x34 libdriverlib.a(timer.c.obj)
 .ARM.attributes
                0x000003ca       0x34 libdriverlib.a(uart.c.obj)
 .ARM.attributes
                0x000003fe       0x34 libdriverlib.a(udma.c.obj)
 .ARM.attributes
                0x00000432       0x34 libdriverlib.a(watchdog.c.obj)
 .ARM.attributes
                0x00000466       0x34 libdriverlib.a(cpu.c.obj)
 .ARM.attributes
                0x0000049a       0x34 libwiznet.a(wizchip_conf.c.obj)
 .ARM.attributes
                0x000004ce       0x34 libwiznet.a(w5500.c.obj)
 .ARM.attributes
                0x00000502       0x34 libwiznet.a(socket.c.obj)
 .ARM.attributes
                0x00000536       0x34 /usr/lib/gcc/arm-none-eabi/14.2.1/../../../arm-none-eabi/lib/thumb/v7e-m+fp/hard/libc_nano.a(libc_a-memmove.o)
 .ARM.attributes
                0x0000056a       0x34 /usr/lib/gcc/arm-none-eabi/14.2.1/../../../arm-none-eabi/lib/thumb/v7e-m+fp/hard/libc_nano.a(libc_a-strtod.o)
 .ARM.attributes
                0x0000059e       0x34 /usr/lib/gcc/arm-none-eabi/14.2.1/../../../arm-none-eabi/lib/thumb/v7e-m+fp/hard/libc_nano.a(libc_a-gdtoa-gethex.o)
 .ARM.attributes
                0x000005d2       0x34 /usr/lib/gcc/arm-none-eabi/14.2.1/../../../arm-none-eabi/lib/thumb/v7e-m+fp/hard/libc_nano.a(libc_a-strtoul.o)
 .ARM.attributes
                0x00000606       0x34 /usr/lib/gcc/arm-none-eabi/14.2.1/../../../arm-none-eabi/lib/thumb/v7e-m+fp/hard/libc_nano.a(libc_a-strstr.o)
 .ARM.attributes
                0x0000063a       0x34 /usr/lib/gcc/arm-none-eabi/14.2.1/../../../arm-none-eabi/lib/thumb/v7e-m+fp/hard/libc_nano.a(libc_a-memset.o)
 .ARM.attributes
                0x0000066e       0x34 /usr/lib/gcc/arm-none-eabi/14.2.1/../../../arm-none-eabi/lib/thumb/v7e-m+fp/hard/libc_nano.a(libc_a-memcmp.o)
 .ARM.attributes
                0x000006a2       0x20 /usr/lib/gcc/arm-none-eabi/14.2.1/../../../arm-none-eabi/lib/thumb/v7e-m+fp/hard/libc_nano.a(libc_a-strcmp.o)
 .ARM.attributes
                0x000006c2       0x34 /usr/lib/gcc/arm-none-eabi/14.2.1/../../../arm-none-eabi/lib/thumb/v7e-m+fp/hard/libc_nano.a(libc_a-strncmp.o)
 .ARM.attributes
                0x000006f6       0x34 /usr/lib/gcc/arm-none-eabi/14.2.1/../../../arm-none-eabi/lib/thumb/v7e-m+fp/hard/libc_nano.a(libc_a-locale.o)
 .ARM.attributes
                0x0000072a       0x20 /usr/lib/gcc/arm-none-eabi/14.2.1/../../../arm-none-eabi/lib/thumb/v7e-m+fp/hard/libc_nano.a(libc_a-memcpy.o)
 .ARM.attributes
                0x0000074a       0x34 /usr/lib/gcc/arm-none-eabi/14.2.1/../../../arm-none-eabi/lib/thumb/v7e-m+fp/hard/libc_nano.a(libc_a-wctomb_r.o)
 .ARM.attributes
                0x0000077e       0x34 /usr/lib/gcc/arm-none-eabi/14.2.1/../../../arm-none-eabi/lib/thumb/v7e-m+fp/hard/libc_nano.a(libc_a-impure.o)
 .ARM.attributes
                0x000007b2       0x1c /usr/lib/gcc/arm-none-eabi/14.2.1/../../../arm-none-eabi/lib/thumb/v7e-m+fp/hard/libc_nano.a(libc_a-strlen.o)
 .ARM.attributes
                0x000007ce       0x34 /usr/lib/gcc/arm-none-eabi/14.2.1/../../../arm-none-eabi/lib/thumb/v7e-m+fp/hard/libc_nano.a(libc_a-strnlen.o)
 .ARM.attributes
                0x00000802       0x34 /usr/lib/gcc/arm-none-eabi/14.2.1/../../../arm-none-eabi/lib/thumb/v7e-m+fp/hard/libc_nano.a(libc_a-ctype_.o)
 .ARM.attributes
                0x00000836       0x34 /usr/lib/gcc/arm-none-eabi/14.2.1/../../../arm-none-eabi/lib/thumb/v7e-m+fp/hard/libc_nano.a(libc_a-snprintf.o)
 .ARM.attributes
                0x0000086a       0x1c /usr/lib/gcc/arm-none-eabi/14.2.1/../../../arm-none-eabi/lib/thumb/v7e-m+fp/hard/libc_nano.a(libc_a-memchr.o)
 .ARM.attributes
                0x00000886       0x34 /usr/lib/gcc/arm-none-eabi/14.2.1/../../../arm-none-eabi/lib/thumb/v7e-m+fp/hard/libc_nano.a(libc_a-gdtoa-hexnan.o)
 .ARM.attributes
                0x000008ba       0x34 /usr/lib/gcc/arm-none-eabi/14.2.1/../../../arm-none-eabi/lib/thumb/v7e-m+fp/hard/libc_nano.a(libm_a-s_nan.o)
 .ARM.attributes
                0x000008ee       0x34 /usr/lib/gcc/arm-none-eabi/14.2.1/../../../arm-none-eabi/lib/thumb/v7e-m+fp/hard/libc_nano.a(libm_a-sf_nan.o)
 .ARM.attributes
                0x00000922       0x34 /usr/lib/gcc/arm-none-eabi/14.2.1/../../../arm-none-eabi/lib/thumb/v7e-m+fp/hard/libc_nano.a(libc_a-assert.o)
 .ARM.attributes
                0x00000956       0x34 /usr/lib/gcc/arm-none-eabi/14.2.1/../../../arm-none-eabi/lib/thumb/v7e-m+fp/hard/libc_nano.a(libc_a-mprec.o)
 .ARM.attributes
                0x0000098a       0x34 /usr/lib/gcc/arm-none-eabi/14.2.1/../../../arm-none-eabi/lib/thumb/v7e-m+fp/hard/libc_nano.a(libc_a-errno.o)
 .ARM.attributes
                0x000009be       0x34 /usr/lib/gcc/arm-none-eabi/14.2.1/../../../arm-none-eabi/lib/thumb/v7e-m+fp/hard/libc_nano.a(libc_a-strchr.o)
 .ARM.attributes
                0x000009f2       0x34 /usr/lib/gcc/arm-none-eabi/14.2.1/../../../arm-none-eabi/lib/thumb/v7e-m+fp/hard/libc_nano.a(libc_a-nano-svfprintf.o)
 .ARM.attributes
                0x00000a26       0x34 /usr/lib/gcc/arm-none-eabi/14.2.1/../../../arm-none-eabi/lib/thumb/v7e-m+fp/hard/libc_nano.a(libc_a-mbtowc_r.o)
 .ARM.attributes
                0x00000a5a       0x34 /usr/lib/gcc/arm-none-eabi/14.2.1/../../../arm-none-eabi/lib/thumb/v7e-m+fp/hard/libc_nano.a(libc_a-findfp.o)
 .ARM.attributes
                0x00000a8e       0x34 /usr/lib/gcc/arm-none-eabi/14.2.1/../../../arm-none-eabi/lib/thumb/v7e-m+fp/hard/libc_nano.a(libc_a-abort.o)
 .ARM.attributes
                0x00000ac2       0x34 /usr/lib/gcc/arm-none-eabi/14.2.1/../../../arm-none-eabi/lib/thumb/v7e-m+fp/hard/libc_nano.a(libc_a-fflush.o)
 .ARM.attributes
                0x00000af6       0x34 /usr/lib/gcc/arm-none-eabi/14.2.1/../../../arm-none-eabi/lib/thumb/v7e-m+fp/hard/libc_nano.a(libc_a-callocr.o)
 .ARM.attributes
                0x00000b2a       0x34 /usr/lib/gcc/arm-none-eabi/14.2.1/../../../arm-none-eabi/lib/thumb/v7e-m+fp/hard/libc_nano.a(libc_a-mallocr.o)
 .ARM.attributes
                0x00000b5e       0x34 /usr/lib/gcc/arm-none-eabi/14.2.1/../../../arm-none-eabi/lib/thumb/v7e-m+fp/hard/libc_nano.a(libc_a-freer.o)
 .ARM.attributes
                0x00000b92       0x34 /usr/lib/gcc/arm-none-eabi/14.2.1/../../../arm-none-eabi/lib/thumb/v7e-m+fp/hard/libc_nano.a(libc_a-fwalk.o)
 .ARM.attributes
                0x00000bc6       0x34 /usr/lib/gcc/arm-none-eabi/14.2.1/../../../arm-none-eabi/lib/thumb/v7e-m+fp/hard/libc_nano.a(libc_a-malloc.o)
 .ARM.attributes
                0x00000bfa       0x34 /usr/lib/gcc/arm-none-eabi/14.2.1/../../../arm-none-eabi/lib/thumb/v7e-m+fp/hard/libc_nano.a(libc_a-fprintf.o)
 .ARM.attributes
                0x00000c2e       0x34 /usr/lib/gcc/arm-none-eabi/14.2.1/../../../arm-none-eabi/lib/thumb/v7e-m+fp/hard/libc_nano.a(libc_a-reallocr.o)
 .ARM.attributes
                0x00000c62       0x34 /usr/lib/gcc/arm-none-eabi/14.2.1/../../../arm-none-eabi/lib/thumb/v7e-m+fp/hard/libc_nano.a(libc_a-nano-vfprintf_i.o)
 .ARM.attributes
                0x00000c96       0x34 /usr/lib/gcc/arm-none-eabi/14.2.1/../../../arm-none-eabi/lib/thumb/v7e-m+fp/hard/libc_nano.a(libc_a-mlock.o)
 .ARM.attributes
                0x00000cca       0x34 /usr/lib/gcc/arm-none-eabi/14.2.1/../../../arm-none-eabi/lib/thumb/v7e-m+fp/hard/libc_nano.a(libc_a-signal.o)
 .ARM.attributes
                0x00000cfe       0x34 /usr/lib/gcc/arm-none-eabi/14.2.1/../../../arm-none-eabi/lib/thumb/v7e-m+fp/hard/libc_nano.a(libc_a-nano-vfprintf.o)
 .ARM.attributes
                0x00000d32       0x34 /usr/lib/gcc/arm-none-eabi/14.2.1/../../../arm-none-eabi/lib/thumb/v7e-m+fp/hard/libc_nano.a(libc_a-sbrkr.o)
 .ARM.attributes
                0x00000d66       0x34 /usr/lib/gcc/arm-none-eabi/14.2.1/../../../arm-none-eabi/lib/thumb/v7e-m+fp/hard/libc_nano.a(libc_a-stdio.o)
 .ARM.attributes
                0x00000d9a       0x34 /usr/lib/gcc/arm-none-eabi/14.2.1/../../../arm-none-eabi/lib/thumb/v7e-m+fp/hard/libc_nano.a(libc_a-msizer.o)
 .ARM.attributes
                0x00000dce       0x34 /usr/lib/gcc/arm-none-eabi/14.2.1/../../../arm-none-eabi/lib/thumb/v7e-m+fp/hard/libc_nano.a(libc_a-readr.o)
 .ARM.attributes
                0x00000e02       0x34 /usr/lib/gcc/arm-none-eabi/14.2.1/../../../arm-none-eabi/lib/thumb/v7e-m+fp/hard/libc_nano.a(libc_a-fvwrite.o)
 .ARM.attributes
                0x00000e36       0x34 /usr/lib/gcc/arm-none-eabi/14.2.1/../../../arm-none-eabi/lib/thumb/v7e-m+fp/hard/libc_nano.a(libc_a-writer.o)
 .ARM.attributes
                0x00000e6a       0x34 /usr/lib/gcc/arm-none-eabi/14.2.1/../../../arm-none-eabi/lib/thumb/v7e-m+fp/hard/libc_nano.a(libc_a-closer.o)
 .ARM.attributes
                0x00000e9e       0x34 /usr/lib/gcc/arm-none-eabi/14.2.1/../../../arm-none-eabi/lib/thumb/v7e-m+fp/hard/libc_nano.a(libc_a-lseekr.o)
 .ARM.attributes
                0x00000ed2       0x34 /usr/lib/gcc/arm-none-eabi/14.2.1/../../../arm-none-eabi/lib/thumb/v7e-m+fp/hard/libc_nano.a(libc_a-wsetup.o)
 .ARM.attributes
                0x00000f06       0x34 /usr/lib/gcc/arm-none-eabi/14.2.1/../../../arm-none-eabi/lib/thumb/v7e-m+fp/hard/libc_nano.a(libc_a-wbuf.o)
 .ARM.attributes
                0x00000f3a       0x34 /usr/lib/gcc/arm-none-eabi/14.2.1/../../../arm-none-eabi/lib/thumb/v7e-m+fp/hard/libc_nano.a(libc_a-reent.o)
 .ARM.attributes
                0x00000f6e       0x34 /usr/lib/gcc/arm-none-eabi/14.2.1/../../../arm-none-eabi/lib/thumb/v7e-m+fp/hard/libc_nano.a(libc_a-makebuf.o)
 .ARM.attributes
                0x00000fa2       0x34 /usr/lib/gcc/arm-none-eabi/14.2.1/../../../arm-none-eabi/lib/thumb/v7e-m+fp/hard/libc_nano.a(libc_a-signalr.o)
 .ARM.attributes
                0x00000fd6       0x34 /usr/lib/gcc/arm-none-eabi/14.2.1/../../../arm-none-eabi/lib/thumb/v7e-m+fp/hard/libc_nano.a(libc_a-fstatr.o)
 .ARM.attributes
                0x0000100a       0x34 /usr/lib/gcc/arm-none-eabi/14.2.1/../../../arm-none-eabi/lib/thumb/v7e-m+fp/hard/libc_nano.a(libc_a-isattyr.o)
 .ARM.attributes
                0x0000103e       0x22 /usr/lib/gcc/arm-none-eabi/14.2.1/thumb/v7e-m+fp/hard/libgcc.a(_arm_addsubdf3.o)
 .ARM.attributes
                0x00001060       0x22 /usr/lib/gcc/arm-none-eabi/14.2.1/thumb/v7e-m+fp/hard/libgcc.a(_arm_muldivdf3.o)
 .ARM.attributes
                0x00001082       0x22 /usr/lib/gcc/arm-none-eabi/14.2.1/thumb/v7e-m+fp/hard/libgcc.a(_arm_cmpdf2.o)
 .ARM.attributes
                0x000010a4       0x22 /usr/lib/gcc/arm-none-eabi/14.2.1/thumb/v7e-m+fp/hard/libgcc.a(_arm_unorddf2.o)
 .ARM.attributes
                0x000010c6       0x22 /usr/lib/gcc/arm-none-eabi/14.2.1/thumb/v7e-m+fp/hard/libgcc.a(_arm_fixunsdfsi.o)
 .ARM.attributes
                0x000010e8       0x22 /usr/lib/gcc/arm-none-eabi/14.2.1/thumb/v7e-m+fp/hard/libgcc.a(_arm_truncdfsf2.o)
 .ARM.attributes
                0x0000110a       0x34 /usr/lib/gcc/arm-none-eabi/14.2.1/thumb/v7e-m+fp/hard/libgcc.a(_fixdfdi.o)
 .ARM.attributes
                0x0000113e       0x34 /usr/lib/gcc/arm-none-eabi/14.2.1/thumb/v7e-m+fp/hard/libgcc.a(_fixunsdfdi.o)
 .ARM.attributes
                0x00001172       0x34 /usr/lib/gcc/arm-none-eabi/14.2.1/../../../arm-none-eabi/lib/thumb/v7e-m+fp/hard/libnosys.a(close.o)
 .ARM.attributes
                0x000011a6       0x34 /usr/lib/gcc/arm-none-eabi/14.2.1/../../../arm-none-eabi/lib/thumb/v7e-m+fp/hard/libnosys.a(fstat.o)
 .ARM.attributes
                0x000011da       0x34 /usr/lib/gcc/arm-none-eabi/14.2.1/../../../arm-none-eabi/lib/thumb/v7e-m+fp/hard/libnosys.a(getpid.o)
 .ARM.attributes
                0x0000120e       0x34 /usr/lib/gcc/arm-none-eabi/14.2.1/../../../arm-none-eabi/lib/thumb/v7e-m+fp/hard/libnosys.a(isatty.o)
 .ARM.attributes
                0x00001242       0x34 /usr/lib/gcc/arm-none-eabi/14.2.1/../../../arm-none-eabi/lib/thumb/v7e-m+fp/hard/libnosys.a(kill.o)
 .ARM.attributes
                0x00001276       0x34 /usr/lib/gcc/arm-none-eabi/14.2.1/../../../arm-none-eabi/lib/thumb/v7e-m+fp/hard/libnosys.a(lseek.o)
 .ARM.attributes
                0x000012aa       0x34 /usr/lib/gcc/arm-none-eabi/14.2.1/../../../arm-none-eabi/lib/thumb/v7e-m+fp/hard/libnosys.a(read.o)
 .ARM.attributes
                0x000012de       0x34 /usr/lib/gcc/arm-none-eabi/14.2.1/../../../arm-none-eabi/lib/thumb/v7e-m+fp/hard/libnosys.a(sbrk.o)
 .ARM.attributes
                0x00001312       0x34 /usr/lib/gcc/arm-none-eabi/14.2.1/../../../arm-none-eabi/lib/thumb/v7e-m+fp/hard/libnosys.a(write.o)
 .ARM.attributes
                0x00001346       0x34 /usr/lib/gcc/arm-none-eabi/14.2.1/../../../arm-none-eabi/lib/thumb/v7e-m+fp/hard/libnosys.a(_exit.o)

.comment        0x00000000       0x4c
 .comment       0x00000000       0x4c CMakeFiles/rotor-controller.elf.dir/src/startup_gcc.c.obj
                                 0x27 (size before relaxing)
 .comment       0x0000004c       0x27 CMakeFiles/rotor-controller.elf.dir/src/main.c.obj
 .comment       0x0000004c       0x27 CMakeFiles/rotor-controller.elf.dir/src/tick.c.obj
 .comment       0x0000004c       0x27 CMakeFiles/rotor-controller.elf.dir/src/adc.c.obj
 .comment       0x0000004c       0x27 CMakeFiles/rotor-controller.elf.dir/src/gpio_outputs.c.obj
 .comment       0x0000004c       0x27 CMakeFiles/rotor-controller.elf.dir/src/state_machine.c.obj
 .comment       0x0000004c       0x27 CMakeFiles/rotor-controller.elf.dir/src/net.c.obj
 .comment       0x0000004c       0x27 CMakeFiles/rotor-controller.elf.dir/src/protocol.c.obj
 .comment       0x0000004c       0x27 CMakeFiles/rotor-controller.elf.dir/src/display.c.obj
 .comment       0x0000004c       0x27 CMakeFiles/rotor-controller.elf.dir/lib/tivaware/utils/uartstdio.c.obj
 .comment       0x0000004c       0x27 libdriverlib.a(adc.c.obj)
 .comment       0x0000004c       0x27 libdriverlib.a(gpio.c.obj)
 .comment       0x0000004c       0x27 libdriverlib.a(i2c.c.obj)
 .comment       0x0000004c       0x27 libdriverlib.a(interrupt.c.obj)
 .comment       0x0000004c       0x27 libdriverlib.a(ssi.c.obj)
 .comment       0x0000004c       0x27 libdriverlib.a(sysctl.c.obj)
 .comment       0x0000004c       0x27 libdriverlib.a(systick.c.obj)
 .comment       0x0000004c       0x27 libdriverlib.a(timer.c.obj)
 .comment       0x0000004c       0x27 libdriverlib.a(uart.c.obj)
 .comment       0x0000004c       0x27 libdriverlib.a(udma.c.obj)
 .comment       0x0000004c       0x27 libdriverlib.a(watchdog.c.obj)
 .comment       0x0000004c       0x27 libdriverlib.a(cpu.c.obj)
 .comment       0x0000004c       0x27 libwiznet.a(wizchip_conf.c.obj)
 .comment       0x0000004c       0x27 libwiznet.a(w5500.c.obj)
 .comment       0x0000004c       0x27 libwiznet.a(socket.c.obj)
 .comment       0x0000004c       0x27 /usr/lib/gcc/arm-none-eabi/14.2.1/../../../arm-none-eabi/lib/thumb/v7e-m+fp/hard/libc_nano.a(libc_a-memmove.o)
 .comment       0x0000004c       0x27 /usr/lib/gcc/arm-none-eabi/14.2.1/../../../arm-none-eabi/lib/thumb/v7e-m+fp/hard/libc_nano.a(libc_a-strtod.o)
 .comment       0x0000004c       0x27 /usr/lib/gcc/arm-none-eabi/14.2.1/../../../arm-none-eabi/lib/thumb/v7e-m+fp/hard/libc_nano.a(libc_a-gdtoa-gethex.o)
 .comment       0x0000004c       0x27 /usr/lib/gcc/arm-none-eabi/14.2.1/../../../arm-none-eabi/lib/thumb/v7e-m+fp/hard/libc_nano.a(libc_a-strtoul.o)
 .comment       0x0000004c       0x27 /usr/lib/gcc/arm-none-eabi/14.2.1/../../../arm-none-eabi/lib/thumb/v7e-m+fp/hard/libc_nano.a(libc_a-strstr.o)
 .comment       0x0000004c       0x27 /usr/lib/gcc/arm-none-eabi/14.2.1/../../../arm-none-eabi/lib/thumb/v7e-m+fp/hard/libc_nano.a(libc_a-memset.o)
 .comment       0x0000004c       0x27 /usr/lib/gcc/arm-none-eabi/14.2.1/../../../arm-none-eabi/lib/thumb/v7e-m+fp/hard/libc_nano.a(libc_a-memcmp.o)
 .comment       0x0000004c       0x27 /usr/lib/gcc/arm-none-eabi/14.2.1/../../../arm-none-eabi/lib/thumb/v7e-m+fp/hard/libc_nano.a(libc_a-strncmp.o)
 .comment       0x0000004c       0x27 /usr/lib/gcc/arm-none-eabi/14.2.1/../../../arm-none-eabi/lib/thumb/v7e-m+fp/hard/libc_nano.a(libc_a-locale.o)
 .comment       0x0000004c       0x27 /usr/lib/gcc/arm-none-eabi/14.2.1/../../../arm-none-eabi/lib/thumb/v7e-m+fp/hard/libc_nano.a(libc_a-wctomb_r.o)
 .comment       0x0000004c       0x27 /usr/lib/gcc/arm-none-eabi/14.2.1/../../../arm-none-eabi/lib/thumb/v7e-m+fp/hard/libc_nano.a(libc_a-impure.o)
 .comment       0x0000004c       0x27 /usr/lib/gcc/arm-none-eabi/14.2.1/../../../arm-none-eabi/lib/thumb/v7e-m+fp/hard/libc_nano.a(libc_a-strnlen.o)
 .comment       0x0000004c       0x27 /usr/lib/gcc/arm-none-eabi/14.2.1/../../../arm-none-eabi/lib/thumb/v7e-m+fp/hard/libc_nano.a(libc_a-ctype_.o)
 .comment       0x0000004c       0x27 /usr/lib/gcc/arm-none-eabi/14.2.1/../../../arm-none-eabi/lib/thumb/v7e-m+fp/hard/libc_nano.a(libc_a-snprintf.o)
 .comment       0x0000004c       0x27 /usr/lib/gcc/arm-none-eabi/14.2.1/../../../arm-none-eabi/lib/thumb/v7e-m+fp/hard/libc_nano.a(libc_a-gdtoa-hexnan.o)
 .comment       0x0000004c       0x27 /usr/lib/gcc/arm-none-eabi/14.2.1/../../../arm-none-eabi/lib/thumb/v7e-m+fp/hard/libc_nano.a(libm_a-s_nan.o)
 .comment       0x0000004c       0x27 /usr/lib/gcc/arm-none-eabi/14.2.1/../../../arm-none-eabi/lib/thumb/v7e-m+fp/hard/libc_nano.a(libm_a-sf_nan.o)
 .comment       0x0000004c       0x27 /usr/lib/gcc/arm-none-eabi/14.2.1/../../../arm-none-eabi/lib/thumb/v7e-m+fp/hard/libc_nano.a(libc_a-assert.o)
 .comment       0x0000004c       0x27 /usr/lib/gcc/arm-none-eabi/14.2.1/../../../arm-none-eabi/lib/thumb/v7e-m+fp/hard/libc_nano.a(libc_a-mprec.o)
 .comment       0x0000004c       0x27 /usr/lib/gcc/arm-none-eabi/14.2.1/../../../arm-none-eabi/lib/thumb/v7e-m+fp/hard/libc_nano.a(libc_a-errno.o)
 .comment       0x0000004c       0x27 /usr/lib/gcc/arm-none-eabi/14.2.1/../../../arm-none-eabi/lib/thumb/v7e-m+fp/hard/libc_nano.a(libc_a-strchr.o)
 .comment       0x0000004c       0x27 /usr/lib/gcc/arm-none-eabi/14.2.1/../../../arm-none-eabi/lib/thumb/v7e-m+fp/hard/libc_nano.a(libc_a-nano-svfprintf.o)
 .comment       0x0000004c       0x27 /usr/lib/gcc/arm-none-eabi/14.2.1/../../../arm-none-eabi/lib/thumb/v7e-m+fp/hard/libc_nano.a(libc_a-mbtowc_r.o)
 .comment       0x0000004c       0x27 /usr/lib/gcc/arm-none-eabi/14.2.1/../../../arm-none-eabi/lib/thumb/v7e-m+fp/hard/libc_nano.a(libc_a-findfp.o)
 .comment       0x0000004c       0x27 /usr/lib/gcc/arm-none-eabi/14.2.1/../../../arm-none-eabi/lib/thumb/v7e-m+fp/hard/libc_nano.a(libc_a-abort.o)
 .comment       0x0000004c       0x27 /usr/lib/gcc/arm-none-eabi/14.2.1/../../../arm-none-eabi/lib/thumb/v7e-m+fp/hard/libc_nano.a(libc_a-fflush.o)
 .comment       0x0000004c       0x27 /usr/lib/gcc/arm-none-eabi/14.2.1/../../../arm-none-eabi/lib/thumb/v7e-m+fp/hard/libc_nano.a(libc_a-callocr.o)
 .comment       0x0000004c       0x27 /usr/lib/gcc/arm-none-eabi/14.2.1/../../../arm-none-eabi/lib/thumb/v7e-m+fp/hard/libc_nano.a(libc_a-mallocr.o)
 .comment       0x0000004c       0x27 /usr/lib/gcc/arm-none-eabi/14.2.1/../../../arm-none-eabi/lib/thumb/v7e-m+fp/hard/libc_nano.a(libc_a-freer.o)
 .comment       0x0000004c       0x27 /usr/lib/gcc/arm-none-eabi/14.2.1/../../../arm-none-eabi/lib/thumb/v7e-m+fp/hard/libc_nano.a(libc_a-fwalk.o)
 .comment       0x0000004c       0x27 /usr/lib/gcc/arm-none-eabi/14.2.1/../../../arm-none-eabi/lib/thumb/v7e-m+fp/hard/libc_nano.a(libc_a-malloc.o)
 .comment       0x0000004c       0x27 /usr/lib/gcc/arm-none-eabi/14.2.1/../../../arm-none-eabi/lib/thumb/v7e-m+fp/hard/libc_nano.a(libc_a-fprintf.o)
 .comment       0x0000004c       0x27 /usr/lib/gcc/arm-none-eabi/14.2.1/../../../arm-none-eabi/lib/thumb/v7e-m+fp/hard/libc_nano.a(libc_a-reallocr.o)
 .comment       0x0000004c       0x27 /usr/lib/gcc/arm-none-eabi/14.2.1/../../../arm-none-eabi/lib/thumb/v7e-m+fp/hard/libc_nano.a(libc_a-nano-vfprintf_i.o)
 .comment       0x0000004c       0x27 /usr/lib/gcc/arm-none-eabi/14.2.1/../../../arm-none-eabi/lib/thumb/v7e-m+fp/hard/libc_nano.a(libc_a-mlock.o)
 .comment       0x0000004c       0x27 /usr/lib/gcc/arm-none-eabi/14.2.1/../../../arm-none-eabi/lib/thumb/v7e-m+fp/hard/libc_nano.a(libc_a-signal.o)
 .comment       0x0000004c       0x27 /usr/lib/gcc/arm-none-eabi/14.2.1/../../../arm-none-eabi/lib/thumb/v7e-m+fp/hard/libc_nano.a(libc_a-nano-vfprintf.o)
 .comment       0x0000004c       0x27 /usr/lib/gcc/arm-none-eabi/14.2.1/../../../arm-none-eabi/lib/thumb/v7e-m+fp/hard/libc_nano.a(libc_a-sbrkr.o)
 .comment       0x0000004c       0x27 /usr/lib/gcc/arm-none-eabi/14.2.1/../../../arm-none-eabi/lib/thumb/v7e-m+fp/hard/libc_nano.a(libc_a-stdio.o)
 .comment       0x0000004c       0x27 /usr/lib/gcc/arm-none-eabi/14.2.1/../../../arm-none-eabi/lib/thumb/v7e-m+fp/hard/libc_nano.a(libc_a-msizer.o)
 .comment       0x0000004c       0x27 /usr/lib/gcc/arm-none-eabi/14.2.1/../../../arm-none-eabi/lib/thumb/v7e-m+fp/hard/libc_nano.a(libc_a-readr.o)
 .comment       0x0000004c       0x27 /usr/lib/gcc/arm-none-eabi/14.2.1/../../../arm-none-eabi/lib/thumb/v7e-m+fp/hard/libc_nano.a(libc_a-fvwrite.o)
 .comment       0x0000004c       0x27 /usr/lib/gcc/arm-none-eabi/14.2.1/../../../arm-none-eabi/lib/thumb/v7e-m+fp/hard/libc_nano.a(libc_a-writer.o)
 .comment       0x0000004c       0x27 /usr/lib/gcc/arm-none-eabi/14.2.1/../../../arm-none-eabi/lib/thumb/v7e-m+fp/hard/libc_nano.a(libc_a-closer.o)
 .comment       0x0000004c       0x27 /usr/lib/gcc/arm-none-eabi/14.2.1/../../../arm-none-eabi/lib/thumb/v7e-m+fp/hard/libc_nano.a(libc_a-lseekr.o)
 .comment       0x0000004c       0x27 /usr/lib/gcc/arm-none-eabi/14.2.1/../../../arm-none-eabi/lib/thumb/v7e-m+fp/hard/libc_nano.a(libc_a-wsetup.o)
 .comment       0x0000004c       0x27 /usr/lib/gcc/arm-none-eabi/14.2.1/../../../arm-none-eabi/lib/thumb/v7e-m+fp/hard/libc_nano.a(libc_a-wbuf.o)
 .comment       0x0000004c       0x27 /usr/lib/gcc/arm-none-eabi/14.2.1/../../../arm-none-eabi/lib/thumb/v7e-m+fp/hard/libc_nano.a(libc_a-reent.o)
 .comment       0x0000004c       0x27 /usr/lib/gcc/arm-none-eabi/14.2.1/../../../arm-none-eabi/lib/thumb/v7e-m+fp/hard/libc_nano.a(libc_a-makebuf.o)
 .comment       0x0000004c       0x27 /usr/lib/gcc/arm-none-eabi/14.2.1/../../../arm-none-eabi/lib/thumb/v7e-m+fp/hard/libc_nano.a(libc_a-signalr.o)
 .comment       0x0000004c       0x27 /usr/lib/gcc/arm-none-eabi/14.2.1/../../../arm-none-eabi/lib/thumb/v7e-m+fp/hard/libc_nano.a(libc_a-fstatr.o)
 .comment       0x0000004c       0x27 /usr/lib/gcc/arm-none-eabi/14.2.1/../../../arm-none-eabi/lib/thumb/v7e-m+fp/hard/libc_nano.a(libc_a-isattyr.o)
 .comment       0x0000004c       0x27 /usr/lib/gcc/arm-none-eabi/14.2.1/thumb/v7e-m+fp/hard/libgcc.a(_fixdfdi.o)
 .comment       0x0000004c       0x27 /usr/lib/gcc/arm-none-eabi/14.2.1/thumb/v7e-m+fp/hard/libgcc.a(_fixunsdfdi.o)
 .comment       0x0000004c       0x27 /usr/lib/gcc/arm-none-eabi/14.2.1/../../../arm-none-eabi/lib/thumb/v7e-m+fp/hard/libnosys.a(close.o)
 .comment       0x0000004c       0x27 /usr/lib/gcc/arm-none-eabi/14.2.1/../../../arm-none-eabi/lib/thumb/v7e-m+fp/hard/libnosys.a(fstat.o)
 .comment       0x0000004c       0x27 /usr/lib/gcc/arm-none-eabi/14.2.1/../../../arm-none-eabi/lib/thumb/v7e-m+fp/hard/libnosys.a(getpid.o)
 .comment       0x0000004c       0x27 /usr/lib/gcc/arm-none-eabi/14.2.1/../../../arm-none-eabi/lib/thumb/v7e-m+fp/hard/libnosys.a(isatty.o)
 .comment       0x0000004c       0x27 /usr/lib/gcc/arm-none-eabi/14.2.1/../../../arm-none-eabi/lib/thumb/v7e-m+fp/hard/libnosys.a(kill.o)
 .comment       0x0000004c       0x27 /usr/lib/gcc/arm-none-eabi/14.2.1/../../../arm-none-eabi/lib/thumb/v7e-m+fp/hard/libnosys.a(lseek.o)
 .comment       0x0000004c       0x27 /usr/lib/gcc/arm-none-eabi/14.2.1/../../../arm-none-eabi/lib/thumb/v7e-m+fp/hard/libnosys.a(read.o)
 .comment       0x0000004c       0x27 /usr/lib/gcc/arm-none-eabi/14.2.1/../../../arm-none-eabi/lib/thumb/v7e-m+fp/hard/libnosys.a(sbrk.o)
 .comment       0x0000004c       0x27 /usr/lib/gcc/arm-none-eabi/14.2.1/../../../arm-none-eabi/lib/thumb/v7e-m+fp/hard/libnosys.a(write.o)
 .comment       0x0000004c       0x27 /usr/lib/gcc/arm-none-eabi/14.2.1/../../../arm-none-eabi/lib/thumb/v7e-m+fp/hard/libnosys.a(_exit.o)

.debug_info     0x00000000    0x1dda4
 .debug_info    0x00000000      0x148 /usr/lib/gcc/arm-none-eabi/14.2.1/../../../arm-none-eabi/lib/thumb/v7e-m+fp/hard/libc_nano.a(libc_a-memmove.o)
 .debug_info    0x00000148     0x1eb3 /usr/lib/gcc/arm-none-eabi/14.2.1/../../../arm-none-eabi/lib/thumb/v7e-m+fp/hard/libc_nano.a(libc_a-strtod.o)
 .debug_info    0x00001ffb     0x1232 /usr/lib/gcc/arm-none-eabi/14.2.1/../../../arm-none-eabi/lib/thumb/v7e-m+fp/hard/libc_nano.a(libc_a-gdtoa-gethex.o)
 .debug_info    0x0000322d      0xcd9 /usr/lib/gcc/arm-none-eabi/14.2.1/../../../arm-none-eabi/lib/thumb/v7e-m+fp/hard/libc_nano.a(libc_a-strtoul.o)
 .debug_info    0x00003f06      0x889 /usr/lib/gcc/arm-none-eabi/14.2.1/../../../arm-none-eabi/lib/thumb/v7e-m+fp/hard/libc_nano.a(libc_a-strstr.o)
 .debug_info    0x0000478f      0x135 /usr/lib/gcc/arm-none-eabi/14.2.1/../../../arm-none-eabi/lib/thumb/v7e-m+fp/hard/libc_nano.a(libc_a-memset.o)
 .debug_info    0x000048c4      0x12b /usr/lib/gcc/arm-none-eabi/14.2.1/../../../arm-none-eabi/lib/thumb/v7e-m+fp/hard/libc_nano.a(libc_a-memcmp.o)
 .debug_info    0x000049ef       0x33 /usr/lib/gcc/arm-none-eabi/14.2.1/../../../arm-none-eabi/lib/thumb/v7e-m+fp/hard/libc_nano.a(libc_a-strcmp.o)
 .debug_info    0x00004a22      0x108 /usr/lib/gcc/arm-none-eabi/14.2.1/../../../arm-none-eabi/lib/thumb/v7e-m+fp/hard/libc_nano.a(libc_a-strncmp.o)
 .debug_info    0x00004b2a      0xbb9 /usr/lib/gcc/arm-none-eabi/14.2.1/../../../arm-none-eabi/lib/thumb/v7e-m+fp/hard/libc_nano.a(libc_a-locale.o)
 .debug_info    0x000056e3       0x33 /usr/lib/gcc/arm-none-eabi/14.2.1/../../../arm-none-eabi/lib/thumb/v7e-m+fp/hard/libc_nano.a(libc_a-memcpy.o)
 .debug_info    0x00005716      0xa6c /usr/lib/gcc/arm-none-eabi/14.2.1/../../../arm-none-eabi/lib/thumb/v7e-m+fp/hard/libc_nano.a(libc_a-wctomb_r.o)
 .debug_info    0x00006182      0x70b /usr/lib/gcc/arm-none-eabi/14.2.1/../../../arm-none-eabi/lib/thumb/v7e-m+fp/hard/libc_nano.a(libc_a-impure.o)
 .debug_info    0x0000688d       0x33 /usr/lib/gcc/arm-none-eabi/14.2.1/../../../arm-none-eabi/lib/thumb/v7e-m+fp/hard/libc_nano.a(libc_a-strlen.o)
 .debug_info    0x000068c0       0xe1 /usr/lib/gcc/arm-none-eabi/14.2.1/../../../arm-none-eabi/lib/thumb/v7e-m+fp/hard/libc_nano.a(libc_a-strnlen.o)
 .debug_info    0x000069a1       0xb9 /usr/lib/gcc/arm-none-eabi/14.2.1/../../../arm-none-eabi/lib/thumb/v7e-m+fp/hard/libc_nano.a(libc_a-ctype_.o)
 .debug_info    0x00006a5a      0x8ff /usr/lib/gcc/arm-none-eabi/14.2.1/../../../arm-none-eabi/lib/thumb/v7e-m+fp/hard/libc_nano.a(libc_a-snprintf.o)
 .debug_info    0x00007359       0x25 /usr/lib/gcc/arm-none-eabi/14.2.1/../../../arm-none-eabi/lib/thumb/v7e-m+fp/hard/libc_nano.a(libc_a-memchr.o)
 .debug_info    0x0000737e      0x3d2 /usr/lib/gcc/arm-none-eabi/14.2.1/../../../arm-none-eabi/lib/thumb/v7e-m+fp/hard/libc_nano.a(libc_a-gdtoa-hexnan.o)
 .debug_info    0x00007750       0xcd /usr/lib/gcc/arm-none-eabi/14.2.1/../../../arm-none-eabi/lib/thumb/v7e-m+fp/hard/libc_nano.a(libm_a-s_nan.o)
 .debug_info    0x0000781d       0xc9 /usr/lib/gcc/arm-none-eabi/14.2.1/../../../arm-none-eabi/lib/thumb/v7e-m+fp/hard/libc_nano.a(libm_a-sf_nan.o)
 .debug_info    0x000078e6      0x825 /usr/lib/gcc/arm-none-eabi/14.2.1/../../../arm-none-eabi/lib/thumb/v7e-m+fp/hard/libc_nano.a(libc_a-assert.o)
 .debug_info    0x0000810b     0x1f25 /usr/lib/gcc/arm-none-eabi/14.2.1/../../../arm-none-eabi/lib/thumb/v7e-m+fp/hard/libc_nano.a(libc_a-mprec.o)
 .debug_info    0x0000a030      0x6f1 /usr/lib/gcc/arm-none-eabi/14.2.1/../../../arm-none-eabi/lib/thumb/v7e-m+fp/hard/libc_nano.a(libc_a-errno.o)
 .debug_info    0x0000a721      0x130 /usr/lib/gcc/arm-none-eabi/14.2.1/../../../arm-none-eabi/lib/thumb/v7e-m+fp/hard/libc_nano.a(libc_a-strchr.o)
 .debug_info    0x0000a851     0x1092 /usr/lib/gcc/arm-none-eabi/14.2.1/../../../arm-none-eabi/lib/thumb/v7e-m+fp/hard/libc_nano.a(libc_a-nano-svfprintf.o)
 .debug_info    0x0000b8e3      0xab0 /usr/lib/gcc/arm-none-eabi/14.2.1/../../../arm-none-eabi/lib/thumb/v7e-m+fp/hard/libc_nano.a(libc_a-mbtowc_r.o)
 .debug_info    0x0000c393      0xe8c /usr/lib/gcc/arm-none-eabi/14.2.1/../../../arm-none-eabi/lib/thumb/v7e-m+fp/hard/libc_nano.a(libc_a-findfp.o)
 .debug_info    0x0000d21f       0xd8 /usr/lib/gcc/arm-none-eabi/14.2.1/../../../arm-none-eabi/lib/thumb/v7e-m+fp/hard/libc_nano.a(libc_a-abort.o)
 .debug_info    0x0000d2f7      0xa33 /usr/lib/gcc/arm-none-eabi/14.2.1/../../../arm-none-eabi/lib/thumb/v7e-m+fp/hard/libc_nano.a(libc_a-fflush.o)
 .debug_info    0x0000dd2a      0x7c9 /usr/lib/gcc/arm-none-eabi/14.2.1/../../../arm-none-eabi/lib/thumb/v7e-m+fp/hard/libc_nano.a(libc_a-callocr.o)
 .debug_info    0x0000e4f3      0x9b6 /usr/lib/gcc/arm-none-eabi/14.2.1/../../../arm-none-eabi/lib/thumb/v7e-m+fp/hard/libc_nano.a(libc_a-mallocr.o)
 .debug_info    0x0000eea9      0x87f /usr/lib/gcc/arm-none-eabi/14.2.1/../../../arm-none-eabi/lib/thumb/v7e-m+fp/hard/libc_nano.a(libc_a-freer.o)
 .debug_info    0x0000f728      0x7c8 /usr/lib/gcc/arm-none-eabi/14.2.1/../../../arm-none-eabi/lib/thumb/v7e-m+fp/hard/libc_nano.a(libc_a-fwalk.o)
 .debug_info    0x0000fef0      0x796 /usr/lib/gcc/arm-none-eabi/14.2.1/../../../arm-none-eabi/lib/thumb/v7e-m+fp/hard/libc_nano.a(libc_a-malloc.o)
 .debug_info    0x00010686      0x85d /usr/lib/gcc/arm-none-eabi/14.2.1/../../../arm-none-eabi/lib/thumb/v7e-m+fp/hard/libc_nano.a(libc_a-fprintf.o)
 .debug_info    0x00010ee3      0x8cd /usr/lib/gcc/arm-none-eabi/14.2.1/../../../arm-none-eabi/lib/thumb/v7e-m+fp/hard/libc_nano.a(libc_a-reallocr.o)
 .debug_info    0x000117b0      0xdd7 /usr/lib/gcc/arm-none-eabi/14.2.1/../../../arm-none-eabi/lib/thumb/v7e-m+fp/hard/libc_nano.a(libc_a-nano-vfprintf_i.o)
 .debug_info    0x00012587      0x71c /usr/lib/gcc/arm-none-eabi/14.2.1/../../../arm-none-eabi/lib/thumb/v7e-m+fp/hard/libc_nano.a(libc_a-mlock.o)
 .debug_info    0x00012ca3      0xc39 /usr/lib/gcc/arm-none-eabi/14.2.1/../../../arm-none-eabi/lib/thumb/v7e-m+fp/hard/libc_nano.a(libc_a-signal.o)
 .debug_info    0x000138dc     0x108a /usr/lib/gcc/arm-none-eabi/14.2.1/../../../arm-none-eabi/lib/thumb/v7e-m+fp/hard/libc_nano.a(libc_a-nano-vfprintf.o)
 .debug_info    0x00014966      0x778 /usr/lib/gcc/arm-none-eabi/14.2.1/../../../arm-none-eabi/lib/thumb/v7e-m+fp/hard/libc_nano.a(libc_a-sbrkr.o)
 .debug_info    0x000150de      0xa80 /usr/lib/gcc/arm-none-eabi/14.2.1/../../../arm-none-eabi/lib/thumb/v7e-m+fp/hard/libc_nano.a(libc_a-stdio.o)
 .debug_info    0x00015b5e      0x78a /usr/lib/gcc/arm-none-eabi/14.2.1/../../../arm-none-eabi/lib/thumb/v7e-m+fp/hard/libc_nano.a(libc_a-msizer.o)
 .debug_info    0x000162e8      0x7b5 /usr/lib/gcc/arm-none-eabi/14.2.1/../../../arm-none-eabi/lib/thumb/v7e-m+fp/hard/libc_nano.a(libc_a-readr.o)
 .debug_info    0x00016a9d      0xaf1 /usr/lib/gcc/arm-none-eabi/14.2.1/../../../arm-none-eabi/lib/thumb/v7e-m+fp/hard/libc_nano.a(libc_a-fvwrite.o)
 .debug_info    0x0001758e      0x7bb /usr/lib/gcc/arm-none-eabi/14.2.1/../../../arm-none-eabi/lib/thumb/v7e-m+fp/hard/libc_nano.a(libc_a-writer.o)
 .debug_info    0x00017d49      0x753 /usr/lib/gcc/arm-none-eabi/14.2.1/../../../arm-none-eabi/lib/thumb/v7e-m+fp/hard/libc_nano.a(libc_a-closer.o)
 .debug_info    0x0001849c      0x79e /usr/lib/gcc/arm-none-eabi/14.2.1/../../../arm-none-eabi/lib/thumb/v7e-m+fp/hard/libc_nano.a(libc_a-lseekr.o)
 .debug_info    0x00018c3a      0x7b1 /usr/lib/gcc/arm-none-eabi/14.2.1/../../../arm-none-eabi/lib/thumb/v7e-m+fp/hard/libc_nano.a(libc_a-wsetup.o)
 .debug_info    0x000193eb      0x863 /usr/lib/gcc/arm-none-eabi/14.2.1/../../../arm-none-eabi/lib/thumb/v7e-m+fp/hard/libc_nano.a(libc_a-wbuf.o)
 .debug_info    0x00019c4e      0x89f /usr/lib/gcc/arm-none-eabi/14.2.1/../../../arm-none-eabi/lib/thumb/v7e-m+fp/hard/libc_nano.a(libc_a-reent.o)
 .debug_info    0x0001a4ed      0xbe6 /usr/lib/gcc/arm-none-eabi/14.2.1/../../../arm-none-eabi/lib/thumb/v7e-m+fp/hard/libc_nano.a(libc_a-makebuf.o)
 .debug_info    0x0001b0d3      0x7e0 /usr/lib/gcc/arm-none-eabi/14.2.1/../../../arm-none-eabi/lib/thumb/v7e-m+fp/hard/libc_nano.a(libc_a-signalr.o)
 .debug_info    0x0001b8b3      0x977 /usr/lib/gcc/arm-none-eabi/14.2.1/../../../arm-none-eabi/lib/thumb/v7e-m+fp/hard/libc_nano.a(libc_a-fstatr.o)
 .debug_info    0x0001c22a      0x753 /usr/lib/gcc/arm-none-eabi/14.2.1/../../../arm-none-eabi/lib/thumb/v7e-m+fp/hard/libc_nano.a(libc_a-isattyr.o)
 .debug_info    0x0001c97d       0xd3 /usr/lib/gcc/arm-none-eabi/14.2.1/thumb/v7e-m+fp/hard/libgcc.a(_arm_addsubdf3.o)
 .debug_info    0x0001ca50       0x57 /usr/lib/gcc/arm-none-eabi/14.2.1/thumb/v7e-m+fp/hard/libgcc.a(_arm_muldivdf3.o)
 .debug_info    0x0001caa7       0xdf /usr/lib/gcc/arm-none-eabi/14.2.1/thumb/v7e-m+fp/hard/libgcc.a(_arm_cmpdf2.o)
 .debug_info    0x0001cb86       0x3c /usr/lib/gcc/arm-none-eabi/14.2.1/thumb/v7e-m+fp/hard/libgcc.a(_arm_unorddf2.o)
 .debug_info    0x0001cbc2       0x3c /usr/lib/gcc/arm-none-eabi/14.2.1/thumb/v7e-m+fp/hard/libgcc.a(_arm_fixunsdfsi.o)
 .debug_info    0x0001cbfe       0x3f /usr/lib/gcc/arm-none-eabi/14.2.1/thumb/v7e-m+fp/hard/libgcc.a(_arm_truncdfsf2.o)
 .debug_info    0x0001cc3d      0x32f /usr/lib/gcc/arm-none-eabi/14.2.1/thumb/v7e-m+fp/hard/libgcc.a(_fixdfdi.o)
 .debug_info    0x0001cf6c      0x374 /usr/lib/gcc/arm-none-eabi/14.2.1/thumb/v7e-m+fp/hard/libgcc.a(_fixunsdfdi.o)
 .debug_info    0x0001d2e0       0xde /usr/lib/gcc/arm-none-eabi/14.2.1/../../../arm-none-eabi/lib/thumb/v7e-m+fp/hard/libnosys.a(close.o)
 .debug_info    0x0001d3be      0x2f7 /usr/lib/gcc/arm-none-eabi/14.2.1/../../../arm-none-eabi/lib/thumb/v7e-m+fp/hard/libnosys.a(fstat.o)